Archive member included to satisfy reference by file (symbol)

d:/mounriver/mounriver_studio/toolchain/risc-v embedded gcc/bin/../lib/gcc/riscv-none-embed/8.2.0/rv32imacxw/ilp32\libgcc.a(save-restore.o)
                              ./Components/easy_bootloader.o (__riscv_save_12)
d:/mounriver/mounriver_studio/toolchain/risc-v embedded gcc/bin/../lib/gcc/riscv-none-embed/8.2.0/../../../../riscv-none-embed/lib/rv32imacxw/ilp32\libg_nano.a(lib_a-assert.o)
                              ./Components/ringbuffer.o (__assert_func)
d:/mounriver/mounriver_studio/toolchain/risc-v embedded gcc/bin/../lib/gcc/riscv-none-embed/8.2.0/../../../../riscv-none-embed/lib/rv32imacxw/ilp32\libg_nano.a(lib_a-fprintf.o)
                              d:/mounriver/mounriver_studio/toolchain/risc-v embedded gcc/bin/../lib/gcc/riscv-none-embed/8.2.0/../../../../riscv-none-embed/lib/rv32imacxw/ilp32\libg_nano.a(lib_a-assert.o) (fiprintf)
d:/mounriver/mounriver_studio/toolchain/risc-v embedded gcc/bin/../lib/gcc/riscv-none-embed/8.2.0/../../../../riscv-none-embed/lib/rv32imacxw/ilp32\libg_nano.a(lib_a-impure.o)
                              d:/mounriver/mounriver_studio/toolchain/risc-v embedded gcc/bin/../lib/gcc/riscv-none-embed/8.2.0/../../../../riscv-none-embed/lib/rv32imacxw/ilp32\libg_nano.a(lib_a-assert.o) (_impure_ptr)
d:/mounriver/mounriver_studio/toolchain/risc-v embedded gcc/bin/../lib/gcc/riscv-none-embed/8.2.0/../../../../riscv-none-embed/lib/rv32imacxw/ilp32\libg_nano.a(lib_a-memcpy.o)
                              ./Components/boot_port_ch32v307.o (memcpy)
d:/mounriver/mounriver_studio/toolchain/risc-v embedded gcc/bin/../lib/gcc/riscv-none-embed/8.2.0/../../../../riscv-none-embed/lib/rv32imacxw/ilp32\libg_nano.a(lib_a-memmove.o)
                              ./Components/easy_bootloader.o (memmove)
d:/mounriver/mounriver_studio/toolchain/risc-v embedded gcc/bin/../lib/gcc/riscv-none-embed/8.2.0/../../../../riscv-none-embed/lib/rv32imacxw/ilp32\libg_nano.a(lib_a-memset.o)
                              ./Components/easy_bootloader.o (memset)
d:/mounriver/mounriver_studio/toolchain/risc-v embedded gcc/bin/../lib/gcc/riscv-none-embed/8.2.0/../../../../riscv-none-embed/lib/rv32imacxw/ilp32\libg_nano.a(lib_a-nano-vfprintf.o)
                              d:/mounriver/mounriver_studio/toolchain/risc-v embedded gcc/bin/../lib/gcc/riscv-none-embed/8.2.0/../../../../riscv-none-embed/lib/rv32imacxw/ilp32\libg_nano.a(lib_a-fprintf.o) (_vfprintf_r)
d:/mounriver/mounriver_studio/toolchain/risc-v embedded gcc/bin/../lib/gcc/riscv-none-embed/8.2.0/../../../../riscv-none-embed/lib/rv32imacxw/ilp32\libg_nano.a(lib_a-nano-vfprintf_i.o)
                              d:/mounriver/mounriver_studio/toolchain/risc-v embedded gcc/bin/../lib/gcc/riscv-none-embed/8.2.0/../../../../riscv-none-embed/lib/rv32imacxw/ilp32\libg_nano.a(lib_a-nano-vfprintf.o) (_printf_i)
d:/mounriver/mounriver_studio/toolchain/risc-v embedded gcc/bin/../lib/gcc/riscv-none-embed/8.2.0/../../../../riscv-none-embed/lib/rv32imacxw/ilp32\libg_nano.a(lib_a-vsnprintf.o)
                              ./Myapp/myuart.o (vsnprintf)
d:/mounriver/mounriver_studio/toolchain/risc-v embedded gcc/bin/../lib/gcc/riscv-none-embed/8.2.0/../../../../riscv-none-embed/lib/rv32imacxw/ilp32\libg_nano.a(lib_a-wbuf.o)
                              d:/mounriver/mounriver_studio/toolchain/risc-v embedded gcc/bin/../lib/gcc/riscv-none-embed/8.2.0/../../../../riscv-none-embed/lib/rv32imacxw/ilp32\libg_nano.a(lib_a-nano-vfprintf.o) (__swbuf_r)
d:/mounriver/mounriver_studio/toolchain/risc-v embedded gcc/bin/../lib/gcc/riscv-none-embed/8.2.0/../../../../riscv-none-embed/lib/rv32imacxw/ilp32\libg_nano.a(lib_a-wsetup.o)
                              d:/mounriver/mounriver_studio/toolchain/risc-v embedded gcc/bin/../lib/gcc/riscv-none-embed/8.2.0/../../../../riscv-none-embed/lib/rv32imacxw/ilp32\libg_nano.a(lib_a-nano-vfprintf.o) (__swsetup_r)
d:/mounriver/mounriver_studio/toolchain/risc-v embedded gcc/bin/../lib/gcc/riscv-none-embed/8.2.0/../../../../riscv-none-embed/lib/rv32imacxw/ilp32\libg_nano.a(lib_a-abort.o)
                              d:/mounriver/mounriver_studio/toolchain/risc-v embedded gcc/bin/../lib/gcc/riscv-none-embed/8.2.0/../../../../riscv-none-embed/lib/rv32imacxw/ilp32\libg_nano.a(lib_a-assert.o) (abort)
d:/mounriver/mounriver_studio/toolchain/risc-v embedded gcc/bin/../lib/gcc/riscv-none-embed/8.2.0/../../../../riscv-none-embed/lib/rv32imacxw/ilp32\libg_nano.a(lib_a-fflush.o)
                              d:/mounriver/mounriver_studio/toolchain/risc-v embedded gcc/bin/../lib/gcc/riscv-none-embed/8.2.0/../../../../riscv-none-embed/lib/rv32imacxw/ilp32\libg_nano.a(lib_a-wbuf.o) (_fflush_r)
d:/mounriver/mounriver_studio/toolchain/risc-v embedded gcc/bin/../lib/gcc/riscv-none-embed/8.2.0/../../../../riscv-none-embed/lib/rv32imacxw/ilp32\libg_nano.a(lib_a-findfp.o)
[...]
Memory Configuration

Name             Origin             Length             Attributes
FLASH            0x0000000000000000 0x0000000000006000 xr
RAM              0x0000000020000000 0x0000000000010000 xrw
*default*        0x0000000000000000 0xffffffffffffffff

Linker script and memory map

LOAD ./User/ch32v30x_it.o
LOAD ./User/main.o
LOAD ./User/system_ch32v30x.o
LOAD ./Startup/startup_ch32v30x_D8C.o
LOAD ./Peripheral/src/ch32v30x_adc.o
LOAD ./Peripheral/src/ch32v30x_bkp.o
LOAD ./Peripheral/src/ch32v30x_can.o
LOAD ./Peripheral/src/ch32v30x_crc.o
LOAD ./Peripheral/src/ch32v30x_dac.o
LOAD ./Peripheral/src/ch32v30x_dbgmcu.o
LOAD ./Peripheral/src/ch32v30x_dma.o
LOAD ./Peripheral/src/ch32v30x_dvp.o
LOAD ./Peripheral/src/ch32v30x_eth.o
LOAD ./Peripheral/src/ch32v30x_exti.o
LOAD ./Peripheral/src/ch32v30x_flash.o
LOAD ./Peripheral/src/ch32v30x_fsmc.o
LOAD ./Peripheral/src/ch32v30x_gpio.o
LOAD ./Peripheral/src/ch32v30x_i2c.o
LOAD ./Peripheral/src/ch32v30x_iwdg.o
LOAD ./Peripheral/src/ch32v30x_misc.o
LOAD ./Peripheral/src/ch32v30x_opa.o
LOAD ./Peripheral/src/ch32v30x_pwr.o
LOAD ./Peripheral/src/ch32v30x_rcc.o
LOAD ./Peripheral/src/ch32v30x_rng.o
LOAD ./Peripheral/src/ch32v30x_rtc.o
LOAD ./Peripheral/src/ch32v30x_sdio.o
LOAD ./Peripheral/src/ch32v30x_spi.o
LOAD ./Peripheral/src/ch32v30x_tim.o
LOAD ./Peripheral/src/ch32v30x_usart.o
LOAD ./Peripheral/src/ch32v30x_wwdg.o
LOAD ./Myapp/mytimer.o
LOAD ./Myapp/myuart.o
LOAD ./Myapp/scheduler.o
LOAD ./Debug/debug.o
LOAD ./Core/core_riscv.o
LOAD ./Components/boot_port_ch32v307.o
LOAD ./Components/easy_bootloader.o
LOAD ./Components/ringbuffer.o
LOAD d:/mounriver/mounriver_studio/toolchain/risc-v embedded gcc/bin/../lib/gcc/riscv-none-embed/8.2.0/../../../../riscv-none-embed/lib/rv32imacxw/ilp32\libm.a
LOAD d:/mounriver/mounriver_studio/toolchain/risc-v embedded gcc/bin/../lib/gcc/riscv-none-embed/8.2.0/rv32imacxw/ilp32\libgcc.a
LOAD d:/mounriver/mounriver_studio/toolchain/risc-v embedded gcc/bin/../lib/gcc/riscv-none-embed/8.2.0/../../../../riscv-none-embed/lib/rv32imacxw/ilp32\libg_nano.a
LOAD d:/mounriver/mounriver_studio/toolchain/risc-v embedded gcc/bin/../lib/gcc/riscv-none-embed/8.2.0/../../../../riscv-none-embed/lib/rv32imacxw/ilp32\libc_nano.a
LOAD d:/mounriver/mounriver_studio/toolchain/risc-v embedded gcc/bin/../lib/gcc/riscv-none-embed/8.2.0/rv32imacxw/ilp32\libgcc.a
START GROUP
LOAD d:/mounriver/mounriver_studio/toolchain/risc-v embedded gcc/bin/../lib/gcc/riscv-none-embed/8.2.0/rv32imacxw/ilp32\libgcc.a
LOAD d:/mounriver/mounriver_studio/toolchain/risc-v embedded gcc/bin/../lib/gcc/riscv-none-embed/8.2.0/../../../../riscv-none-embed/lib/rv32imacxw/ilp32\libc_nano.a
LOAD d:/mounriver/mounriver_studio/toolchain/risc-v embedded gcc/bin/../lib/gcc/riscv-none-embed/8.2.0/../../../../riscv-none-embed/lib/rv32imacxw/ilp32\libnosys.a
END GROUP
START GROUP
LOAD d:/mounriver/mounriver_studio/toolchain/risc-v embedded gcc/bin/../lib/gcc/riscv-none-embed/8.2.0/rv32imacxw/ilp32\libgcc.a
LOAD d:/mounriver/mounriver_studio/toolchain/risc-v embedded gcc/bin/../lib/gcc/riscv-none-embed/8.2.0/../../../../riscv-none-embed/lib/rv32imacxw/ilp32\libc_nano.a
LOAD d:/mounriver/mounriver_studio/toolchain/risc-v embedded gcc/bin/../lib/gcc/riscv-none-embed/8.2.0/../../../../riscv-none-embed/lib/rv32imacxw/ilp32\libnosys.a
END GROUP
                0x0000000000000800                __stack_size = 0x800
                [!provide]                        PROVIDE (_stack_size = __stack_size)

.init           0x0000000000000000        0x4
                0x0000000000000000                _sinit = .
                0x0000000000000000                . = ALIGN (0x4)
 *(SORT_NONE(.init))
 .init          0x0000000000000000        0x4 ./Startup/startup_ch32v30x_D8C.o
                0x0000000000000000                _start
                0x0000000000000004                . = ALIGN (0x4)
                0x0000000000000004                _einit = .

.vector         0x0000000000000004      0x1bc
 *(.vector)
 .vector        0x0000000000000004      0x1a0 ./Startup/startup_ch32v30x_D8C.o
                0x00000000000001c0                . = ALIGN (0x40)
 *fill*         0x00000000000001a4       0x1c 

.text           0x00000000000001c0     0x3404
                0x00000000000001c0                . = ALIGN (0x4)
 *(.text)
 .text          0x00000000000001c0       0x60 d:/mounriver/mounriver_studio/toolchain/risc-v embedded gcc/bin/../lib/gcc/riscv-none-embed/8.2.0/rv32imacxw/ilp32\libgcc.a(save-restore.o)
                0x00000000000001c0                __riscv_save_12
                0x00000000000001c8                __riscv_save_9
                0x00000000000001c8                __riscv_save_11
                0x00000000000001c8                __riscv_save_10
                0x00000000000001c8                __riscv_save_8
                0x00000000000001d6                __riscv_save_4
                0x00000000000001d6                __riscv_save_6
                0x00000000000001d6                __riscv_save_5
                0x00000000000001d6                __riscv_save_7
                0x00000000000001f0                __riscv_save_3
                0x00000000000001f0                __riscv_save_2
                0x00000000000001f0                __riscv_save_1
                0x00000000000001f0                __riscv_save_0
                0x00000000000001fc                __riscv_restore_12
                0x0000000000000200                __riscv_restore_11
                0x0000000000000200                __riscv_restore_9
                0x0000000000000200                __riscv_restore_10
                0x0000000000000200                __riscv_restore_8
                0x000000000000020a                __riscv_restore_5
                0x000000000000020a                __riscv_restore_7
                0x000000000000020a                __riscv_restore_6
                0x000000000000020a                __riscv_restore_4
                0x0000000000000214                __riscv_restore_3
                0x0000000000000214                __riscv_restore_0
                0x0000000000000214                __riscv_restore_2
                0x0000000000000214                __riscv_restore_1
 .text          0x0000000000000220       0xa8 d:/mounriver/mounriver_studio/toolchain/risc-v embedded gcc/bin/../lib/gcc/riscv-none-embed/8.2.0/../../../../riscv-none-embed/lib/rv32imacxw/ilp32\libg_nano.a(lib_a-memset.o)
                0x0000000000000220                memset
 *(.text.*)
 .text.NMI_Handler
                0x00000000000002c8        0x2 ./User/ch32v30x_it.o
                0x00000000000002c8                NMI_Handler
 .text.HardFault_Handler
                0x00000000000002ca       0x10 ./User/ch32v30x_it.o
                0x00000000000002ca                HardFault_Handler
 .text.SW_Handler
                0x00000000000002da        0x6 ./User/ch32v30x_it.o
                0x00000000000002da                SW_Handler
 .text.startup.main
                0x00000000000002e0       0x22 ./User/main.o
                0x00000000000002e0                main
 .text.SystemInit
                0x0000000000000302       0xfa ./User/system_ch32v30x.o
                0x0000000000000302                SystemInit
 .text.SystemCoreClockUpdate
                0x00000000000003fc      0x12e ./User/system_ch32v30x.o
                0x00000000000003fc                SystemCoreClockUpdate
 .text.vector_handler
                0x000000000000052a        0x2 ./Startup/startup_ch32v30x_D8C.o
                0x000000000000052a                EXTI2_IRQHandler
                0x000000000000052a                TIM8_TRG_COM_IRQHandler
                0x000000000000052a                TIM8_CC_IRQHandler
                0x000000000000052a                UART8_IRQHandler
                0x000000000000052a                TIM1_CC_IRQHandler
                0x000000000000052a                SysTick_Handler
                0x000000000000052a                PVD_IRQHandler
                0x000000000000052a                SDIO_IRQHandler
                0x000000000000052a                TIM9_BRK_IRQHandler
                0x000000000000052a                DMA2_Channel8_IRQHandler
                0x000000000000052a                CAN2_RX1_IRQHandler
                0x000000000000052a                EXTI3_IRQHandler
                0x000000000000052a                USBHS_IRQHandler
                0x000000000000052a                DMA2_Channel9_IRQHandler
                0x000000000000052a                TIM10_CC_IRQHandler
                0x000000000000052a                USBFS_IRQHandler
                0x000000000000052a                EXTI0_IRQHandler
                0x000000000000052a                I2C2_EV_IRQHandler
                0x000000000000052a                TIM10_TRG_COM_IRQHandler
                0x000000000000052a                CAN2_SCE_IRQHandler
                0x000000000000052a                ADC1_2_IRQHandler
                0x000000000000052a                Break_Point_Handler
                0x000000000000052a                SPI1_IRQHandler
                0x000000000000052a                TAMPER_IRQHandler
                0x000000000000052a                CAN2_RX0_IRQHandler
                0x000000000000052a                TIM8_UP_IRQHandler
                0x000000000000052a                Ecall_M_Mode_Handler
                0x000000000000052a                DMA2_Channel2_IRQHandler
                0x000000000000052a                DMA1_Channel4_IRQHandler
                0x000000000000052a                TIM9_UP_IRQHandler
                0x000000000000052a                USART3_IRQHandler
                0x000000000000052a                RTC_IRQHandler
                0x000000000000052a                DMA1_Channel7_IRQHandler
                0x000000000000052a                CAN1_RX1_IRQHandler
                0x000000000000052a                DVP_IRQHandler
                0x000000000000052a                UART5_IRQHandler
                0x000000000000052a                TIM4_IRQHandler
                0x000000000000052a                DMA2_Channel1_IRQHandler
                0x000000000000052a                I2C1_EV_IRQHandler
                0x000000000000052a                DMA1_Channel6_IRQHandler
                0x000000000000052a                UART4_IRQHandler
                0x000000000000052a                DMA2_Channel4_IRQHandler
                0x000000000000052a                TIM3_IRQHandler
                0x000000000000052a                RCC_IRQHandler
                0x000000000000052a                TIM1_TRG_COM_IRQHandler
                0x000000000000052a                DMA1_Channel1_IRQHandler
                0x000000000000052a                DMA2_Channel7_IRQHandler
                0x000000000000052a                EXTI15_10_IRQHandler
                0x000000000000052a                TIM7_IRQHandler
                0x000000000000052a                CAN2_TX_IRQHandler
                0x000000000000052a                TIM5_IRQHandler
                0x000000000000052a                EXTI9_5_IRQHandler
                0x000000000000052a                ETH_WKUP_IRQHandler
                0x000000000000052a                SPI2_IRQHandler
                0x000000000000052a                TIM10_BRK_IRQHandler
                0x000000000000052a                TIM9_CC_IRQHandler
                0x000000000000052a                DMA2_Channel5_IRQHandler
                0x000000000000052a                DMA1_Channel5_IRQHandler
                0x000000000000052a                EXTI4_IRQHandler
                0x000000000000052a                USB_LP_CAN1_RX0_IRQHandler
                0x000000000000052a                RNG_IRQHandler
                0x000000000000052a                USB_HP_CAN1_TX_IRQHandler
                0x000000000000052a                DMA1_Channel3_IRQHandler
                0x000000000000052a                ETH_IRQHandler
                0x000000000000052a                TIM1_UP_IRQHandler
                0x000000000000052a                WWDG_IRQHandler
                0x000000000000052a                USBHSWakeup_IRQHandler
                0x000000000000052a                DMA2_Channel11_IRQHandler
                0x000000000000052a                Ecall_U_Mode_Handler
                0x000000000000052a                DMA2_Channel6_IRQHandler
                0x000000000000052a                TIM2_IRQHandler
                0x000000000000052a                TIM1_BRK_IRQHandler
                0x000000000000052a                DMA2_Channel10_IRQHandler
                0x000000000000052a                EXTI1_IRQHandler
                0x000000000000052a                RTCAlarm_IRQHandler
                0x000000000000052a                TIM10_UP_IRQHandler
                0x000000000000052a                TIM9_TRG_COM_IRQHandler
                0x000000000000052a                UART7_IRQHandler
                0x000000000000052a                UART6_IRQHandler
                0x000000000000052a                I2C2_ER_IRQHandler
                0x000000000000052a                DMA1_Channel2_IRQHandler
                0x000000000000052a                TIM8_BRK_IRQHandler
                0x000000000000052a                CAN1_SCE_IRQHandler
                0x000000000000052a                FLASH_IRQHandler
                0x000000000000052a                USART1_IRQHandler
                0x000000000000052a                SPI3_IRQHandler
                0x000000000000052a                I2C1_ER_IRQHandler
                0x000000000000052a                USBWakeUp_IRQHandler
                0x000000000000052a                DMA2_Channel3_IRQHandler
 .text.handle_reset
                0x000000000000052c       0x8a ./Startup/startup_ch32v30x_D8C.o
                0x000000000000052c                handle_reset
 .text.FLASH_Unlock
                0x00000000000005b6       0x1a ./Peripheral/src/ch32v30x_flash.o
                0x00000000000005b6                FLASH_Unlock
 .text.FLASH_Lock
                0x00000000000005d0        0xe ./Peripheral/src/ch32v30x_flash.o
                0x00000000000005d0                FLASH_Lock
 .text.FLASH_ClearFlag
                0x00000000000005de        0x8 ./Peripheral/src/ch32v30x_flash.o
                0x00000000000005de                FLASH_ClearFlag
 .text.FLASH_GetBank1Status
                0x00000000000005e6       0x18 ./Peripheral/src/ch32v30x_flash.o
                0x00000000000005e6                FLASH_GetBank1Status
 .text.FLASH_WaitForLastOperation
                0x00000000000005fe       0x1e ./Peripheral/src/ch32v30x_flash.o
                0x00000000000005fe                FLASH_WaitForLastOperation
 .text.FLASH_ProgramWord
                0x000000000000061c       0x4c ./Peripheral/src/ch32v30x_flash.o
                0x000000000000061c                FLASH_ProgramWord
 .text.FLASH_ErasePage_Fast
                0x0000000000000668       0x2e ./Peripheral/src/ch32v30x_flash.o
                0x0000000000000668                FLASH_ErasePage_Fast
 .text.FLASH_EraseBlock_32K_Fast
                0x0000000000000696       0x30 ./Peripheral/src/ch32v30x_flash.o
                0x0000000000000696                FLASH_EraseBlock_32K_Fast
 .text.GPIO_Init
                0x00000000000006c6       0xc0 ./Peripheral/src/ch32v30x_gpio.o
                0x00000000000006c6                GPIO_Init
 .text.NVIC_PriorityGroupConfig
                0x0000000000000786        0x6 ./Peripheral/src/ch32v30x_misc.o
                0x0000000000000786                NVIC_PriorityGroupConfig
 .text.NVIC_Init
                0x000000000000078c       0x5c ./Peripheral/src/ch32v30x_misc.o
                0x000000000000078c                NVIC_Init
 .text.RCC_DeInit
                0x00000000000007e8       0x52 ./Peripheral/src/ch32v30x_rcc.o
                0x00000000000007e8                RCC_DeInit
 .text.RCC_GetClocksFreq
                0x000000000000083a      0x176 ./Peripheral/src/ch32v30x_rcc.o
                0x000000000000083a                RCC_GetClocksFreq
 .text.RCC_APB2PeriphClockCmd
                0x00000000000009b0       0x1e ./Peripheral/src/ch32v30x_rcc.o
                0x00000000000009b0                RCC_APB2PeriphClockCmd
 .text.RCC_APB1PeriphClockCmd
                0x00000000000009ce       0x1e ./Peripheral/src/ch32v30x_rcc.o
                0x00000000000009ce                RCC_APB1PeriphClockCmd
 .text.RCC_APB2PeriphResetCmd
                0x00000000000009ec       0x1e ./Peripheral/src/ch32v30x_rcc.o
                0x00000000000009ec                RCC_APB2PeriphResetCmd
 .text.RCC_APB1PeriphResetCmd
                0x0000000000000a0a       0x1e ./Peripheral/src/ch32v30x_rcc.o
                0x0000000000000a0a                RCC_APB1PeriphResetCmd
 .text.TIM_TimeBaseInit
                0x0000000000000a28       0xee ./Peripheral/src/ch32v30x_tim.o
                0x0000000000000a28                TIM_TimeBaseInit
 .text.TIM_Cmd  0x0000000000000b16       0x18 ./Peripheral/src/ch32v30x_tim.o
                0x0000000000000b16                TIM_Cmd
 .text.TIM_ITConfig
                0x0000000000000b2e       0x12 ./Peripheral/src/ch32v30x_tim.o
                0x0000000000000b2e                TIM_ITConfig
 .text.TIM_GetITStatus
                0x0000000000000b40       0x18 ./Peripheral/src/ch32v30x_tim.o
                0x0000000000000b40                TIM_GetITStatus
 .text.TIM_ClearITPendingBit
                0x0000000000000b58        0xc ./Peripheral/src/ch32v30x_tim.o
                0x0000000000000b58                TIM_ClearITPendingBit
 .text.USART_DeInit
                0x0000000000000b64       0xce ./Peripheral/src/ch32v30x_usart.o
                0x0000000000000b64                USART_DeInit
 .text.USART_Init
                0x0000000000000c32       0x8e ./Peripheral/src/ch32v30x_usart.o
                0x0000000000000c32                USART_Init
 .text.USART_StructInit
                0x0000000000000cc0       0x18 ./Peripheral/src/ch32v30x_usart.o
                0x0000000000000cc0                USART_StructInit
 .text.USART_Cmd
                0x0000000000000cd8       0x16 ./Peripheral/src/ch32v30x_usart.o
                0x0000000000000cd8                USART_Cmd
 .text.USART_ITConfig
                0x0000000000000cee       0x36 ./Peripheral/src/ch32v30x_usart.o
                0x0000000000000cee                USART_ITConfig
 .text.USART_SendData
                0x0000000000000d24        0x8 ./Peripheral/src/ch32v30x_usart.o
                0x0000000000000d24                USART_SendData
 .text.USART_ReceiveData
                0x0000000000000d2c        0x8 ./Peripheral/src/ch32v30x_usart.o
                0x0000000000000d2c                USART_ReceiveData
 .text.USART_GetFlagStatus
                0x0000000000000d34        0xa ./Peripheral/src/ch32v30x_usart.o
                0x0000000000000d34                USART_GetFlagStatus
 .text.USART_GetITStatus
                0x0000000000000d3e       0x3c ./Peripheral/src/ch32v30x_usart.o
                0x0000000000000d3e                USART_GetITStatus
 .text.TIM6_IRQHandler
                0x0000000000000d7a       0x24 ./Myapp/mytimer.o
                0x0000000000000d7a                TIM6_IRQHandler
 .text.mytim6_init
                0x0000000000000d9e       0x74 ./Myapp/mytimer.o
                0x0000000000000d9e                mytim6_init
 .text.get_uwtick
                0x0000000000000e12        0x6 ./Myapp/mytimer.o
                0x0000000000000e12                get_uwtick
 .text.myuart2_init
                0x0000000000000e18       0xba ./Myapp/myuart.o
                0x0000000000000e18                myuart2_init
 .text.USART2_IRQHandler
                0x0000000000000ed2       0x38 ./Myapp/myuart.o
                0x0000000000000ed2                USART2_IRQHandler
 .text.uart_printf
                0x0000000000000f0a       0x82 ./Myapp/myuart.o
                0x0000000000000f0a                uart_printf
 .text.scheduler_init
                0x0000000000000f8c       0x1c ./Myapp/scheduler.o
                0x0000000000000f8c                scheduler_init
 .text.scheduler_run
                0x0000000000000fa8       0x3c ./Myapp/scheduler.o
                0x0000000000000fa8                scheduler_run
 .text.Delay_Init
                0x0000000000000fe4       0x2a ./Debug/debug.o
                0x0000000000000fe4                Delay_Init
 .text.Delay_Ms
                0x000000000000100e       0x36 ./Debug/debug.o
                0x000000000000100e                Delay_Ms
 .text.USART_Printf_Init
                0x0000000000001044       0x56 ./Debug/debug.o
                0x0000000000001044                USART_Printf_Init
 .text._write   0x000000000000109a       0x3a ./Debug/debug.o
                0x000000000000109a                _write
 .text._sbrk    0x00000000000010d4       0x26 ./Debug/debug.o
                0x00000000000010d4                _sbrk
 .text.boot_port_flash_erase
                0x00000000000010fa       0x7c ./Components/boot_port_ch32v307.o
                0x00000000000010fa                boot_port_flash_erase
 .text.boot_port_flash_write
                0x0000000000001176       0x6a ./Components/boot_port_ch32v307.o
                0x0000000000001176                boot_port_flash_write
 .text.boot_port_flash_read
                0x00000000000011e0       0x18 ./Components/boot_port_ch32v307.o
                0x00000000000011e0                boot_port_flash_read
 .text.boot_port_uart_write
                0x00000000000011f8       0x4c ./Components/boot_port_ch32v307.o
                0x00000000000011f8                boot_port_uart_write
 .text.boot_port_uart_read
                0x0000000000001244       0x40 ./Components/boot_port_ch32v307.o
                0x0000000000001244                boot_port_uart_read
 .text.boot_port_log
                0x0000000000001284       0x52 ./Components/boot_port_ch32v307.o
                0x0000000000001284                boot_port_log
 .text.boot_port_jump_to_app
                0x00000000000012d6       0xb6 ./Components/boot_port_ch32v307.o
                0x00000000000012d6                boot_port_jump_to_app
 .text.boot_port_system_reset
                0x000000000000138c       0x10 ./Components/boot_port_ch32v307.o
                0x000000000000138c                boot_port_system_reset
 .text.bootloader_consume_cache
                0x000000000000139c       0x36 ./Components/easy_bootloader.o
 .text.easy_bootloader_init
                0x00000000000013d2      0x142 ./Components/easy_bootloader.o
                0x00000000000013d2                easy_bootloader_init
 .text.easy_bootloader_run
                0x0000000000001514      0x322 ./Components/easy_bootloader.o
                0x0000000000001514                easy_bootloader_run
 .text.rt_ringbuffer_status
                0x0000000000001836       0x1e ./Components/ringbuffer.o
                0x0000000000001836                rt_ringbuffer_status
 .text.rt_ringbuffer_init
                0x0000000000001854       0x48 ./Components/ringbuffer.o
                0x0000000000001854                rt_ringbuffer_init
 .text.rt_ringbuffer_data_len
                0x000000000000189c       0x3c ./Components/ringbuffer.o
                0x000000000000189c                rt_ringbuffer_data_len
 .text.rt_ringbuffer_put
                0x00000000000018d8       0xb6 ./Components/ringbuffer.o
                0x00000000000018d8                rt_ringbuffer_put
 .text.rt_ringbuffer_get
                0x000000000000198e       0xcc ./Components/ringbuffer.o
                0x000000000000198e                rt_ringbuffer_get
 .text.__assert_func
                0x0000000000001a5a       0x3a d:/mounriver/mounriver_studio/toolchain/risc-v embedded gcc/bin/../lib/gcc/riscv-none-embed/8.2.0/../../../../riscv-none-embed/lib/rv32imacxw/ilp32\libg_nano.a(lib_a-assert.o)
                0x0000000000001a5a                __assert_func
 .text.fprintf  0x0000000000001a94       0x26 d:/mounriver/mounriver_studio/toolchain/risc-v embedded gcc/bin/../lib/gcc/riscv-none-embed/8.2.0/../../../../riscv-none-embed/lib/rv32imacxw/ilp32\libg_nano.a(lib_a-fprintf.o)
                0x0000000000001a94                fiprintf
                0x0000000000001a94                fprintf
 .text.memcpy   0x0000000000001aba       0xb2 d:/mounriver/mounriver_studio/toolchain/risc-v embedded gcc/bin/../lib/gcc/riscv-none-embed/8.2.0/../../../../riscv-none-embed/lib/rv32imacxw/ilp32\libg_nano.a(lib_a-memcpy.o)
                0x0000000000001aba                memcpy
 .text.memmove  0x0000000000001b6c       0x46 d:/mounriver/mounriver_studio/toolchain/risc-v embedded gcc/bin/../lib/gcc/riscv-none-embed/8.2.0/../../../../riscv-none-embed/lib/rv32imacxw/ilp32\libg_nano.a(lib_a-memmove.o)
                0x0000000000001b6c                memmove
 .text.__sfputc_r
                0x0000000000001bb2       0x26 d:/mounriver/mounriver_studio/toolchain/risc-v embedded gcc/bin/../lib/gcc/riscv-none-embed/8.2.0/../../../../riscv-none-embed/lib/rv32imacxw/ilp32\libg_nano.a(lib_a-nano-vfprintf.o)
 .text.__sfputs_r
                0x0000000000001bd8       0x40 d:/mounriver/mounriver_studio/toolchain/risc-v embedded gcc/bin/../lib/gcc/riscv-none-embed/8.2.0/../../../../riscv-none-embed/lib/rv32imacxw/ilp32\libg_nano.a(lib_a-nano-vfprintf.o)
                0x0000000000001bd8                __sfputs_r
 .text._vfprintf_r
                0x0000000000001c18      0x28a d:/mounriver/mounriver_studio/toolchain/risc-v embedded gcc/bin/../lib/gcc/riscv-none-embed/8.2.0/../../../../riscv-none-embed/lib/rv32imacxw/ilp32\libg_nano.a(lib_a-nano-vfprintf.o)
                0x0000000000001c18                _vfprintf_r
                0x0000000000001c18                _vfiprintf_r
 .text._printf_common
                0x0000000000001ea2      0x10c d:/mounriver/mounriver_studio/toolchain/risc-v embedded gcc/bin/../lib/gcc/riscv-none-embed/8.2.0/../../../../riscv-none-embed/lib/rv32imacxw/ilp32\libg_nano.a(lib_a-nano-vfprintf_i.o)
                0x0000000000001ea2                _printf_common
 .text._printf_i
                0x0000000000001fae      0x2a2 d:/mounriver/mounriver_studio/toolchain/risc-v embedded gcc/bin/../lib/gcc/riscv-none-embed/8.2.0/../../../../riscv-none-embed/lib/rv32imacxw/ilp32\libg_nano.a(lib_a-nano-vfprintf_i.o)
                0x0000000000001fae                _printf_i
 .text._vsnprintf_r
                0x0000000000002250       0x5c d:/mounriver/mounriver_studio/toolchain/risc-v embedded gcc/bin/../lib/gcc/riscv-none-embed/8.2.0/../../../../riscv-none-embed/lib/rv32imacxw/ilp32\libg_nano.a(lib_a-vsnprintf.o)
                0x0000000000002250                _vsniprintf_r
                0x0000000000002250                _vsnprintf_r
 .text.vsnprintf
                0x00000000000022ac       0x10 d:/mounriver/mounriver_studio/toolchain/risc-v embedded gcc/bin/../lib/gcc/riscv-none-embed/8.2.0/../../../../riscv-none-embed/lib/rv32imacxw/ilp32\libg_nano.a(lib_a-vsnprintf.o)
                0x00000000000022ac                vsniprintf
                0x00000000000022ac                vsnprintf
 .text.__swbuf_r
                0x00000000000022bc       0xbc d:/mounriver/mounriver_studio/toolchain/risc-v embedded gcc/bin/../lib/gcc/riscv-none-embed/8.2.0/../../../../riscv-none-embed/lib/rv32imacxw/ilp32\libg_nano.a(lib_a-wbuf.o)
                0x00000000000022bc                __swbuf_r
 .text.__swsetup_r
                0x0000000000002378       0xfc d:/mounriver/mounriver_studio/toolchain/risc-v embedded gcc/bin/../lib/gcc/riscv-none-embed/8.2.0/../../../../riscv-none-embed/lib/rv32imacxw/ilp32\libg_nano.a(lib_a-wsetup.o)
                0x0000000000002378                __swsetup_r
 .text.abort    0x0000000000002474       0x10 d:/mounriver/mounriver_studio/toolchain/risc-v embedded gcc/bin/../lib/gcc/riscv-none-embed/8.2.0/../../../../riscv-none-embed/lib/rv32imacxw/ilp32\libg_nano.a(lib_a-abort.o)
                0x0000000000002474                abort
 .text.__sflush_r
                0x0000000000002484      0x130 d:/mounriver/mounriver_studio/toolchain/risc-v embedded gcc/bin/../lib/gcc/riscv-none-embed/8.2.0/../../../../riscv-none-embed/lib/rv32imacxw/ilp32\libg_nano.a(lib_a-fflush.o)
                0x0000000000002484                __sflush_r
 .text._fflush_r
                0x00000000000025b4       0x64 d:/mounriver/mounriver_studio/toolchain/risc-v embedded gcc/bin/../lib/gcc/riscv-none-embed/8.2.0/../../../../riscv-none-embed/lib/rv32imacxw/ilp32\libg_nano.a(lib_a-fflush.o)
                0x00000000000025b4                _fflush_r
 .text.std      0x0000000000002618       0x66 d:/mounriver/mounriver_studio/toolchain/risc-v embedded gcc/bin/../lib/gcc/riscv-none-embed/8.2.0/../../../../riscv-none-embed/lib/rv32imacxw/ilp32\libg_nano.a(lib_a-findfp.o)
 .text._cleanup_r
                0x000000000000267e        0xa d:/mounriver/mounriver_studio/toolchain/risc-v embedded gcc/bin/../lib/gcc/riscv-none-embed/8.2.0/../../../../riscv-none-embed/lib/rv32imacxw/ilp32\libg_nano.a(lib_a-findfp.o)
                0x000000000000267e                _cleanup_r
 .text.__sfmoreglue
                0x0000000000002688       0x46 d:/mounriver/mounriver_studio/toolchain/risc-v embedded gcc/bin/../lib/gcc/riscv-none-embed/8.2.0/../../../../riscv-none-embed/lib/rv32imacxw/ilp32\libg_nano.a(lib_a-findfp.o)
                0x0000000000002688                __sfmoreglue
 .text.__sinit  0x00000000000026ce       0x66 d:/mounriver/mounriver_studio/toolchain/risc-v embedded gcc/bin/../lib/gcc/riscv-none-embed/8.2.0/../../../../riscv-none-embed/lib/rv32imacxw/ilp32\libg_nano.a(lib_a-findfp.o)
                0x00000000000026ce                __sinit
 .text.__sfp    0x0000000000002734       0x9c d:/mounriver/mounriver_studio/toolchain/risc-v embedded gcc/bin/../lib/gcc/riscv-none-embed/8.2.0/../../../../riscv-none-embed/lib/rv32imacxw/ilp32\libg_nano.a(lib_a-findfp.o)
                0x0000000000002734                __sfp
 .text._fwalk_reent
                0x00000000000027d0       0x6a d:/mounriver/mounriver_studio/toolchain/risc-v embedded gcc/bin/../lib/gcc/riscv-none-embed/8.2.0/../../../../riscv-none-embed/lib/rv32imacxw/ilp32\libg_nano.a(lib_a-fwalk.o)
                0x00000000000027d0                _fwalk_reent
 .text.__swhatbuf_r
                0x000000000000283a       0x58 d:/mounriver/mounriver_studio/toolchain/risc-v embedded gcc/bin/../lib/gcc/riscv-none-embed/8.2.0/../../../../riscv-none-embed/lib/rv32imacxw/ilp32\libg_nano.a(lib_a-makebuf.o)
                0x000000000000283a                __swhatbuf_r
 .text.__smakebuf_r
                0x0000000000002892       0x90 d:/mounriver/mounriver_studio/toolchain/risc-v embedded gcc/bin/../lib/gcc/riscv-none-embed/8.2.0/../../../../riscv-none-embed/lib/rv32imacxw/ilp32\libg_nano.a(lib_a-makebuf.o)
                0x0000000000002892                __smakebuf_r
 .text.memchr   0x0000000000002922       0x18 d:/mounriver/mounriver_studio/toolchain/risc-v embedded gcc/bin/../lib/gcc/riscv-none-embed/8.2.0/../../../../riscv-none-embed/lib/rv32imacxw/ilp32\libg_nano.a(lib_a-memchr.o)
                0x0000000000002922                memchr
 .text._free_r  0x000000000000293a       0xa8 d:/mounriver/mounriver_studio/toolchain/risc-v embedded gcc/bin/../lib/gcc/riscv-none-embed/8.2.0/../../../../riscv-none-embed/lib/rv32imacxw/ilp32\libg_nano.a(lib_a-nano-freer.o)
                0x000000000000293a                _free_r
 .text._malloc_r
                0x00000000000029e2       0xce d:/mounriver/mounriver_studio/toolchain/risc-v embedded gcc/bin/../lib/gcc/riscv-none-embed/8.2.0/../../../../riscv-none-embed/lib/rv32imacxw/ilp32\libg_nano.a(lib_a-nano-mallocr.o)
                0x00000000000029e2                _malloc_r
 .text._realloc_r
                0x0000000000002ab0       0x50 d:/mounriver/mounriver_studio/toolchain/risc-v embedded gcc/bin/../lib/gcc/riscv-none-embed/8.2.0/../../../../riscv-none-embed/lib/rv32imacxw/ilp32\libg_nano.a(lib_a-nano-reallocr.o)
                0x0000000000002ab0                _realloc_r
 .text.__ssputs_r
                0x0000000000002b00       0xe0 d:/mounriver/mounriver_studio/toolchain/risc-v embedded gcc/bin/../lib/gcc/riscv-none-embed/8.2.0/../../../../riscv-none-embed/lib/rv32imacxw/ilp32\libg_nano.a(lib_a-nano-svfprintf.o)
                0x0000000000002b00                __ssputs_r
 .text._svfprintf_r
                0x0000000000002be0      0x268 d:/mounriver/mounriver_studio/toolchain/risc-v embedded gcc/bin/../lib/gcc/riscv-none-embed/8.2.0/../../../../riscv-none-embed/lib/rv32imacxw/ilp32\libg_nano.a(lib_a-nano-svfprintf.o)
                0x0000000000002be0                _svfiprintf_r
                0x0000000000002be0                _svfprintf_r
 .text._sbrk_r  0x0000000000002e48       0x2a d:/mounriver/mounriver_studio/toolchain/risc-v embedded gcc/bin/../lib/gcc/riscv-none-embed/8.2.0/../../../../riscv-none-embed/lib/rv32imacxw/ilp32\libg_nano.a(lib_a-sbrkr.o)
                0x0000000000002e48                _sbrk_r
 .text._raise_r
                0x0000000000002e72       0x62 d:/mounriver/mounriver_studio/toolchain/risc-v embedded gcc/bin/../lib/gcc/riscv-none-embed/8.2.0/../../../../riscv-none-embed/lib/rv32imacxw/ilp32\libg_nano.a(lib_a-signal.o)
                0x0000000000002e72                _raise_r
 .text.raise    0x0000000000002ed4        0xa d:/mounriver/mounriver_studio/toolchain/risc-v embedded gcc/bin/../lib/gcc/riscv-none-embed/8.2.0/../../../../riscv-none-embed/lib/rv32imacxw/ilp32\libg_nano.a(lib_a-signal.o)
                0x0000000000002ed4                raise
 .text._kill_r  0x0000000000002ede       0x2a d:/mounriver/mounriver_studio/toolchain/risc-v embedded gcc/bin/../lib/gcc/riscv-none-embed/8.2.0/../../../../riscv-none-embed/lib/rv32imacxw/ilp32\libg_nano.a(lib_a-signalr.o)
                0x0000000000002ede                _kill_r
 .text._getpid_r
                0x0000000000002f08        0x2 d:/mounriver/mounriver_studio/toolchain/risc-v embedded gcc/bin/../lib/gcc/riscv-none-embed/8.2.0/../../../../riscv-none-embed/lib/rv32imacxw/ilp32\libg_nano.a(lib_a-signalr.o)
                0x0000000000002f08                _getpid_r
 .text.__sread  0x0000000000002f0a       0x2c d:/mounriver/mounriver_studio/toolchain/risc-v embedded gcc/bin/../lib/gcc/riscv-none-embed/8.2.0/../../../../riscv-none-embed/lib/rv32imacxw/ilp32\libg_nano.a(lib_a-stdio.o)
                0x0000000000002f0a                __sread
 .text.__swrite
                0x0000000000002f36       0x48 d:/mounriver/mounriver_studio/toolchain/risc-v embedded gcc/bin/../lib/gcc/riscv-none-embed/8.2.0/../../../../riscv-none-embed/lib/rv32imacxw/ilp32\libg_nano.a(lib_a-stdio.o)
                0x0000000000002f36                __swrite
 .text.__sseek  0x0000000000002f7e       0x30 d:/mounriver/mounriver_studio/toolchain/risc-v embedded gcc/bin/../lib/gcc/riscv-none-embed/8.2.0/../../../../riscv-none-embed/lib/rv32imacxw/ilp32\libg_nano.a(lib_a-stdio.o)
                0x0000000000002f7e                __sseek
 .text.__sclose
                0x0000000000002fae        0x6 d:/mounriver/mounriver_studio/toolchain/risc-v embedded gcc/bin/../lib/gcc/riscv-none-embed/8.2.0/../../../../riscv-none-embed/lib/rv32imacxw/ilp32\libg_nano.a(lib_a-stdio.o)
                0x0000000000002fae                __sclose
 .text._write_r
                0x0000000000002fb4       0x2e d:/mounriver/mounriver_studio/toolchain/risc-v embedded gcc/bin/../lib/gcc/riscv-none-embed/8.2.0/../../../../riscv-none-embed/lib/rv32imacxw/ilp32\libg_nano.a(lib_a-writer.o)
                0x0000000000002fb4                _write_r
 .text._close_r
                0x0000000000002fe2       0x28 d:/mounriver/mounriver_studio/toolchain/risc-v embedded gcc/bin/../lib/gcc/riscv-none-embed/8.2.0/../../../../riscv-none-embed/lib/rv32imacxw/ilp32\libg_nano.a(lib_a-closer.o)
                0x0000000000002fe2                _close_r
 .text._fstat_r
                0x000000000000300a       0x2a d:/mounriver/mounriver_studio/toolchain/risc-v embedded gcc/bin/../lib/gcc/riscv-none-embed/8.2.0/../../../../riscv-none-embed/lib/rv32imacxw/ilp32\libg_nano.a(lib_a-fstatr.o)
                0x000000000000300a                _fstat_r
 .text._isatty_r
                0x0000000000003034       0x28 d:/mounriver/mounriver_studio/toolchain/risc-v embedded gcc/bin/../lib/gcc/riscv-none-embed/8.2.0/../../../../riscv-none-embed/lib/rv32imacxw/ilp32\libg_nano.a(lib_a-isattyr.o)
                0x0000000000003034                _isatty_r
 .text._lseek_r
                0x000000000000305c       0x2c d:/mounriver/mounriver_studio/toolchain/risc-v embedded gcc/bin/../lib/gcc/riscv-none-embed/8.2.0/../../../../riscv-none-embed/lib/rv32imacxw/ilp32\libg_nano.a(lib_a-lseekr.o)
                0x000000000000305c                _lseek_r
 .text.__malloc_lock
                0x0000000000003088        0x2 d:/mounriver/mounriver_studio/toolchain/risc-v embedded gcc/bin/../lib/gcc/riscv-none-embed/8.2.0/../../../../riscv-none-embed/lib/rv32imacxw/ilp32\libg_nano.a(lib_a-mlock.o)
                0x0000000000003088                __malloc_lock
 .text.__malloc_unlock
                0x000000000000308a        0x2 d:/mounriver/mounriver_studio/toolchain/risc-v embedded gcc/bin/../lib/gcc/riscv-none-embed/8.2.0/../../../../riscv-none-embed/lib/rv32imacxw/ilp32\libg_nano.a(lib_a-mlock.o)
                0x000000000000308a                __malloc_unlock
 .text._malloc_usable_size_r
                0x000000000000308c       0x14 d:/mounriver/mounriver_studio/toolchain/risc-v embedded gcc/bin/../lib/gcc/riscv-none-embed/8.2.0/../../../../riscv-none-embed/lib/rv32imacxw/ilp32\libg_nano.a(lib_a-nano-msizer.o)
                0x000000000000308c                _malloc_usable_size_r
 .text._read_r  0x00000000000030a0       0x2c d:/mounriver/mounriver_studio/toolchain/risc-v embedded gcc/bin/../lib/gcc/riscv-none-embed/8.2.0/../../../../riscv-none-embed/lib/rv32imacxw/ilp32\libg_nano.a(lib_a-readr.o)
                0x00000000000030a0                _read_r
 .text._close   0x00000000000030cc        0xc d:/mounriver/mounriver_studio/toolchain/risc-v embedded gcc/bin/../lib/gcc/riscv-none-embed/8.2.0/../../../../riscv-none-embed/lib/rv32imacxw/ilp32\libnosys.a(close.o)
                0x00000000000030cc                _close
 .text._fstat   0x00000000000030d8        0xc d:/mounriver/mounriver_studio/toolchain/risc-v embedded gcc/bin/../lib/gcc/riscv-none-embed/8.2.0/../../../../riscv-none-embed/lib/rv32imacxw/ilp32\libnosys.a(fstat.o)
                0x00000000000030d8                _fstat
 .text._getpid  0x00000000000030e4        0xc d:/mounriver/mounriver_studio/toolchain/risc-v embedded gcc/bin/../lib/gcc/riscv-none-embed/8.2.0/../../../../riscv-none-embed/lib/rv32imacxw/ilp32\libnosys.a(getpid.o)
                0x00000000000030e4                _getpid
 .text._isatty  0x00000000000030f0        0xc d:/mounriver/mounriver_studio/toolchain/risc-v embedded gcc/bin/../lib/gcc/riscv-none-embed/8.2.0/../../../../riscv-none-embed/lib/rv32imacxw/ilp32\libnosys.a(isatty.o)
                0x00000000000030f0                _isatty
 .text._kill    0x00000000000030fc        0xc d:/mounriver/mounriver_studio/toolchain/risc-v embedded gcc/bin/../lib/gcc/riscv-none-embed/8.2.0/../../../../riscv-none-embed/lib/rv32imacxw/ilp32\libnosys.a(kill.o)
                0x00000000000030fc                _kill
 .text._lseek   0x0000000000003108        0xc d:/mounriver/mounriver_studio/toolchain/risc-v embedded gcc/bin/../lib/gcc/riscv-none-embed/8.2.0/../../../../riscv-none-embed/lib/rv32imacxw/ilp32\libnosys.a(lseek.o)
                0x0000000000003108                _lseek
 .text._read    0x0000000000003114        0xc d:/mounriver/mounriver_studio/toolchain/risc-v embedded gcc/bin/../lib/gcc/riscv-none-embed/8.2.0/../../../../riscv-none-embed/lib/rv32imacxw/ilp32\libnosys.a(read.o)
                0x0000000000003114                _read
 .text._exit    0x0000000000003120        0x2 d:/mounriver/mounriver_studio/toolchain/risc-v embedded gcc/bin/../lib/gcc/riscv-none-embed/8.2.0/../../../../riscv-none-embed/lib/rv32imacxw/ilp32\libnosys.a(_exit.o)
                0x0000000000003120                _exit
 *(.rodata)
 *(.rodata*)
 *fill*         0x0000000000003122        0x2 
 .rodata.boot_port_log.str1.4
                0x0000000000003124        0x3 ./Components/boot_port_ch32v307.o
 *fill*         0x0000000000003127        0x1 
 .rodata.easy_bootloader_init.str1.4
                0x0000000000003128      0x218 ./Components/easy_bootloader.o
 .rodata.easy_bootloader_run.str1.4
                0x0000000000003340      0x127 ./Components/easy_bootloader.o
 *fill*         0x0000000000003467        0x1 
 .rodata.__func__.2857
                0x0000000000003468       0x13 ./Components/ringbuffer.o
 *fill*         0x000000000000347b        0x1 
 .rodata.__func__.2864
                0x000000000000347c       0x12 ./Components/ringbuffer.o
 *fill*         0x000000000000348e        0x2 
 .rodata.__func__.2878
                0x0000000000003490       0x12 ./Components/ringbuffer.o
 *fill*         0x00000000000034a2        0x2 
 .rodata.rt_ringbuffer_init.str1.4
                0x00000000000034a4       0x31 ./Components/ringbuffer.o
 *fill*         0x00000000000034d5        0x3 
 .rodata.rt_ringbuffer_putchar_force.str1.4
                0x00000000000034d8        0xe ./Components/ringbuffer.o
 *fill*         0x00000000000034e6        0x2 
 .rodata.__assert_func.str1.4
                0x00000000000034e8       0x3f d:/mounriver/mounriver_studio/toolchain/risc-v embedded gcc/bin/../lib/gcc/riscv-none-embed/8.2.0/../../../../riscv-none-embed/lib/rv32imacxw/ilp32\libg_nano.a(lib_a-assert.o)
                                         0x43 (size before relaxing)
 *fill*         0x0000000000003527        0x1 
 .rodata._vfprintf_r.str1.4
                0x0000000000003528       0x13 d:/mounriver/mounriver_studio/toolchain/risc-v embedded gcc/bin/../lib/gcc/riscv-none-embed/8.2.0/../../../../riscv-none-embed/lib/rv32imacxw/ilp32\libg_nano.a(lib_a-nano-vfprintf.o)
 *fill*         0x000000000000353b        0x1 
 .rodata._printf_i.str1.4
                0x000000000000353c       0x28 d:/mounriver/mounriver_studio/toolchain/risc-v embedded gcc/bin/../lib/gcc/riscv-none-embed/8.2.0/../../../../riscv-none-embed/lib/rv32imacxw/ilp32\libg_nano.a(lib_a-nano-vfprintf_i.o)
                                         0x25 (size before relaxing)
 .rodata.__sf_fake_stderr
                0x0000000000003564       0x20 d:/mounriver/mounriver_studio/toolchain/risc-v embedded gcc/bin/../lib/gcc/riscv-none-embed/8.2.0/../../../../riscv-none-embed/lib/rv32imacxw/ilp32\libg_nano.a(lib_a-findfp.o)
                0x0000000000003564                __sf_fake_stderr
 .rodata.__sf_fake_stdin
                0x0000000000003584       0x20 d:/mounriver/mounriver_studio/toolchain/risc-v embedded gcc/bin/../lib/gcc/riscv-none-embed/8.2.0/../../../../riscv-none-embed/lib/rv32imacxw/ilp32\libg_nano.a(lib_a-findfp.o)
                0x0000000000003584                __sf_fake_stdin
 .rodata.__sf_fake_stdout
                0x00000000000035a4       0x20 d:/mounriver/mounriver_studio/toolchain/risc-v embedded gcc/bin/../lib/gcc/riscv-none-embed/8.2.0/../../../../riscv-none-embed/lib/rv32imacxw/ilp32\libg_nano.a(lib_a-findfp.o)
                0x00000000000035a4                __sf_fake_stdout
 .rodata._svfprintf_r.str1.4
                0x00000000000035c4       0x13 d:/mounriver/mounriver_studio/toolchain/risc-v embedded gcc/bin/../lib/gcc/riscv-none-embed/8.2.0/../../../../riscv-none-embed/lib/rv32imacxw/ilp32\libg_nano.a(lib_a-nano-svfprintf.o)
 *(.gnu.linkonce.t.*)
                0x00000000000035d8                . = ALIGN (0x4)

.rela.dyn       0x00000000000035c4        0x0
 .rela.init     0x00000000000035c4        0x0 ./User/ch32v30x_it.o
 .rela.vector   0x00000000000035c4        0x0 ./User/ch32v30x_it.o
 .rela.text.handle_reset
                0x00000000000035c4        0x0 ./User/ch32v30x_it.o
 .rela.text._sbrk
                0x00000000000035c4        0x0 ./User/ch32v30x_it.o
 .rela.sdata.curbrk.5273
                0x00000000000035c4        0x0 ./User/ch32v30x_it.o
 .rela.text._vfprintf_r
                0x00000000000035c4        0x0 ./User/ch32v30x_it.o
 .rela.text._svfprintf_r
                0x00000000000035c4        0x0 ./User/ch32v30x_it.o
 .rela.text._sbrk_r
                0x00000000000035c4        0x0 ./User/ch32v30x_it.o
 .rela.text._kill_r
                0x00000000000035c4        0x0 ./User/ch32v30x_it.o
 .rela.text._write_r
                0x00000000000035c4        0x0 ./User/ch32v30x_it.o
 .rela.text._close_r
                0x00000000000035c4        0x0 ./User/ch32v30x_it.o
 .rela.text._fstat_r
                0x00000000000035c4        0x0 ./User/ch32v30x_it.o
 .rela.text._isatty_r
                0x00000000000035c4        0x0 ./User/ch32v30x_it.o
 .rela.text._lseek_r
                0x00000000000035c4        0x0 ./User/ch32v30x_it.o
 .rela.text._read_r
                0x00000000000035c4        0x0 ./User/ch32v30x_it.o
 .rela.text._close
                0x00000000000035c4        0x0 ./User/ch32v30x_it.o
 .rela.text._fstat
                0x00000000000035c4        0x0 ./User/ch32v30x_it.o
 .rela.text._getpid
                0x00000000000035c4        0x0 ./User/ch32v30x_it.o
 .rela.text._isatty
                0x00000000000035c4        0x0 ./User/ch32v30x_it.o
 .rela.text._kill
                0x00000000000035c4        0x0 ./User/ch32v30x_it.o
 .rela.text._lseek
                0x00000000000035c4        0x0 ./User/ch32v30x_it.o
 .rela.text._read
                0x00000000000035c4        0x0 ./User/ch32v30x_it.o

.fini           0x00000000000035c4        0x0
 *(SORT_NONE(.fini))
                0x00000000000035c4                . = ALIGN (0x4)
                [!provide]                        PROVIDE (_etext = .)
                [!provide]                        PROVIDE (_eitcm = .)

.preinit_array  0x00000000000035c4        0x0
                [!provide]                        PROVIDE (__preinit_array_start = .)
 *(.preinit_array)
                [!provide]                        PROVIDE (__preinit_array_end = .)

.init_array     0x00000000000035c4        0x0
                [!provide]                        PROVIDE (__init_array_start = .)
 *(SORT_BY_INIT_PRIORITY(.init_array.*) SORT_BY_INIT_PRIORITY(.ctors.*))
 *(.init_array EXCLUDE_FILE(*crtend?.o *crtend.o *crtbegin?.o *crtbegin.o) .ctors)
                [!provide]                        PROVIDE (__init_array_end = .)

.fini_array     0x00000000000035c4        0x0
                [!provide]                        PROVIDE (__fini_array_start = .)
 *(SORT_BY_INIT_PRIORITY(.fini_array.*) SORT_BY_INIT_PRIORITY(.dtors.*))
 *(.fini_array EXCLUDE_FILE(*crtend?.o *crtend.o *crtbegin?.o *crtbegin.o) .dtors)
                [!provide]                        PROVIDE (__fini_array_end = .)

.ctors
 *crtbegin.o(.ctors)
 *crtbegin?.o(.ctors)
 *(EXCLUDE_FILE(*crtend?.o *crtend.o) .ctors)
 *(SORT_BY_NAME(.ctors.*))
 *(.ctors)

.dtors
 *crtbegin.o(.dtors)
 *crtbegin?.o(.dtors)
 *(EXCLUDE_FILE(*crtend?.o *crtend.o) .dtors)
 *(SORT_BY_NAME(.dtors.*))
 *(.dtors)

.dalign         0x0000000020000000        0x0 load address 0x00000000000035c4
                0x0000000020000000                . = ALIGN (0x4)
                0x0000000020000000                PROVIDE (_data_vma = .)

.dlalign        0x00000000000035c4        0x0
                0x00000000000035c4                . = ALIGN (0x4)
                0x00000000000035c4                PROVIDE (_data_lma = .)

.data           0x0000000020000000       0xb0 load address 0x00000000000035c4
 *(.gnu.linkonce.r.*)
 *(.data .data.*)
 .data.AHBPrescTable
                0x0000000020000000       0x10 ./User/system_ch32v30x.o
                0x0000000020000000                AHBPrescTable
 .data.APBAHBPrescTable
                0x0000000020000010       0x10 ./Peripheral/src/ch32v30x_rcc.o
 .data.scheduler_task
                0x0000000020000020        0xc ./Myapp/scheduler.o
 .data.impure_data
                0x000000002000002c       0x60 d:/mounriver/mounriver_studio/toolchain/risc-v embedded gcc/bin/../lib/gcc/riscv-none-embed/8.2.0/../../../../riscv-none-embed/lib/rv32imacxw/ilp32\libg_nano.a(lib_a-impure.o)
 *(.gnu.linkonce.d.*)
                0x0000000020000090                . = ALIGN (0x8)
 *fill*         0x000000002000008c        0x4 
                0x0000000020000890                PROVIDE (__global_pointer$ = (. + 0x800))
 *(.sdata .sdata.*)
 .sdata.SystemCoreClock
                0x0000000020000090        0x4 ./User/system_ch32v30x.o
                0x0000000020000090                SystemCoreClock
 .sdata.ADCPrescTable
                0x0000000020000094        0x4 ./Peripheral/src/ch32v30x_rcc.o
 .sdata.curbrk.5273
                0x0000000020000098        0x4 ./Debug/debug.o
 .sdata._impure_ptr
                0x000000002000009c        0x4 d:/mounriver/mounriver_studio/toolchain/risc-v embedded gcc/bin/../lib/gcc/riscv-none-embed/8.2.0/../../../../riscv-none-embed/lib/rv32imacxw/ilp32\libg_nano.a(lib_a-impure.o)
                0x000000002000009c                _impure_ptr
 *(.sdata2.*)
 .sdata2.g_boot_ack
                0x00000000200000a0        0x6 ./Components/easy_bootloader.o
 *fill*         0x00000000200000a6        0x2 
 .sdata2._global_impure_ptr
                0x00000000200000a8        0x4 d:/mounriver/mounriver_studio/toolchain/risc-v embedded gcc/bin/../lib/gcc/riscv-none-embed/8.2.0/../../../../riscv-none-embed/lib/rv32imacxw/ilp32\libg_nano.a(lib_a-impure.o)
                0x00000000200000a8                _global_impure_ptr
 *(.gnu.linkonce.s.*)
                0x00000000200000b0                . = ALIGN (0x8)
 *fill*         0x00000000200000ac        0x4 
 *(.srodata.cst16)
 *(.srodata.cst8)
 *(.srodata.cst4)
 *(.srodata.cst2)
 *(.srodata .srodata.*)
                0x00000000200000b0                . = ALIGN (0x4)
                0x00000000200000b0                PROVIDE (_edata = .)

.bss            0x00000000200000b0      0xc40 load address 0x0000000000003674
                0x00000000200000b0                . = ALIGN (0x4)
                0x00000000200000b0                PROVIDE (_sbss = .)
 *(.sbss*)
 .sbss.NVIC_Priority_Group
                0x00000000200000b0        0x4 ./Peripheral/src/ch32v30x_misc.o
                0x00000000200000b0                NVIC_Priority_Group
 .sbss.uwtick   0x00000000200000b4        0x4 ./Myapp/mytimer.o
                0x00000000200000b4                uwtick
 .sbss.uart2_tick
                0x00000000200000b8        0x4 ./Myapp/myuart.o
                0x00000000200000b8                uart2_tick
 .sbss.task_num
                0x00000000200000bc        0x1 ./Myapp/scheduler.o
                0x00000000200000bc                task_num
 *fill*         0x00000000200000bd        0x1 
 .sbss.p_ms     0x00000000200000be        0x2 ./Debug/debug.o
 .sbss.p_us     0x00000000200000c0        0x1 ./Debug/debug.o
 *fill*         0x00000000200000c1        0x3 
 .sbss.__malloc_free_list
                0x00000000200000c4        0x4 d:/mounriver/mounriver_studio/toolchain/risc-v embedded gcc/bin/../lib/gcc/riscv-none-embed/8.2.0/../../../../riscv-none-embed/lib/rv32imacxw/ilp32\libg_nano.a(lib_a-nano-mallocr.o)
                0x00000000200000c4                __malloc_free_list
 .sbss.__malloc_sbrk_start
                0x00000000200000c8        0x4 d:/mounriver/mounriver_studio/toolchain/risc-v embedded gcc/bin/../lib/gcc/riscv-none-embed/8.2.0/../../../../riscv-none-embed/lib/rv32imacxw/ilp32\libg_nano.a(lib_a-nano-mallocr.o)
                0x00000000200000c8                __malloc_sbrk_start
 *(.gnu.linkonce.sb.*)
 *(.bss*)
 .bss.uart2_buffer
                0x00000000200000cc      0x400 ./Myapp/myuart.o
                0x00000000200000cc                uart2_buffer
 .bss.uart2_ringbuffer
                0x00000000200004cc        0xc ./Myapp/myuart.o
                0x00000000200004cc                uart2_ringbuffer
 .bss.g_boot_ctx
                0x00000000200004d8      0x814 ./Components/easy_bootloader.o
 *(.gnu.linkonce.b.*)
 *(COMMON*)
 COMMON         0x0000000020000cec        0x4 d:/mounriver/mounriver_studio/toolchain/risc-v embedded gcc/bin/../lib/gcc/riscv-none-embed/8.2.0/../../../../riscv-none-embed/lib/rv32imacxw/ilp32\libg_nano.a(lib_a-reent.o)
                0x0000000020000cec                errno
                0x0000000020000cf0                . = ALIGN (0x4)
                0x0000000020000cf0                PROVIDE (_ebss = .)
                0x0000000020000cf0                PROVIDE (_end = _ebss)
                [!provide]                        PROVIDE (end = .)

.stack          0x000000002000f800      0x800
                0x000000002000f800                PROVIDE (_heap_end = .)
                0x000000002000f800                . = ALIGN (0x4)
                [!provide]                        PROVIDE (_susrstack = .)
                0x0000000020010000                . = (. + __stack_size)
 *fill*         0x000000002000f800      0x800 
                0x0000000020010000                PROVIDE (_eusrstack = .)
OUTPUT(CH32V307VCT6_bootloader_project.elf elf32-littleriscv)

.debug_info     0x0000000000000000    0x13045
 .debug_info    0x0000000000000000      0xbd2 ./User/ch32v30x_it.o
 .debug_info    0x0000000000000bd2      0xafd ./User/main.o
 .debug_info    0x00000000000016cf      0xbb5 ./User/system_ch32v30x.o
 .debug_info    0x0000000000002284       0x22 ./Startup/startup_ch32v30x_D8C.o
 .debug_info    0x00000000000022a6     0x15c3 ./Peripheral/src/ch32v30x_flash.o
 .debug_info    0x0000000000003869     0x12aa ./Peripheral/src/ch32v30x_gpio.o
 .debug_info    0x0000000000004b13      0xf5b ./Peripheral/src/ch32v30x_misc.o
 .debug_info    0x0000000000005a6e     0x158a ./Peripheral/src/ch32v30x_rcc.o
 .debug_info    0x0000000000006ff8     0x2a54 ./Peripheral/src/ch32v30x_tim.o
 .debug_info    0x0000000000009a4c     0x13cd ./Peripheral/src/ch32v30x_usart.o
 .debug_info    0x000000000000ae19     0x11a2 ./Myapp/mytimer.o
 .debug_info    0x000000000000bfbb     0x1441 ./Myapp/myuart.o
 .debug_info    0x000000000000d3fc      0xb83 ./Myapp/scheduler.o
 .debug_info    0x000000000000df7f      0xf4a ./Debug/debug.o
 .debug_info    0x000000000000eec9     0x1b1a ./Components/boot_port_ch32v307.o
 .debug_info    0x00000000000109e3     0x14db ./Components/easy_bootloader.o
 .debug_info    0x0000000000011ebe     0x1187 ./Components/ringbuffer.o

.debug_abbrev   0x0000000000000000     0x3351
 .debug_abbrev  0x0000000000000000      0x22c ./User/ch32v30x_it.o
 .debug_abbrev  0x000000000000022c      0x22a ./User/main.o
 .debug_abbrev  0x0000000000000456      0x2c0 ./User/system_ch32v30x.o
 .debug_abbrev  0x0000000000000716       0x12 ./Startup/startup_ch32v30x_D8C.o
 .debug_abbrev  0x0000000000000728      0x496 ./Peripheral/src/ch32v30x_flash.o
 .debug_abbrev  0x0000000000000bbe      0x31a ./Peripheral/src/ch32v30x_gpio.o
 .debug_abbrev  0x0000000000000ed8      0x2da ./Peripheral/src/ch32v30x_misc.o
 .debug_abbrev  0x00000000000011b2      0x351 ./Peripheral/src/ch32v30x_rcc.o
 .debug_abbrev  0x0000000000001503      0x3ff ./Peripheral/src/ch32v30x_tim.o
 .debug_abbrev  0x0000000000001902      0x312 ./Peripheral/src/ch32v30x_usart.o
 .debug_abbrev  0x0000000000001c14      0x2f8 ./Myapp/mytimer.o
 .debug_abbrev  0x0000000000001f0c      0x354 ./Myapp/myuart.o
 .debug_abbrev  0x0000000000002260      0x298 ./Myapp/scheduler.o
 .debug_abbrev  0x00000000000024f8      0x2f5 ./Debug/debug.o
 .debug_abbrev  0x00000000000027ed      0x3d5 ./Components/boot_port_ch32v307.o
 .debug_abbrev  0x0000000000002bc2      0x3db ./Components/easy_bootloader.o
 .debug_abbrev  0x0000000000002f9d      0x3b4 ./Components/ringbuffer.o

.debug_aranges  0x0000000000000000      0x9d0
 .debug_aranges
                0x0000000000000000       0x30 ./User/ch32v30x_it.o
 .debug_aranges
                0x0000000000000030       0x20 ./User/main.o
 .debug_aranges
                0x0000000000000050       0x28 ./User/system_ch32v30x.o
 .debug_aranges
                0x0000000000000078       0x30 ./Startup/startup_ch32v30x_D8C.o
 .debug_aranges
                0x00000000000000a8      0x108 ./Peripheral/src/ch32v30x_flash.o
 .debug_aranges
                0x00000000000001b0       0xb0 ./Peripheral/src/ch32v30x_gpio.o
 .debug_aranges
                0x0000000000000260       0x28 ./Peripheral/src/ch32v30x_misc.o
 .debug_aranges
                0x0000000000000288      0x1a8 ./Peripheral/src/ch32v30x_rcc.o
 .debug_aranges
                0x0000000000000430      0x2d0 ./Peripheral/src/ch32v30x_tim.o
 .debug_aranges
                0x0000000000000700       0xf0 ./Peripheral/src/ch32v30x_usart.o
 .debug_aranges
                0x00000000000007f0       0x30 ./Myapp/mytimer.o
 .debug_aranges
                0x0000000000000820       0x38 ./Myapp/myuart.o
 .debug_aranges
                0x0000000000000858       0x28 ./Myapp/scheduler.o
 .debug_aranges
                0x0000000000000880       0x50 ./Debug/debug.o
 .debug_aranges
                0x00000000000008d0       0x60 ./Components/boot_port_ch32v307.o
 .debug_aranges
                0x0000000000000930       0x30 ./Components/easy_bootloader.o
 .debug_aranges
                0x0000000000000960       0x70 ./Components/ringbuffer.o

.debug_ranges   0x0000000000000000      0xb08
 .debug_ranges  0x0000000000000000       0x20 ./User/ch32v30x_it.o
 .debug_ranges  0x0000000000000020       0x10 ./User/main.o
 .debug_ranges  0x0000000000000030       0x38 ./User/system_ch32v30x.o
 .debug_ranges  0x0000000000000068       0x28 ./Startup/startup_ch32v30x_D8C.o
 .debug_ranges  0x0000000000000090      0x110 ./Peripheral/src/ch32v30x_flash.o
 .debug_ranges  0x00000000000001a0       0xa0 ./Peripheral/src/ch32v30x_gpio.o
 .debug_ranges  0x0000000000000240       0x30 ./Peripheral/src/ch32v30x_misc.o
 .debug_ranges  0x0000000000000270      0x198 ./Peripheral/src/ch32v30x_rcc.o
 .debug_ranges  0x0000000000000408      0x2c0 ./Peripheral/src/ch32v30x_tim.o
 .debug_ranges  0x00000000000006c8       0xe0 ./Peripheral/src/ch32v30x_usart.o
 .debug_ranges  0x00000000000007a8       0x20 ./Myapp/mytimer.o
 .debug_ranges  0x00000000000007c8       0x58 ./Myapp/myuart.o
 .debug_ranges  0x0000000000000820       0x50 ./Myapp/scheduler.o
 .debug_ranges  0x0000000000000870       0x40 ./Debug/debug.o
 .debug_ranges  0x00000000000008b0       0xa0 ./Components/boot_port_ch32v307.o
 .debug_ranges  0x0000000000000950      0x158 ./Components/easy_bootloader.o
 .debug_ranges  0x0000000000000aa8       0x60 ./Components/ringbuffer.o

.debug_line     0x0000000000000000     0xe63a
 .debug_line    0x0000000000000000      0x308 ./User/ch32v30x_it.o
 .debug_line    0x0000000000000308      0x3ee ./User/main.o
 .debug_line    0x00000000000006f6      0x934 ./User/system_ch32v30x.o
 .debug_line    0x000000000000102a      0x122 ./Startup/startup_ch32v30x_D8C.o
 .debug_line    0x000000000000114c     0x24d9 ./Peripheral/src/ch32v30x_flash.o
 .debug_line    0x0000000000003625     0x129d ./Peripheral/src/ch32v30x_gpio.o
 .debug_line    0x00000000000048c2      0x41b ./Peripheral/src/ch32v30x_misc.o
 .debug_line    0x0000000000004cdd     0x19cf ./Peripheral/src/ch32v30x_rcc.o
 .debug_line    0x00000000000066ac     0x31b5 ./Peripheral/src/ch32v30x_tim.o
 .debug_line    0x0000000000009861      0xf3c ./Peripheral/src/ch32v30x_usart.o
 .debug_line    0x000000000000a79d      0x502 ./Myapp/mytimer.o
 .debug_line    0x000000000000ac9f      0x80d ./Myapp/myuart.o
 .debug_line    0x000000000000b4ac      0x402 ./Myapp/scheduler.o
 .debug_line    0x000000000000b8ae      0x785 ./Debug/debug.o
 .debug_line    0x000000000000c033      0xbf0 ./Components/boot_port_ch32v307.o
 .debug_line    0x000000000000cc23      0xcb4 ./Components/easy_bootloader.o
 .debug_line    0x000000000000d8d7      0xd63 ./Components/ringbuffer.o

.debug_str      0x0000000000000000     0x354e
 .debug_str     0x0000000000000000      0x623 ./User/ch32v30x_it.o
                                        0x6a4 (size before relaxing)
 .debug_str     0x0000000000000623      0x122 ./User/main.o
                                        0x6e7 (size before relaxing)
 .debug_str     0x0000000000000745      0x109 ./User/system_ch32v30x.o
                                        0x6fe (size before relaxing)
 .debug_str     0x000000000000084e       0x2e ./Startup/startup_ch32v30x_D8C.o
                                         0x7e (size before relaxing)
 .debug_str     0x000000000000087c      0x4fe ./Peripheral/src/ch32v30x_flash.o
                                        0xb12 (size before relaxing)
 .debug_str     0x0000000000000d7a      0x3cc ./Peripheral/src/ch32v30x_gpio.o
                                        0x9c4 (size before relaxing)
 .debug_str     0x0000000000001146      0x63c ./Peripheral/src/ch32v30x_misc.o
                                        0xccd (size before relaxing)
 .debug_str     0x0000000000001782      0x5c2 ./Peripheral/src/ch32v30x_rcc.o
                                        0xcf3 (size before relaxing)
 .debug_str     0x0000000000001d44      0xbb8 ./Peripheral/src/ch32v30x_tim.o
                                       0x12a2 (size before relaxing)
 .debug_str     0x00000000000028fc      0x3ef ./Peripheral/src/ch32v30x_usart.o
                                        0xb0e (size before relaxing)
 .debug_str     0x0000000000002ceb       0x67 ./Myapp/mytimer.o
                                        0xecb (size before relaxing)
 .debug_str     0x0000000000002d52       0xfb ./Myapp/myuart.o
                                       0x105f (size before relaxing)
 .debug_str     0x0000000000002e4d       0x7a ./Myapp/scheduler.o
                                        0x725 (size before relaxing)
 .debug_str     0x0000000000002ec7       0x86 ./Debug/debug.o
                                        0x935 (size before relaxing)
 .debug_str     0x0000000000002f4d      0x1c6 ./Components/boot_port_ch32v307.o
                                       0x11fb (size before relaxing)
 .debug_str     0x0000000000003113      0x2f5 ./Components/easy_bootloader.o
                                        0x9e7 (size before relaxing)
 .debug_str     0x0000000000003408      0x146 ./Components/ringbuffer.o
                                        0x7e0 (size before relaxing)

.comment        0x0000000000000000       0x33
 .comment       0x0000000000000000       0x33 ./User/ch32v30x_it.o
                                         0x34 (size before relaxing)
 .comment       0x0000000000000033       0x34 ./User/main.o
 .comment       0x0000000000000033       0x34 ./User/system_ch32v30x.o
 .comment       0x0000000000000033       0x34 ./Peripheral/src/ch32v30x_flash.o
 .comment       0x0000000000000033       0x34 ./Peripheral/src/ch32v30x_gpio.o
 .comment       0x0000000000000033       0x34 ./Peripheral/src/ch32v30x_misc.o
 .comment       0x0000000000000033       0x34 ./Peripheral/src/ch32v30x_rcc.o
 .comment       0x0000000000000033       0x34 ./Peripheral/src/ch32v30x_tim.o
 .comment       0x0000000000000033       0x34 ./Peripheral/src/ch32v30x_usart.o
 .comment       0x0000000000000033       0x34 ./Myapp/mytimer.o
 .comment       0x0000000000000033       0x34 ./Myapp/myuart.o
 .comment       0x0000000000000033       0x34 ./Myapp/scheduler.o
 .comment       0x0000000000000033       0x34 ./Debug/debug.o
 .comment       0x0000000000000033       0x34 ./Components/boot_port_ch32v307.o
 .comment       0x0000000000000033       0x34 ./Components/easy_bootloader.o
 .comment       0x0000000000000033       0x34 ./Components/ringbuffer.o

.debug_frame    0x0000000000000000     0x22f0
 .debug_frame   0x0000000000000000       0x40 ./User/ch32v30x_it.o
 .debug_frame   0x0000000000000040       0x28 ./User/main.o
 .debug_frame   0x0000000000000068       0x3c ./User/system_ch32v30x.o
 .debug_frame   0x00000000000000a4      0x370 ./Peripheral/src/ch32v30x_flash.o
 .debug_frame   0x0000000000000414      0x174 ./Peripheral/src/ch32v30x_gpio.o
 .debug_frame   0x0000000000000588       0x30 ./Peripheral/src/ch32v30x_misc.o
 .debug_frame   0x00000000000005b8      0x344 ./Peripheral/src/ch32v30x_rcc.o
 .debug_frame   0x00000000000008fc      0x614 ./Peripheral/src/ch32v30x_tim.o
 .debug_frame   0x0000000000000f10      0x1e4 ./Peripheral/src/ch32v30x_usart.o
 .debug_frame   0x00000000000010f4       0x50 ./Myapp/mytimer.o
 .debug_frame   0x0000000000001144       0xa4 ./Myapp/myuart.o
 .debug_frame   0x00000000000011e8       0x54 ./Myapp/scheduler.o
 .debug_frame   0x000000000000123c       0xb8 ./Debug/debug.o
 .debug_frame   0x00000000000012f4      0x140 ./Components/boot_port_ch32v307.o
 .debug_frame   0x0000000000001434       0xa4 ./Components/easy_bootloader.o
 .debug_frame   0x00000000000014d8      0x1a8 ./Components/ringbuffer.o
 .debug_frame   0x0000000000001680       0x40 d:/mounriver/mounriver_studio/toolchain/risc-v embedded gcc/bin/../lib/gcc/riscv-none-embed/8.2.0/../../../../riscv-none-embed/lib/rv32imacxw/ilp32\libg_nano.a(lib_a-assert.o)
 .debug_frame   0x00000000000016c0       0x48 d:/mounriver/mounriver_studio/toolchain/risc-v embedded gcc/bin/../lib/gcc/riscv-none-embed/8.2.0/../../../../riscv-none-embed/lib/rv32imacxw/ilp32\libg_nano.a(lib_a-fprintf.o)
 .debug_frame   0x0000000000001708       0x20 d:/mounriver/mounriver_studio/toolchain/risc-v embedded gcc/bin/../lib/gcc/riscv-none-embed/8.2.0/../../../../riscv-none-embed/lib/rv32imacxw/ilp32\libg_nano.a(lib_a-memcpy.o)
 .debug_frame   0x0000000000001728       0x20 d:/mounriver/mounriver_studio/toolchain/risc-v embedded gcc/bin/../lib/gcc/riscv-none-embed/8.2.0/../../../../riscv-none-embed/lib/rv32imacxw/ilp32\libg_nano.a(lib_a-memmove.o)
 .debug_frame   0x0000000000001748       0xd0 d:/mounriver/mounriver_studio/toolchain/risc-v embedded gcc/bin/../lib/gcc/riscv-none-embed/8.2.0/../../../../riscv-none-embed/lib/rv32imacxw/ilp32\libg_nano.a(lib_a-nano-vfprintf.o)
 .debug_frame   0x0000000000001818       0x8c d:/mounriver/mounriver_studio/toolchain/risc-v embedded gcc/bin/../lib/gcc/riscv-none-embed/8.2.0/../../../../riscv-none-embed/lib/rv32imacxw/ilp32\libg_nano.a(lib_a-nano-vfprintf_i.o)
 .debug_frame   0x00000000000018a4       0x48 d:/mounriver/mounriver_studio/toolchain/risc-v embedded gcc/bin/../lib/gcc/riscv-none-embed/8.2.0/../../../../riscv-none-embed/lib/rv32imacxw/ilp32\libg_nano.a(lib_a-vsnprintf.o)
 .debug_frame   0x00000000000018ec       0x50 d:/mounriver/mounriver_studio/toolchain/risc-v embedded gcc/bin/../lib/gcc/riscv-none-embed/8.2.0/../../../../riscv-none-embed/lib/rv32imacxw/ilp32\libg_nano.a(lib_a-wbuf.o)
 .debug_frame   0x000000000000193c       0x3c d:/mounriver/mounriver_studio/toolchain/risc-v embedded gcc/bin/../lib/gcc/riscv-none-embed/8.2.0/../../../../riscv-none-embed/lib/rv32imacxw/ilp32\libg_nano.a(lib_a-wsetup.o)
 .debug_frame   0x0000000000001978       0x28 d:/mounriver/mounriver_studio/toolchain/risc-v embedded gcc/bin/../lib/gcc/riscv-none-embed/8.2.0/../../../../riscv-none-embed/lib/rv32imacxw/ilp32\libg_nano.a(lib_a-abort.o)
 .debug_frame   0x00000000000019a0       0x7c d:/mounriver/mounriver_studio/toolchain/risc-v embedded gcc/bin/../lib/gcc/riscv-none-embed/8.2.0/../../../../riscv-none-embed/lib/rv32imacxw/ilp32\libg_nano.a(lib_a-fflush.o)
 .debug_frame   0x0000000000001a1c      0x148 d:/mounriver/mounriver_studio/toolchain/risc-v embedded gcc/bin/../lib/gcc/riscv-none-embed/8.2.0/../../../../riscv-none-embed/lib/rv32imacxw/ilp32\libg_nano.a(lib_a-findfp.o)
 .debug_frame   0x0000000000001b64       0x88 d:/mounriver/mounriver_studio/toolchain/risc-v embedded gcc/bin/../lib/gcc/riscv-none-embed/8.2.0/../../../../riscv-none-embed/lib/rv32imacxw/ilp32\libg_nano.a(lib_a-fwalk.o)
 .debug_frame   0x0000000000001bec       0x64 d:/mounriver/mounriver_studio/toolchain/risc-v embedded gcc/bin/../lib/gcc/riscv-none-embed/8.2.0/../../../../riscv-none-embed/lib/rv32imacxw/ilp32\libg_nano.a(lib_a-makebuf.o)
 .debug_frame   0x0000000000001c50       0x20 d:/mounriver/mounriver_studio/toolchain/risc-v embedded gcc/bin/../lib/gcc/riscv-none-embed/8.2.0/../../../../riscv-none-embed/lib/rv32imacxw/ilp32\libg_nano.a(lib_a-memchr.o)
 .debug_frame   0x0000000000001c70       0x40 d:/mounriver/mounriver_studio/toolchain/risc-v embedded gcc/bin/../lib/gcc/riscv-none-embed/8.2.0/../../../../riscv-none-embed/lib/rv32imacxw/ilp32\libg_nano.a(lib_a-nano-freer.o)
 .debug_frame   0x0000000000001cb0       0x40 d:/mounriver/mounriver_studio/toolchain/risc-v embedded gcc/bin/../lib/gcc/riscv-none-embed/8.2.0/../../../../riscv-none-embed/lib/rv32imacxw/ilp32\libg_nano.a(lib_a-nano-mallocr.o)
 .debug_frame   0x0000000000001cf0       0x40 d:/mounriver/mounriver_studio/toolchain/risc-v embedded gcc/bin/../lib/gcc/riscv-none-embed/8.2.0/../../../../riscv-none-embed/lib/rv32imacxw/ilp32\libg_nano.a(lib_a-nano-reallocr.o)
 .debug_frame   0x0000000000001d30       0xe0 d:/mounriver/mounriver_studio/toolchain/risc-v embedded gcc/bin/../lib/gcc/riscv-none-embed/8.2.0/../../../../riscv-none-embed/lib/rv32imacxw/ilp32\libg_nano.a(lib_a-nano-svfprintf.o)
 .debug_frame   0x0000000000001e10       0x30 d:/mounriver/mounriver_studio/toolchain/risc-v embedded gcc/bin/../lib/gcc/riscv-none-embed/8.2.0/../../../../riscv-none-embed/lib/rv32imacxw/ilp32\libg_nano.a(lib_a-sbrkr.o)
 .debug_frame   0x0000000000001e40       0xec d:/mounriver/mounriver_studio/toolchain/risc-v embedded gcc/bin/../lib/gcc/riscv-none-embed/8.2.0/../../../../riscv-none-embed/lib/rv32imacxw/ilp32\libg_nano.a(lib_a-signal.o)
 .debug_frame   0x0000000000001f2c       0x40 d:/mounriver/mounriver_studio/toolchain/risc-v embedded gcc/bin/../lib/gcc/riscv-none-embed/8.2.0/../../../../riscv-none-embed/lib/rv32imacxw/ilp32\libg_nano.a(lib_a-signalr.o)
 .debug_frame   0x0000000000001f6c       0xa4 d:/mounriver/mounriver_studio/toolchain/risc-v embedded gcc/bin/../lib/gcc/riscv-none-embed/8.2.0/../../../../riscv-none-embed/lib/rv32imacxw/ilp32\libg_nano.a(lib_a-stdio.o)
 .debug_frame   0x0000000000002010       0x30 d:/mounriver/mounriver_studio/toolchain/risc-v embedded gcc/bin/../lib/gcc/riscv-none-embed/8.2.0/../../../../riscv-none-embed/lib/rv32imacxw/ilp32\libg_nano.a(lib_a-writer.o)
 .debug_frame   0x0000000000002040       0x30 d:/mounriver/mounriver_studio/toolchain/risc-v embedded gcc/bin/../lib/gcc/riscv-none-embed/8.2.0/../../../../riscv-none-embed/lib/rv32imacxw/ilp32\libg_nano.a(lib_a-closer.o)
 .debug_frame   0x0000000000002070       0x30 d:/mounriver/mounriver_studio/toolchain/risc-v embedded gcc/bin/../lib/gcc/riscv-none-embed/8.2.0/../../../../riscv-none-embed/lib/rv32imacxw/ilp32\libg_nano.a(lib_a-fstatr.o)
 .debug_frame   0x00000000000020a0       0x30 d:/mounriver/mounriver_studio/toolchain/risc-v embedded gcc/bin/../lib/gcc/riscv-none-embed/8.2.0/../../../../riscv-none-embed/lib/rv32imacxw/ilp32\libg_nano.a(lib_a-isattyr.o)
 .debug_frame   0x00000000000020d0       0x30 d:/mounriver/mounriver_studio/toolchain/risc-v embedded gcc/bin/../lib/gcc/riscv-none-embed/8.2.0/../../../../riscv-none-embed/lib/rv32imacxw/ilp32\libg_nano.a(lib_a-lseekr.o)
 .debug_frame   0x0000000000002100       0x30 d:/mounriver/mounriver_studio/toolchain/risc-v embedded gcc/bin/../lib/gcc/riscv-none-embed/8.2.0/../../../../riscv-none-embed/lib/rv32imacxw/ilp32\libg_nano.a(lib_a-mlock.o)
 .debug_frame   0x0000000000002130       0x20 d:/mounriver/mounriver_studio/toolchain/risc-v embedded gcc/bin/../lib/gcc/riscv-none-embed/8.2.0/../../../../riscv-none-embed/lib/rv32imacxw/ilp32\libg_nano.a(lib_a-nano-msizer.o)
 .debug_frame   0x0000000000002150       0x30 d:/mounriver/mounriver_studio/toolchain/risc-v embedded gcc/bin/../lib/gcc/riscv-none-embed/8.2.0/../../../../riscv-none-embed/lib/rv32imacxw/ilp32\libg_nano.a(lib_a-readr.o)
 .debug_frame   0x0000000000002180       0x70 d:/mounriver/mounriver_studio/toolchain/risc-v embedded gcc/bin/../lib/gcc/riscv-none-embed/8.2.0/../../../../riscv-none-embed/lib/rv32imacxw/ilp32\libg_nano.a(lib_a-reent.o)
 .debug_frame   0x00000000000021f0       0x20 d:/mounriver/mounriver_studio/toolchain/risc-v embedded gcc/bin/../lib/gcc/riscv-none-embed/8.2.0/../../../../riscv-none-embed/lib/rv32imacxw/ilp32\libnosys.a(close.o)
 .debug_frame   0x0000000000002210       0x20 d:/mounriver/mounriver_studio/toolchain/risc-v embedded gcc/bin/../lib/gcc/riscv-none-embed/8.2.0/../../../../riscv-none-embed/lib/rv32imacxw/ilp32\libnosys.a(fstat.o)
 .debug_frame   0x0000000000002230       0x20 d:/mounriver/mounriver_studio/toolchain/risc-v embedded gcc/bin/../lib/gcc/riscv-none-embed/8.2.0/../../../../riscv-none-embed/lib/rv32imacxw/ilp32\libnosys.a(getpid.o)
 .debug_frame   0x0000000000002250       0x20 d:/mounriver/mounriver_studio/toolchain/risc-v embedded gcc/bin/../lib/gcc/riscv-none-embed/8.2.0/../../../../riscv-none-embed/lib/rv32imacxw/ilp32\libnosys.a(isatty.o)
 .debug_frame   0x0000000000002270       0x20 d:/mounriver/mounriver_studio/toolchain/risc-v embedded gcc/bin/../lib/gcc/riscv-none-embed/8.2.0/../../../../riscv-none-embed/lib/rv32imacxw/ilp32\libnosys.a(kill.o)
 .debug_frame   0x0000000000002290       0x20 d:/mounriver/mounriver_studio/toolchain/risc-v embedded gcc/bin/../lib/gcc/riscv-none-embed/8.2.0/../../../../riscv-none-embed/lib/rv32imacxw/ilp32\libnosys.a(lseek.o)
 .debug_frame   0x00000000000022b0       0x20 d:/mounriver/mounriver_studio/toolchain/risc-v embedded gcc/bin/../lib/gcc/riscv-none-embed/8.2.0/../../../../riscv-none-embed/lib/rv32imacxw/ilp32\libnosys.a(read.o)
 .debug_frame   0x00000000000022d0       0x20 d:/mounriver/mounriver_studio/toolchain/risc-v embedded gcc/bin/../lib/gcc/riscv-none-embed/8.2.0/../../../../riscv-none-embed/lib/rv32imacxw/ilp32\libnosys.a(_exit.o)

.debug_loc      0x0000000000000000     0x53c0
 .debug_loc     0x0000000000000000      0x163 ./User/system_ch32v30x.o
 .debug_loc     0x0000000000000163      0xcca ./Peripheral/src/ch32v30x_flash.o
 .debug_loc     0x0000000000000e2d      0x72b ./Peripheral/src/ch32v30x_gpio.o
 .debug_loc     0x0000000000001558       0x61 ./Peripheral/src/ch32v30x_misc.o
 .debug_loc     0x00000000000015b9      0xadb ./Peripheral/src/ch32v30x_rcc.o
 .debug_loc     0x0000000000002094     0x18b7 ./Peripheral/src/ch32v30x_tim.o
 .debug_loc     0x000000000000394b      0x779 ./Peripheral/src/ch32v30x_usart.o
 .debug_loc     0x00000000000040c4       0xd5 ./Myapp/myuart.o
 .debug_loc     0x0000000000004199       0x3d ./Myapp/scheduler.o
 .debug_loc     0x00000000000041d6      0x177 ./Debug/debug.o
 .debug_loc     0x000000000000434d      0x50a ./Components/boot_port_ch32v307.o
 .debug_loc     0x0000000000004857      0x50a ./Components/easy_bootloader.o
 .debug_loc     0x0000000000004d61      0x65f ./Components/ringbuffer.o

.stab           0x0000000000000000       0xb4
 .stab          0x0000000000000000       0x24 d:/mounriver/mounriver_studio/toolchain/risc-v embedded gcc/bin/../lib/gcc/riscv-none-embed/8.2.0/../../../../riscv-none-embed/lib/rv32imacxw/ilp32\libnosys.a(close.o)
 .stab          0x0000000000000024       0x18 d:/mounriver/mounriver_studio/toolchain/risc-v embedded gcc/bin/../lib/gcc/riscv-none-embed/8.2.0/../../../../riscv-none-embed/lib/rv32imacxw/ilp32\libnosys.a(fstat.o)
                                         0x24 (size before relaxing)
 .stab          0x000000000000003c       0x18 d:/mounriver/mounriver_studio/toolchain/risc-v embedded gcc/bin/../lib/gcc/riscv-none-embed/8.2.0/../../../../riscv-none-embed/lib/rv32imacxw/ilp32\libnosys.a(getpid.o)
                                         0x24 (size before relaxing)
 .stab          0x0000000000000054       0x18 d:/mounriver/mounriver_studio/toolchain/risc-v embedded gcc/bin/../lib/gcc/riscv-none-embed/8.2.0/../../../../riscv-none-embed/lib/rv32imacxw/ilp32\libnosys.a(isatty.o)
                                         0x24 (size before relaxing)
 .stab          0x000000000000006c       0x18 d:/mounriver/mounriver_studio/toolchain/risc-v embedded gcc/bin/../lib/gcc/riscv-none-embed/8.2.0/../../../../riscv-none-embed/lib/rv32imacxw/ilp32\libnosys.a(kill.o)
                                         0x24 (size before relaxing)
 .stab          0x0000000000000084       0x18 d:/mounriver/mounriver_studio/toolchain/risc-v embedded gcc/bin/../lib/gcc/riscv-none-embed/8.2.0/../../../../riscv-none-embed/lib/rv32imacxw/ilp32\libnosys.a(lseek.o)
                                         0x24 (size before relaxing)
 .stab          0x000000000000009c       0x18 d:/mounriver/mounriver_studio/toolchain/risc-v embedded gcc/bin/../lib/gcc/riscv-none-embed/8.2.0/../../../../riscv-none-embed/lib/rv32imacxw/ilp32\libnosys.a(read.o)
                                         0x24 (size before relaxing)

.stabstr        0x0000000000000000      0x183
 .stabstr       0x0000000000000000      0x183 d:/mounriver/mounriver_studio/toolchain/risc-v embedded gcc/bin/../lib/gcc/riscv-none-embed/8.2.0/../../../../riscv-none-embed/lib/rv32imacxw/ilp32\libnosys.a(close.o)
