Component: ARM Compiler 5.06 update 5 (build 528) Tool: armlink [4d35e2]

==============================================================================

Section Cross References

    startup_stm32f407xx.o(RESET) refers to startup_stm32f407xx.o(STACK) for __initial_sp
    startup_stm32f407xx.o(RESET) refers to startup_stm32f407xx.o(.text) for Reset_Handler
    startup_stm32f407xx.o(RESET) refers to stm32f4xx_it.o(i.NMI_Handler) for NMI_Handler
    startup_stm32f407xx.o(RESET) refers to stm32f4xx_it.o(i.HardFault_Handler) for HardFault_Handler
    startup_stm32f407xx.o(RESET) refers to stm32f4xx_it.o(i.MemManage_Handler) for MemManage_Handler
    startup_stm32f407xx.o(RESET) refers to stm32f4xx_it.o(i.BusFault_Handler) for BusFault_Handler
    startup_stm32f407xx.o(RESET) refers to stm32f4xx_it.o(i.UsageFault_Handler) for UsageFault_Handler
    startup_stm32f407xx.o(RESET) refers to stm32f4xx_it.o(i.SVC_Handler) for SVC_Handler
    startup_stm32f407xx.o(RESET) refers to stm32f4xx_it.o(i.DebugMon_Handler) for DebugMon_Handler
    startup_stm32f407xx.o(RESET) refers to stm32f4xx_it.o(i.PendSV_Handler) for PendSV_Handler
    startup_stm32f407xx.o(RESET) refers to stm32f4xx_it.o(i.SysTick_Handler) for SysTick_Handler
    startup_stm32f407xx.o(RESET) refers to stm32f4xx_it.o(i.DMA1_Stream5_IRQHandler) for DMA1_Stream5_IRQHandler
    startup_stm32f407xx.o(RESET) refers to stm32f4xx_it.o(i.USART1_IRQHandler) for USART1_IRQHandler
    startup_stm32f407xx.o(RESET) refers to stm32f4xx_it.o(i.USART2_IRQHandler) for USART2_IRQHandler
    startup_stm32f407xx.o(RESET) refers to stm32f4xx_it.o(i.DMA2_Stream2_IRQHandler) for DMA2_Stream2_IRQHandler
    startup_stm32f407xx.o(.text) refers to system_stm32f4xx.o(i.SystemInit) for SystemInit
    startup_stm32f407xx.o(.text) refers to entry.o(.ARM.Collect$$$$00000000) for __main
    main.o(i.SystemClock_Config) refers to memseta.o(.text) for __aeabi_memclr4
    main.o(i.SystemClock_Config) refers to stm32f4xx_hal_rcc.o(i.HAL_RCC_OscConfig) for HAL_RCC_OscConfig
    main.o(i.SystemClock_Config) refers to stm32f4xx_hal_rcc.o(i.HAL_RCC_ClockConfig) for HAL_RCC_ClockConfig
    main.o(i.main) refers to stm32f4xx_hal.o(i.HAL_Init) for HAL_Init
    main.o(i.main) refers to main.o(i.SystemClock_Config) for SystemClock_Config
    main.o(i.main) refers to gpio.o(i.MX_GPIO_Init) for MX_GPIO_Init
    main.o(i.main) refers to dma.o(i.MX_DMA_Init) for MX_DMA_Init
    main.o(i.main) refers to usart.o(i.MX_USART1_UART_Init) for MX_USART1_UART_Init
    main.o(i.main) refers to usart.o(i.MX_USART2_UART_Init) for MX_USART2_UART_Init
    main.o(i.main) refers to scheduler.o(i.scheduler_init) for scheduler_init
    main.o(i.main) refers to scheduler.o(i.scheduler_run) for scheduler_run
    dma.o(i.MX_DMA_Init) refers to stm32f4xx_hal_cortex.o(i.HAL_NVIC_SetPriority) for HAL_NVIC_SetPriority
    dma.o(i.MX_DMA_Init) refers to stm32f4xx_hal_cortex.o(i.HAL_NVIC_EnableIRQ) for HAL_NVIC_EnableIRQ
    usart.o(i.HAL_UART_MspDeInit) refers to stm32f4xx_hal_gpio.o(i.HAL_GPIO_DeInit) for HAL_GPIO_DeInit
    usart.o(i.HAL_UART_MspDeInit) refers to stm32f4xx_hal_dma.o(i.HAL_DMA_DeInit) for HAL_DMA_DeInit
    usart.o(i.HAL_UART_MspDeInit) refers to stm32f4xx_hal_cortex.o(i.HAL_NVIC_DisableIRQ) for HAL_NVIC_DisableIRQ
    usart.o(i.HAL_UART_MspInit) refers to memseta.o(.text) for __aeabi_memclr4
    usart.o(i.HAL_UART_MspInit) refers to stm32f4xx_hal_gpio.o(i.HAL_GPIO_Init) for HAL_GPIO_Init
    usart.o(i.HAL_UART_MspInit) refers to stm32f4xx_hal_dma.o(i.HAL_DMA_Init) for HAL_DMA_Init
    usart.o(i.HAL_UART_MspInit) refers to main.o(i.Error_Handler) for Error_Handler
    usart.o(i.HAL_UART_MspInit) refers to stm32f4xx_hal_cortex.o(i.HAL_NVIC_SetPriority) for HAL_NVIC_SetPriority
    usart.o(i.HAL_UART_MspInit) refers to stm32f4xx_hal_cortex.o(i.HAL_NVIC_EnableIRQ) for HAL_NVIC_EnableIRQ
    usart.o(i.HAL_UART_MspInit) refers to usart.o(.bss) for .bss
    usart.o(i.MX_USART1_UART_Init) refers to stm32f4xx_hal_uart.o(i.HAL_UART_Init) for HAL_UART_Init
    usart.o(i.MX_USART1_UART_Init) refers to main.o(i.Error_Handler) for Error_Handler
    usart.o(i.MX_USART1_UART_Init) refers to stm32f4xx_hal_uart.o(i.HAL_UARTEx_ReceiveToIdle_DMA) for HAL_UARTEx_ReceiveToIdle_DMA
    usart.o(i.MX_USART1_UART_Init) refers to usart.o(.bss) for .bss
    usart.o(i.MX_USART1_UART_Init) refers to myusart.o(.bss) for uart1_rx_dmabuffer
    usart.o(i.MX_USART2_UART_Init) refers to stm32f4xx_hal_uart.o(i.HAL_UART_Init) for HAL_UART_Init
    usart.o(i.MX_USART2_UART_Init) refers to main.o(i.Error_Handler) for Error_Handler
    usart.o(i.MX_USART2_UART_Init) refers to stm32f4xx_hal_uart.o(i.HAL_UARTEx_ReceiveToIdle_DMA) for HAL_UARTEx_ReceiveToIdle_DMA
    usart.o(i.MX_USART2_UART_Init) refers to usart.o(.bss) for .bss
    usart.o(i.MX_USART2_UART_Init) refers to myusart.o(.bss) for uart2_rx_dmabuffer
    stm32f4xx_it.o(i.DMA1_Stream5_IRQHandler) refers to stm32f4xx_hal_dma.o(i.HAL_DMA_IRQHandler) for HAL_DMA_IRQHandler
[...]
    Removing stm32f4xx_hal_rcc_ex.o(.rev16_text), (4 bytes).
    Removing stm32f4xx_hal_rcc_ex.o(.revsh_text), (4 bytes).
    Removing stm32f4xx_hal_rcc_ex.o(.rrx_text), (6 bytes).
    Removing stm32f4xx_hal_rcc_ex.o(i.HAL_RCCEx_DisablePLLI2S), (52 bytes).
    Removing stm32f4xx_hal_rcc_ex.o(i.HAL_RCCEx_EnablePLLI2S), (104 bytes).
    Removing stm32f4xx_hal_rcc_ex.o(i.HAL_RCCEx_GetPeriphCLKConfig), (52 bytes).
    Removing stm32f4xx_hal_rcc_ex.o(i.HAL_RCCEx_GetPeriphCLKFreq), (92 bytes).
    Removing stm32f4xx_hal_rcc_ex.o(i.HAL_RCCEx_PeriphCLKConfig), (316 bytes).
    Removing stm32f4xx_hal_rcc_ex.o(i.HAL_RCC_DeInit), (308 bytes).
    Removing stm32f4xx_hal_flash.o(.rev16_text), (4 bytes).
    Removing stm32f4xx_hal_flash.o(.revsh_text), (4 bytes).
    Removing stm32f4xx_hal_flash.o(.rrx_text), (6 bytes).
    Removing stm32f4xx_hal_flash.o(i.HAL_FLASH_EndOfOperationCallback), (2 bytes).
    Removing stm32f4xx_hal_flash.o(i.HAL_FLASH_GetError), (12 bytes).
    Removing stm32f4xx_hal_flash.o(i.HAL_FLASH_IRQHandler), (204 bytes).
    Removing stm32f4xx_hal_flash.o(i.HAL_FLASH_OB_Launch), (24 bytes).
    Removing stm32f4xx_hal_flash.o(i.HAL_FLASH_OB_Lock), (20 bytes).
    Removing stm32f4xx_hal_flash.o(i.HAL_FLASH_OB_Unlock), (40 bytes).
    Removing stm32f4xx_hal_flash.o(i.HAL_FLASH_OperationErrorCallback), (2 bytes).
    Removing stm32f4xx_hal_flash.o(i.HAL_FLASH_Program_IT), (108 bytes).
    Removing stm32f4xx_hal_flash_ex.o(.rev16_text), (4 bytes).
    Removing stm32f4xx_hal_flash_ex.o(.revsh_text), (4 bytes).
    Removing stm32f4xx_hal_flash_ex.o(.rrx_text), (6 bytes).
    Removing stm32f4xx_hal_flash_ex.o(i.HAL_FLASHEx_Erase_IT), (104 bytes).
    Removing stm32f4xx_hal_flash_ex.o(i.HAL_FLASHEx_OBGetConfig), (64 bytes).
    Removing stm32f4xx_hal_flash_ex.o(i.HAL_FLASHEx_OBProgram), (204 bytes).
    Removing stm32f4xx_hal_flash_ramfunc.o(.rev16_text), (4 bytes).
    Removing stm32f4xx_hal_flash_ramfunc.o(.revsh_text), (4 bytes).
    Removing stm32f4xx_hal_flash_ramfunc.o(.rrx_text), (6 bytes).
    Removing stm32f4xx_hal_gpio.o(.rev16_text), (4 bytes).
    Removing stm32f4xx_hal_gpio.o(.revsh_text), (4 bytes).
    Removing stm32f4xx_hal_gpio.o(.rrx_text), (6 bytes).
    Removing stm32f4xx_hal_gpio.o(i.HAL_GPIO_EXTI_Callback), (2 bytes).
    Removing stm32f4xx_hal_gpio.o(i.HAL_GPIO_EXTI_IRQHandler), (24 bytes).
    Removing stm32f4xx_hal_gpio.o(i.HAL_GPIO_LockPin), (34 bytes).
    Removing stm32f4xx_hal_gpio.o(i.HAL_GPIO_ReadPin), (10 bytes).
    Removing stm32f4xx_hal_gpio.o(i.HAL_GPIO_TogglePin), (16 bytes).
    Removing stm32f4xx_hal_gpio.o(i.HAL_GPIO_WritePin), (10 bytes).
    Removing stm32f4xx_hal_dma_ex.o(.rev16_text), (4 bytes).
    Removing stm32f4xx_hal_dma_ex.o(.revsh_text), (4 bytes).
    Removing stm32f4xx_hal_dma_ex.o(.rrx_text), (6 bytes).
    Removing stm32f4xx_hal_dma_ex.o(i.DMA_MultiBufferSetConfig), (30 bytes).
    Removing stm32f4xx_hal_dma_ex.o(i.HAL_DMAEx_ChangeMemory), (14 bytes).
    Removing stm32f4xx_hal_dma_ex.o(i.HAL_DMAEx_MultiBufferStart), (100 bytes).
    Removing stm32f4xx_hal_dma_ex.o(i.HAL_DMAEx_MultiBufferStart_IT), (2432 bytes).
    Removing stm32f4xx_hal_dma.o(.rev16_text), (4 bytes).
    Removing stm32f4xx_hal_dma.o(.revsh_text), (4 bytes).
    Removing stm32f4xx_hal_dma.o(.rrx_text), (6 bytes).
    Removing stm32f4xx_hal_dma.o(i.HAL_DMA_GetError), (4 bytes).
    Removing stm32f4xx_hal_dma.o(i.HAL_DMA_GetState), (6 bytes).
    Removing stm32f4xx_hal_dma.o(i.HAL_DMA_PollForTransfer), (288 bytes).
    Removing stm32f4xx_hal_dma.o(i.HAL_DMA_RegisterCallback), (80 bytes).
    Removing stm32f4xx_hal_dma.o(i.HAL_DMA_Start), (70 bytes).
    Removing stm32f4xx_hal_dma.o(i.HAL_DMA_UnRegisterCallback), (96 bytes).
    Removing stm32f4xx_hal_pwr.o(.rev16_text), (4 bytes).
    Removing stm32f4xx_hal_pwr.o(.revsh_text), (4 bytes).
    Removing stm32f4xx_hal_pwr.o(.rrx_text), (6 bytes).
    Removing stm32f4xx_hal_pwr.o(i.HAL_PWR_ConfigPVD), (124 bytes).
    Removing stm32f4xx_hal_pwr.o(i.HAL_PWR_DeInit), (24 bytes).
    Removing stm32f4xx_hal_pwr.o(i.HAL_PWR_DisableBkUpAccess), (24 bytes).
    Removing stm32f4xx_hal_pwr.o(i.HAL_PWR_DisablePVD), (12 bytes).
    Removing stm32f4xx_hal_pwr.o(i.HAL_PWR_DisableSEVOnPend), (16 bytes).
    Removing stm32f4xx_hal_pwr.o(i.HAL_PWR_DisableSleepOnExit), (16 bytes).
    Removing stm32f4xx_hal_pwr.o(i.HAL_PWR_DisableWakeUpPin), (16 bytes).
    Removing stm32f4xx_hal_pwr.o(i.HAL_PWR_EnableBkUpAccess), (24 bytes).
    Removing stm32f4xx_hal_pwr.o(i.HAL_PWR_EnablePVD), (12 bytes).
    Removing stm32f4xx_hal_pwr.o(i.HAL_PWR_EnableSEVOnPend), (16 bytes).
    Removing stm32f4xx_hal_pwr.o(i.HAL_PWR_EnableSleepOnExit), (16 bytes).
    Removing stm32f4xx_hal_pwr.o(i.HAL_PWR_EnableWakeUpPin), (16 bytes).
    Removing stm32f4xx_hal_pwr.o(i.HAL_PWR_EnterSLEEPMode), (32 bytes).
    Removing stm32f4xx_hal_pwr.o(i.HAL_PWR_EnterSTANDBYMode), (32 bytes).
    Removing stm32f4xx_hal_pwr.o(i.HAL_PWR_EnterSTOPMode), (56 bytes).
    Removing stm32f4xx_hal_pwr.o(i.HAL_PWR_PVDCallback), (2 bytes).
    Removing stm32f4xx_hal_pwr.o(i.HAL_PWR_PVD_IRQHandler), (28 bytes).
    Removing stm32f4xx_hal_pwr_ex.o(.rev16_text), (4 bytes).
    Removing stm32f4xx_hal_pwr_ex.o(.revsh_text), (4 bytes).
    Removing stm32f4xx_hal_pwr_ex.o(.rrx_text), (6 bytes).
    Removing stm32f4xx_hal_pwr_ex.o(i.HAL_PWREx_ControlVoltageScaling), (88 bytes).
    Removing stm32f4xx_hal_pwr_ex.o(i.HAL_PWREx_DisableBkUpReg), (60 bytes).
    Removing stm32f4xx_hal_pwr_ex.o(i.HAL_PWREx_DisableFlashPowerDown), (12 bytes).
    Removing stm32f4xx_hal_pwr_ex.o(i.HAL_PWREx_EnableBkUpReg), (60 bytes).
    Removing stm32f4xx_hal_pwr_ex.o(i.HAL_PWREx_EnableFlashPowerDown), (12 bytes).
    Removing stm32f4xx_hal_pwr_ex.o(i.HAL_PWREx_GetVoltageRange), (16 bytes).
    Removing stm32f4xx_hal_cortex.o(.rev16_text), (4 bytes).
    Removing stm32f4xx_hal_cortex.o(.revsh_text), (4 bytes).
    Removing stm32f4xx_hal_cortex.o(.rrx_text), (6 bytes).
    Removing stm32f4xx_hal_cortex.o(i.HAL_MPU_ConfigRegion), (84 bytes).
    Removing stm32f4xx_hal_cortex.o(i.HAL_MPU_Disable), (28 bytes).
    Removing stm32f4xx_hal_cortex.o(i.HAL_MPU_Enable), (36 bytes).
    Removing stm32f4xx_hal_cortex.o(i.HAL_NVIC_ClearPendingIRQ), (26 bytes).
    Removing stm32f4xx_hal_cortex.o(i.HAL_NVIC_GetActive), (36 bytes).
    Removing stm32f4xx_hal_cortex.o(i.HAL_NVIC_GetPendingIRQ), (36 bytes).
    Removing stm32f4xx_hal_cortex.o(i.HAL_NVIC_GetPriority), (82 bytes).
    Removing stm32f4xx_hal_cortex.o(i.HAL_NVIC_GetPriorityGrouping), (16 bytes).
    Removing stm32f4xx_hal_cortex.o(i.HAL_NVIC_SetPendingIRQ), (26 bytes).
    Removing stm32f4xx_hal_cortex.o(i.HAL_NVIC_SystemReset), (36 bytes).
    Removing stm32f4xx_hal_cortex.o(i.HAL_SYSTICK_CLKSourceConfig), (24 bytes).
    Removing stm32f4xx_hal_cortex.o(i.HAL_SYSTICK_Callback), (2 bytes).
    Removing stm32f4xx_hal_cortex.o(i.HAL_SYSTICK_IRQHandler), (8 bytes).
    Removing stm32f4xx_hal.o(.rev16_text), (4 bytes).
    Removing stm32f4xx_hal.o(.revsh_text), (4 bytes).
    Removing stm32f4xx_hal.o(.rrx_text), (6 bytes).
    Removing stm32f4xx_hal.o(i.HAL_DBGMCU_DisableDBGSleepMode), (16 bytes).
    Removing stm32f4xx_hal.o(i.HAL_DBGMCU_DisableDBGStandbyMode), (16 bytes).
    Removing stm32f4xx_hal.o(i.HAL_DBGMCU_DisableDBGStopMode), (16 bytes).
    Removing stm32f4xx_hal.o(i.HAL_DBGMCU_EnableDBGSleepMode), (16 bytes).
    Removing stm32f4xx_hal.o(i.HAL_DBGMCU_EnableDBGStandbyMode), (16 bytes).
    Removing stm32f4xx_hal.o(i.HAL_DBGMCU_EnableDBGStopMode), (16 bytes).
    Removing stm32f4xx_hal.o(i.HAL_DeInit), (52 bytes).
    Removing stm32f4xx_hal.o(i.HAL_Delay), (36 bytes).
    Removing stm32f4xx_hal.o(i.HAL_DisableCompensationCell), (12 bytes).
    Removing stm32f4xx_hal.o(i.HAL_EnableCompensationCell), (12 bytes).
    Removing stm32f4xx_hal.o(i.HAL_GetDEVID), (16 bytes).
    Removing stm32f4xx_hal.o(i.HAL_GetHalVersion), (8 bytes).
    Removing stm32f4xx_hal.o(i.HAL_GetREVID), (12 bytes).
    Removing stm32f4xx_hal.o(i.HAL_GetTickFreq), (12 bytes).
    Removing stm32f4xx_hal.o(i.HAL_GetTickPrio), (12 bytes).
    Removing stm32f4xx_hal.o(i.HAL_GetUIDw0), (12 bytes).
    Removing stm32f4xx_hal.o(i.HAL_GetUIDw1), (12 bytes).
    Removing stm32f4xx_hal.o(i.HAL_GetUIDw2), (12 bytes).
    Removing stm32f4xx_hal.o(i.HAL_MspDeInit), (2 bytes).
    Removing stm32f4xx_hal.o(i.HAL_MspInit), (2 bytes).
    Removing stm32f4xx_hal.o(i.HAL_ResumeTick), (14 bytes).
    Removing stm32f4xx_hal.o(i.HAL_SetTickFreq), (36 bytes).
    Removing stm32f4xx_hal.o(i.HAL_SuspendTick), (14 bytes).
    Removing stm32f4xx_hal_exti.o(.rev16_text), (4 bytes).
    Removing stm32f4xx_hal_exti.o(.revsh_text), (4 bytes).
    Removing stm32f4xx_hal_exti.o(.rrx_text), (6 bytes).
    Removing stm32f4xx_hal_exti.o(i.HAL_EXTI_ClearConfigLine), (108 bytes).
    Removing stm32f4xx_hal_exti.o(i.HAL_EXTI_ClearPending), (20 bytes).
    Removing stm32f4xx_hal_exti.o(i.HAL_EXTI_GenerateSWI), (20 bytes).
    Removing stm32f4xx_hal_exti.o(i.HAL_EXTI_GetConfigLine), (148 bytes).
    Removing stm32f4xx_hal_exti.o(i.HAL_EXTI_GetHandle), (12 bytes).
    Removing stm32f4xx_hal_exti.o(i.HAL_EXTI_GetPending), (24 bytes).
    Removing stm32f4xx_hal_exti.o(i.HAL_EXTI_IRQHandler), (36 bytes).
    Removing stm32f4xx_hal_exti.o(i.HAL_EXTI_RegisterCallback), (14 bytes).
    Removing stm32f4xx_hal_exti.o(i.HAL_EXTI_SetConfigLine), (168 bytes).
    Removing system_stm32f4xx.o(.rev16_text), (4 bytes).
    Removing system_stm32f4xx.o(.revsh_text), (4 bytes).
    Removing system_stm32f4xx.o(.rrx_text), (6 bytes).
    Removing system_stm32f4xx.o(i.SystemCoreClockUpdate), (120 bytes).
    Removing myusart.o(.rev16_text), (4 bytes).
    Removing myusart.o(.revsh_text), (4 bytes).
    Removing myusart.o(.rrx_text), (6 bytes).
    Removing myusart.o(i.uart2_task), (80 bytes).
    Removing scheduler.o(.rev16_text), (4 bytes).
    Removing scheduler.o(.revsh_text), (4 bytes).
    Removing scheduler.o(.rrx_text), (6 bytes).
    Removing ringbuffer.o(i.rt_ringbuffer_getchar), (74 bytes).
    Removing ringbuffer.o(i.rt_ringbuffer_peek), (78 bytes).
    Removing ringbuffer.o(i.rt_ringbuffer_put_force), (170 bytes).
    Removing ringbuffer.o(i.rt_ringbuffer_putchar), (80 bytes).
    Removing ringbuffer.o(i.rt_ringbuffer_putchar_force), (102 bytes).
    Removing boot_port_stm32f407.o(.rev16_text), (4 bytes).
    Removing boot_port_stm32f407.o(.revsh_text), (4 bytes).
    Removing boot_port_stm32f407.o(.rrx_text), (6 bytes).
    Removing boot_port_stm32f407.o(i.boot_port_get_tick), (4 bytes).

236 unused section(s) (total 12040 bytes) removed from the image.

==============================================================================

Image Symbol Table

    Local Symbols

    Symbol Name                              Value     Ov Type        Size  Object(Section)

    ../Core/Src/dma.c                        0x00000000   Number         0  dma.o ABSOLUTE
    ../Core/Src/gpio.c                       0x00000000   Number         0  gpio.o ABSOLUTE
    ../Core/Src/main.c                       0x00000000   Number         0  main.o ABSOLUTE
    ../Core/Src/stm32f4xx_hal_msp.c          0x00000000   Number         0  stm32f4xx_hal_msp.o ABSOLUTE
    ../Core/Src/stm32f4xx_it.c               0x00000000   Number         0  stm32f4xx_it.o ABSOLUTE
    ../Core/Src/system_stm32f4xx.c           0x00000000   Number         0  system_stm32f4xx.o ABSOLUTE
    ../Core/Src/usart.c                      0x00000000   Number         0  usart.o ABSOLUTE
    ../Drivers/STM32F4xx_HAL_Driver/Src/stm32f4xx_hal.c 0x00000000   Number         0  stm32f4xx_hal.o ABSOLUTE
    ../Drivers/STM32F4xx_HAL_Driver/Src/stm32f4xx_hal_cortex.c 0x00000000   Number         0  stm32f4xx_hal_cortex.o ABSOLUTE
    ../Drivers/STM32F4xx_HAL_Driver/Src/stm32f4xx_hal_dma.c 0x00000000   Number         0  stm32f4xx_hal_dma.o ABSOLUTE
    ../Drivers/STM32F4xx_HAL_Driver/Src/stm32f4xx_hal_dma_ex.c 0x00000000   Number         0  stm32f4xx_hal_dma_ex.o ABSOLUTE
    ../Drivers/STM32F4xx_HAL_Driver/Src/stm32f4xx_hal_exti.c 0x00000000   Number         0  stm32f4xx_hal_exti.o ABSOLUTE
    ../Drivers/STM32F4xx_HAL_Driver/Src/stm32f4xx_hal_flash.c 0x00000000   Number         0  stm32f4xx_hal_flash.o ABSOLUTE
    ../Drivers/STM32F4xx_HAL_Driver/Src/stm32f4xx_hal_flash_ex.c 0x00000000   Number         0  stm32f4xx_hal_flash_ex.o ABSOLUTE
    ../Drivers/STM32F4xx_HAL_Driver/Src/stm32f4xx_hal_flash_ramfunc.c 0x00000000   Number         0  stm32f4xx_hal_flash_ramfunc.o ABSOLUTE
    ../Drivers/STM32F4xx_HAL_Driver/Src/stm32f4xx_hal_gpio.c 0x00000000   Number         0  stm32f4xx_hal_gpio.o ABSOLUTE
    ../Drivers/STM32F4xx_HAL_Driver/Src/stm32f4xx_hal_pwr.c 0x00000000   Number         0  stm32f4xx_hal_pwr.o ABSOLUTE
    ../Drivers/STM32F4xx_HAL_Driver/Src/stm32f4xx_hal_pwr_ex.c 0x00000000   Number         0  stm32f4xx_hal_pwr_ex.o ABSOLUTE
    ../Drivers/STM32F4xx_HAL_Driver/Src/stm32f4xx_hal_rcc.c 0x00000000   Number         0  stm32f4xx_hal_rcc.o ABSOLUTE
    ../Drivers/STM32F4xx_HAL_Driver/Src/stm32f4xx_hal_rcc_ex.c 0x00000000   Number         0  stm32f4xx_hal_rcc_ex.o ABSOLUTE
    ../Drivers/STM32F4xx_HAL_Driver/Src/stm32f4xx_hal_tim.c 0x00000000   Number         0  stm32f4xx_hal_tim.o ABSOLUTE
    ../Drivers/STM32F4xx_HAL_Driver/Src/stm32f4xx_hal_tim_ex.c 0x00000000   Number         0  stm32f4xx_hal_tim_ex.o ABSOLUTE
    ../Drivers/STM32F4xx_HAL_Driver/Src/stm32f4xx_hal_uart.c 0x00000000   Number         0  stm32f4xx_hal_uart.o ABSOLUTE
    ../clib/microlib/division.c              0x00000000   Number         0  uldiv.o ABSOLUTE
    ../clib/microlib/division.c              0x00000000   Number         0  uidiv.o ABSOLUTE
    ../clib/microlib/init/entry.s            0x00000000   Number         0  entry10b.o ABSOLUTE
    ../clib/microlib/init/entry.s            0x00000000   Number         0  entry11a.o ABSOLUTE
    ../clib/microlib/init/entry.s            0x00000000   Number         0  entry11b.o ABSOLUTE
    ../clib/microlib/init/entry.s            0x00000000   Number         0  entry10a.o ABSOLUTE
    ../clib/microlib/init/entry.s            0x00000000   Number         0  entry.o ABSOLUTE
    ../clib/microlib/init/entry.s            0x00000000   Number         0  entry9a.o ABSOLUTE
    ../clib/microlib/init/entry.s            0x00000000   Number         0  entry8b.o ABSOLUTE
    ../clib/microlib/init/entry.s            0x00000000   Number         0  entry9b.o ABSOLUTE
    ../clib/microlib/init/entry.s            0x00000000   Number         0  entry7b.o ABSOLUTE
    ../clib/microlib/init/entry.s            0x00000000   Number         0  entry8a.o ABSOLUTE
    ../clib/microlib/init/entry.s            0x00000000   Number         0  entry7a.o ABSOLUTE
    ../clib/microlib/init/entry.s            0x00000000   Number         0  entry5.o ABSOLUTE
    ../clib/microlib/init/entry.s            0x00000000   Number         0  entry2.o ABSOLUTE
    ../clib/microlib/longlong.c              0x00000000   Number         0  llushr.o ABSOLUTE
    ../clib/microlib/longlong.c              0x00000000   Number         0  llshl.o ABSOLUTE
    ../clib/microlib/longlong.c              0x00000000   Number         0  llsshr.o ABSOLUTE
    ../clib/microlib/printf/printf.c         0x00000000   Number         0  printfa.o ABSOLUTE
    ../clib/microlib/stdio/fputc.c           0x00000000   Number         0  fputc.o ABSOLUTE
    ../clib/microlib/stdio/semi.s            0x00000000   Number         0  semi.o ABSOLUTE
    ../clib/microlib/stdio/streams.c         0x00000000   Number         0  stdout.o ABSOLUTE
    ../clib/microlib/stdlib/abort.c          0x00000000   Number         0  abort.o ABSOLUTE
    ../clib/microlib/string/memcpy.c         0x00000000   Number         0  memmovea.o ABSOLUTE
    ../clib/microlib/string/memcpy.c         0x00000000   Number         0  memcpyb.o ABSOLUTE
    ../clib/microlib/string/memcpy.c         0x00000000   Number         0  memmoveb.o ABSOLUTE
    ../clib/microlib/string/memcpy.c         0x00000000   Number         0  memcpya.o ABSOLUTE
    ../clib/microlib/string/memset.c         0x00000000   Number         0  memseta.o ABSOLUTE
    ../clib/microlib/stubs.s                 0x00000000   Number         0  iusefp.o ABSOLUTE
    ../clib/microlib/stubs.s                 0x00000000   Number         0  iusesemip.o ABSOLUTE
    ../fplib/microlib/fpadd.c                0x00000000   Number         0  dadd.o ABSOLUTE
    ../fplib/microlib/fpdiv.c                0x00000000   Number         0  ddiv.o ABSOLUTE
    ../fplib/microlib/fpepilogue.c           0x00000000   Number         0  depilogue.o ABSOLUTE
    ../fplib/microlib/fpfix.c                0x00000000   Number         0  dfixul.o ABSOLUTE
    ../fplib/microlib/fpmul.c                0x00000000   Number         0  dmul.o ABSOLUTE
    ..\Compoents\boot_port_stm32f407.c       0x00000000   Number         0  boot_port_stm32f407.o ABSOLUTE
    ..\Compoents\easy_bootloader.c           0x00000000   Number         0  easy_bootloader.o ABSOLUTE
    ..\Compoents\ringbuffer.c                0x00000000   Number         0  ringbuffer.o ABSOLUTE
    ..\Core\Src\dma.c                        0x00000000   Number         0  dma.o ABSOLUTE
    ..\Core\Src\gpio.c                       0x00000000   Number         0  gpio.o ABSOLUTE
    ..\Core\Src\main.c                       0x00000000   Number         0  main.o ABSOLUTE
    ..\Core\Src\stm32f4xx_hal_msp.c          0x00000000   Number         0  stm32f4xx_hal_msp.o ABSOLUTE
    ..\Core\Src\stm32f4xx_it.c               0x00000000   Number         0  stm32f4xx_it.o ABSOLUTE
    ..\Core\Src\system_stm32f4xx.c           0x00000000   Number         0  system_stm32f4xx.o ABSOLUTE
    ..\Core\Src\usart.c                      0x00000000   Number         0  usart.o ABSOLUTE
    ..\Drivers\STM32F4xx_HAL_Driver\Src\stm32f4xx_hal.c 0x00000000   Number         0  stm32f4xx_hal.o ABSOLUTE
    ..\Drivers\STM32F4xx_HAL_Driver\Src\stm32f4xx_hal_cortex.c 0x00000000   Number         0  stm32f4xx_hal_cortex.o ABSOLUTE
    ..\Drivers\STM32F4xx_HAL_Driver\Src\stm32f4xx_hal_dma.c 0x00000000   Number         0  stm32f4xx_hal_dma.o ABSOLUTE
    ..\Drivers\STM32F4xx_HAL_Driver\Src\stm32f4xx_hal_dma_ex.c 0x00000000   Number         0  stm32f4xx_hal_dma_ex.o ABSOLUTE
    ..\Drivers\STM32F4xx_HAL_Driver\Src\stm32f4xx_hal_exti.c 0x00000000   Number         0  stm32f4xx_hal_exti.o ABSOLUTE
    ..\Drivers\STM32F4xx_HAL_Driver\Src\stm32f4xx_hal_flash.c 0x00000000   Number         0  stm32f4xx_hal_flash.o ABSOLUTE
    ..\Drivers\STM32F4xx_HAL_Driver\Src\stm32f4xx_hal_flash_ex.c 0x00000000   Number         0  stm32f4xx_hal_flash_ex.o ABSOLUTE
    ..\Drivers\STM32F4xx_HAL_Driver\Src\stm32f4xx_hal_flash_ramfunc.c 0x00000000   Number         0  stm32f4xx_hal_flash_ramfunc.o ABSOLUTE
    ..\Drivers\STM32F4xx_HAL_Driver\Src\stm32f4xx_hal_gpio.c 0x00000000   Number         0  stm32f4xx_hal_gpio.o ABSOLUTE
    ..\Drivers\STM32F4xx_HAL_Driver\Src\stm32f4xx_hal_pwr.c 0x00000000   Number         0  stm32f4xx_hal_pwr.o ABSOLUTE
    ..\Drivers\STM32F4xx_HAL_Driver\Src\stm32f4xx_hal_pwr_ex.c 0x00000000   Number         0  stm32f4xx_hal_pwr_ex.o ABSOLUTE
    ..\Drivers\STM32F4xx_HAL_Driver\Src\stm32f4xx_hal_rcc.c 0x00000000   Number         0  stm32f4xx_hal_rcc.o ABSOLUTE
    ..\Drivers\STM32F4xx_HAL_Driver\Src\stm32f4xx_hal_rcc_ex.c 0x00000000   Number         0  stm32f4xx_hal_rcc_ex.o ABSOLUTE
    ..\Drivers\STM32F4xx_HAL_Driver\Src\stm32f4xx_hal_tim.c 0x00000000   Number         0  stm32f4xx_hal_tim.o ABSOLUTE
    ..\Drivers\STM32F4xx_HAL_Driver\Src\stm32f4xx_hal_tim_ex.c 0x00000000   Number         0  stm32f4xx_hal_tim_ex.o ABSOLUTE
    ..\Drivers\STM32F4xx_HAL_Driver\Src\stm32f4xx_hal_uart.c 0x00000000   Number         0  stm32f4xx_hal_uart.o ABSOLUTE
    ..\Myapp\myusart.c                       0x00000000   Number         0  myusart.o ABSOLUTE
    ..\Myapp\scheduler.c                     0x00000000   Number         0  scheduler.o ABSOLUTE
    ..\\Compoents\\boot_port_stm32f407.c     0x00000000   Number         0  boot_port_stm32f407.o ABSOLUTE
    ..\\Myapp\\myusart.c                     0x00000000   Number         0  myusart.o ABSOLUTE
    ..\\Myapp\\scheduler.c                   0x00000000   Number         0  scheduler.o ABSOLUTE
    cdrcmple.s                               0x00000000   Number         0  cdrcmple.o ABSOLUTE
    dc.s                                     0x00000000   Number         0  dc.o ABSOLUTE
    handlers.s                               0x00000000   Number         0  handlers.o ABSOLUTE
    init.s                                   0x00000000   Number         0  init.o ABSOLUTE
    startup_stm32f407xx.s                    0x00000000   Number         0  startup_stm32f407xx.o ABSOLUTE
    RESET                                    0x08000000   Section      392  startup_stm32f407xx.o(RESET)
    .ARM.Collect$$$$00000000                 0x08000188   Section        0  entry.o(.ARM.Collect$$$$00000000)
    .ARM.Collect$$$$00000001                 0x08000188   Section        4  entry2.o(.ARM.Collect$$$$00000001)
    .ARM.Collect$$$$00000004                 0x0800018c   Section        4  entry5.o(.ARM.Collect$$$$00000004)
    .ARM.Collect$$$$00000008                 0x08000190   Section        0  entry7b.o(.ARM.Collect$$$$00000008)
    .ARM.Collect$$$$0000000A                 0x08000190   Section        0  entry8b.o(.ARM.Collect$$$$0000000A)
    .ARM.Collect$$$$0000000B                 0x08000190   Section        8  entry9a.o(.ARM.Collect$$$$0000000B)
    .ARM.Collect$$$$0000000D                 0x08000198   Section        0  entry10a.o(.ARM.Collect$$$$0000000D)
    .ARM.Collect$$$$0000000F                 0x08000198   Section        0  entry11a.o(.ARM.Collect$$$$0000000F)
    .ARM.Collect$$$$00002712                 0x08000198   Section        4  entry2.o(.ARM.Collect$$$$00002712)
    __lit__00000000                          0x08000198   Data           4  entry2.o(.ARM.Collect$$$$00002712)
    .text                                    0x0800019c   Section       36  startup_stm32f407xx.o(.text)
    $v0                                      0x0800019c   Number         0  startup_stm32f407xx.o(.text)
    .text                                    0x080001c0   Section        0  uldiv.o(.text)
    .text                                    0x08000222   Section        0  memmovea.o(.text)
    .text                                    0x08000262   Section        0  memseta.o(.text)
    .text                                    0x08000286   Section        0  uidiv.o(.text)
    .text                                    0x080002b2   Section        0  llshl.o(.text)
    .text                                    0x080002d0   Section        0  llushr.o(.text)
    .text                                    0x080002f0   Section        0  iusefp.o(.text)
    .text                                    0x080002f0   Section        0  dadd.o(.text)
    .text                                    0x0800043e   Section        0  dmul.o(.text)
    .text                                    0x08000522   Section        0  ddiv.o(.text)
    .text                                    0x08000600   Section        0  dfixul.o(.text)
    .text                                    0x08000630   Section       48  cdrcmple.o(.text)
    .text                                    0x08000660   Section       36  init.o(.text)
    .text                                    0x08000684   Section        0  llsshr.o(.text)
    .text                                    0x080006a8   Section        0  depilogue.o(.text)
    i.BusFault_Handler                       0x08000762   Section        0  stm32f4xx_it.o(i.BusFault_Handler)
    i.DMA1_Stream5_IRQHandler                0x08000764   Section        0  stm32f4xx_it.o(i.DMA1_Stream5_IRQHandler)
    i.DMA2_Stream2_IRQHandler                0x08000770   Section        0  stm32f4xx_it.o(i.DMA2_Stream2_IRQHandler)
    i.DMA_CalcBaseAndBitshift                0x0800077c   Section        0  stm32f4xx_hal_dma.o(i.DMA_CalcBaseAndBitshift)
    DMA_CalcBaseAndBitshift                  0x0800077d   Thumb Code    34  stm32f4xx_hal_dma.o(i.DMA_CalcBaseAndBitshift)
    i.DMA_CheckFifoParam                     0x080007a4   Section        0  stm32f4xx_hal_dma.o(i.DMA_CheckFifoParam)
    DMA_CheckFifoParam                       0x080007a5   Thumb Code    84  stm32f4xx_hal_dma.o(i.DMA_CheckFifoParam)
    i.DMA_SetConfig                          0x080007f8   Section        0  stm32f4xx_hal_dma.o(i.DMA_SetConfig)
    DMA_SetConfig                            0x080007f9   Thumb Code    40  stm32f4xx_hal_dma.o(i.DMA_SetConfig)
    i.DebugMon_Handler                       0x08000820   Section        0  stm32f4xx_it.o(i.DebugMon_Handler)
    i.Error_Handler                          0x08000822   Section        0  main.o(i.Error_Handler)
    i.FLASH_Erase_Sector                     0x08000828   Section        0  stm32f4xx_hal_flash_ex.o(i.FLASH_Erase_Sector)
    i.FLASH_FlushCaches                      0x08000878   Section        0  stm32f4xx_hal_flash_ex.o(i.FLASH_FlushCaches)
    i.FLASH_MassErase                        0x080008cc   Section        0  stm32f4xx_hal_flash_ex.o(i.FLASH_MassErase)
    FLASH_MassErase                          0x080008cd   Thumb Code    34  stm32f4xx_hal_flash_ex.o(i.FLASH_MassErase)
    i.FLASH_Program_Byte                     0x080008f4   Section        0  stm32f4xx_hal_flash.o(i.FLASH_Program_Byte)
    FLASH_Program_Byte                       0x080008f5   Thumb Code    26  stm32f4xx_hal_flash.o(i.FLASH_Program_Byte)
    i.FLASH_Program_DoubleWord               0x08000914   Section        0  stm32f4xx_hal_flash.o(i.FLASH_Program_DoubleWord)
    FLASH_Program_DoubleWord                 0x08000915   Thumb Code    38  stm32f4xx_hal_flash.o(i.FLASH_Program_DoubleWord)
    i.FLASH_Program_HalfWord                 0x08000940   Section        0  stm32f4xx_hal_flash.o(i.FLASH_Program_HalfWord)
    FLASH_Program_HalfWord                   0x08000941   Thumb Code    30  stm32f4xx_hal_flash.o(i.FLASH_Program_HalfWord)
    i.FLASH_Program_Word                     0x08000964   Section        0  stm32f4xx_hal_flash.o(i.FLASH_Program_Word)
    FLASH_Program_Word                       0x08000965   Thumb Code    30  stm32f4xx_hal_flash.o(i.FLASH_Program_Word)
    i.FLASH_SetErrorCode                     0x08000988   Section        0  stm32f4xx_hal_flash.o(i.FLASH_SetErrorCode)
    FLASH_SetErrorCode                       0x08000989   Thumb Code    96  stm32f4xx_hal_flash.o(i.FLASH_SetErrorCode)
    i.FLASH_WaitForLastOperation             0x080009f0   Section        0  stm32f4xx_hal_flash.o(i.FLASH_WaitForLastOperation)
    i.HAL_DMA_Abort                          0x08000a40   Section        0  stm32f4xx_hal_dma.o(i.HAL_DMA_Abort)
    i.HAL_DMA_Abort_IT                       0x08000ad2   Section        0  stm32f4xx_hal_dma.o(i.HAL_DMA_Abort_IT)
    i.HAL_DMA_DeInit                         0x08000af6   Section        0  stm32f4xx_hal_dma.o(i.HAL_DMA_DeInit)
    i.HAL_DMA_IRQHandler                     0x08000b58   Section        0  stm32f4xx_hal_dma.o(i.HAL_DMA_IRQHandler)
    i.HAL_DMA_Init                           0x08000cf8   Section        0  stm32f4xx_hal_dma.o(i.HAL_DMA_Init)
    i.HAL_DMA_Start_IT                       0x08000dcc   Section        0  stm32f4xx_hal_dma.o(i.HAL_DMA_Start_IT)
    i.HAL_FLASHEx_Erase                      0x08000e3c   Section        0  stm32f4xx_hal_flash_ex.o(i.HAL_FLASHEx_Erase)
    i.HAL_FLASH_Lock                         0x08000ed4   Section        0  stm32f4xx_hal_flash.o(i.HAL_FLASH_Lock)
    i.HAL_FLASH_Program                      0x08000ee8   Section        0  stm32f4xx_hal_flash.o(i.HAL_FLASH_Program)
    i.HAL_FLASH_Unlock                       0x08000f64   Section        0  stm32f4xx_hal_flash.o(i.HAL_FLASH_Unlock)
    i.HAL_GPIO_DeInit                        0x08000f90   Section        0  stm32f4xx_hal_gpio.o(i.HAL_GPIO_DeInit)
    i.HAL_GPIO_Init                          0x080010f8   Section        0  stm32f4xx_hal_gpio.o(i.HAL_GPIO_Init)
    i.HAL_GetTick                            0x080012e8   Section        0  stm32f4xx_hal.o(i.HAL_GetTick)
    i.HAL_IncTick                            0x080012f4   Section        0  stm32f4xx_hal.o(i.HAL_IncTick)
    i.HAL_Init                               0x08001304   Section        0  stm32f4xx_hal.o(i.HAL_Init)
    i.HAL_InitTick                           0x08001338   Section        0  stm32f4xx_hal.o(i.HAL_InitTick)
    i.HAL_MspInit                            0x08001378   Section        0  stm32f4xx_hal_msp.o(i.HAL_MspInit)
    i.HAL_NVIC_DisableIRQ                    0x080013a8   Section        0  stm32f4xx_hal_cortex.o(i.HAL_NVIC_DisableIRQ)
    i.HAL_NVIC_EnableIRQ                     0x080013ca   Section        0  stm32f4xx_hal_cortex.o(i.HAL_NVIC_EnableIRQ)
    i.HAL_NVIC_SetPriority                   0x080013e4   Section        0  stm32f4xx_hal_cortex.o(i.HAL_NVIC_SetPriority)
    i.HAL_NVIC_SetPriorityGrouping           0x08001424   Section        0  stm32f4xx_hal_cortex.o(i.HAL_NVIC_SetPriorityGrouping)
    i.HAL_RCC_ClockConfig                    0x08001448   Section        0  stm32f4xx_hal_rcc.o(i.HAL_RCC_ClockConfig)
    i.HAL_RCC_GetPCLK1Freq                   0x0800157c   Section        0  stm32f4xx_hal_rcc.o(i.HAL_RCC_GetPCLK1Freq)
    i.HAL_RCC_GetPCLK2Freq                   0x0800159c   Section        0  stm32f4xx_hal_rcc.o(i.HAL_RCC_GetPCLK2Freq)
    i.HAL_RCC_GetSysClockFreq                0x080015bc   Section        0  stm32f4xx_hal_rcc.o(i.HAL_RCC_GetSysClockFreq)
    i.HAL_RCC_OscConfig                      0x0800161c   Section        0  stm32f4xx_hal_rcc.o(i.HAL_RCC_OscConfig)
    i.HAL_SYSTICK_Config                     0x08001988   Section        0  stm32f4xx_hal_cortex.o(i.HAL_SYSTICK_Config)
    i.HAL_UARTEx_ReceiveToIdle_DMA           0x080019b0   Section        0  stm32f4xx_hal_uart.o(i.HAL_UARTEx_ReceiveToIdle_DMA)
    i.HAL_UARTEx_RxEventCallback             0x08001a08   Section        0  myusart.o(i.HAL_UARTEx_RxEventCallback)
    i.HAL_UART_DMAStop                       0x08001ae4   Section        0  stm32f4xx_hal_uart.o(i.HAL_UART_DMAStop)
    i.HAL_UART_DeInit                        0x08001b54   Section        0  stm32f4xx_hal_uart.o(i.HAL_UART_DeInit)
    i.HAL_UART_ErrorCallback                 0x08001b88   Section        0  stm32f4xx_hal_uart.o(i.HAL_UART_ErrorCallback)
    i.HAL_UART_IRQHandler                    0x08001b8c   Section        0  stm32f4xx_hal_uart.o(i.HAL_UART_IRQHandler)
    i.HAL_UART_Init                          0x08001df4   Section        0  stm32f4xx_hal_uart.o(i.HAL_UART_Init)
    i.HAL_UART_MspDeInit                     0x08001e58   Section        0  usart.o(i.HAL_UART_MspDeInit)
    i.HAL_UART_MspInit                       0x08001ec0   Section        0  usart.o(i.HAL_UART_MspInit)
    i.HAL_UART_RxCpltCallback                0x08001ffc   Section        0  stm32f4xx_hal_uart.o(i.HAL_UART_RxCpltCallback)
    i.HAL_UART_RxHalfCpltCallback            0x08001ffe   Section        0  stm32f4xx_hal_uart.o(i.HAL_UART_RxHalfCpltCallback)
    i.HAL_UART_Transmit                      0x08002000   Section        0  stm32f4xx_hal_uart.o(i.HAL_UART_Transmit)
    i.HAL_UART_TxCpltCallback                0x080020b2   Section        0  stm32f4xx_hal_uart.o(i.HAL_UART_TxCpltCallback)
    i.HardFault_Handler                      0x080020b4   Section        0  stm32f4xx_it.o(i.HardFault_Handler)
    i.MX_DMA_Init                            0x080020b8   Section        0  dma.o(i.MX_DMA_Init)
    i.MX_GPIO_Init                           0x08002104   Section        0  gpio.o(i.MX_GPIO_Init)
    i.MX_USART1_UART_Init                    0x08002130   Section        0  usart.o(i.MX_USART1_UART_Init)
    i.MX_USART2_UART_Init                    0x08002180   Section        0  usart.o(i.MX_USART2_UART_Init)
    i.MemManage_Handler                      0x080021d0   Section        0  stm32f4xx_it.o(i.MemManage_Handler)
    i.NMI_Handler                            0x080021d2   Section        0  stm32f4xx_it.o(i.NMI_Handler)
    i.PendSV_Handler                         0x080021d4   Section        0  stm32f4xx_it.o(i.PendSV_Handler)
    i.SVC_Handler                            0x080021d6   Section        0  stm32f4xx_it.o(i.SVC_Handler)
    i.SysTick_Handler                        0x080021d8   Section        0  stm32f4xx_it.o(i.SysTick_Handler)
    i.SystemClock_Config                     0x080021dc   Section        0  main.o(i.SystemClock_Config)
    i.SystemInit                             0x08002270   Section        0  system_stm32f4xx.o(i.SystemInit)
    i.UART_DMAAbortOnError                   0x08002280   Section        0  stm32f4xx_hal_uart.o(i.UART_DMAAbortOnError)
    UART_DMAAbortOnError                     0x08002281   Thumb Code    16  stm32f4xx_hal_uart.o(i.UART_DMAAbortOnError)
    i.UART_DMAError                          0x08002290   Section        0  stm32f4xx_hal_uart.o(i.UART_DMAError)
    UART_DMAError                            0x08002291   Thumb Code    74  stm32f4xx_hal_uart.o(i.UART_DMAError)
    i.UART_DMAReceiveCplt                    0x080022da   Section        0  stm32f4xx_hal_uart.o(i.UART_DMAReceiveCplt)
    UART_DMAReceiveCplt                      0x080022db   Thumb Code   130  stm32f4xx_hal_uart.o(i.UART_DMAReceiveCplt)
    i.UART_DMARxHalfCplt                     0x0800235c   Section        0  stm32f4xx_hal_uart.o(i.UART_DMARxHalfCplt)
    UART_DMARxHalfCplt                       0x0800235d   Thumb Code    26  stm32f4xx_hal_uart.o(i.UART_DMARxHalfCplt)
    i.UART_EndRxTransfer                     0x08002376   Section        0  stm32f4xx_hal_uart.o(i.UART_EndRxTransfer)
    UART_EndRxTransfer                       0x08002377   Thumb Code    78  stm32f4xx_hal_uart.o(i.UART_EndRxTransfer)
    i.UART_EndTxTransfer                     0x080023c4   Section        0  stm32f4xx_hal_uart.o(i.UART_EndTxTransfer)
    UART_EndTxTransfer                       0x080023c5   Thumb Code    28  stm32f4xx_hal_uart.o(i.UART_EndTxTransfer)
    i.UART_Receive_IT                        0x080023e0   Section        0  stm32f4xx_hal_uart.o(i.UART_Receive_IT)
    UART_Receive_IT                          0x080023e1   Thumb Code   192  stm32f4xx_hal_uart.o(i.UART_Receive_IT)
    i.UART_SetConfig                         0x080024a0   Section        0  stm32f4xx_hal_uart.o(i.UART_SetConfig)
    UART_SetConfig                           0x080024a1   Thumb Code   258  stm32f4xx_hal_uart.o(i.UART_SetConfig)
    i.UART_Start_Receive_DMA                 0x080025ac   Section        0  stm32f4xx_hal_uart.o(i.UART_Start_Receive_DMA)
    i.UART_WaitOnFlagUntilTimeout            0x0800263c   Section        0  stm32f4xx_hal_uart.o(i.UART_WaitOnFlagUntilTimeout)
    UART_WaitOnFlagUntilTimeout              0x0800263d   Thumb Code   120  stm32f4xx_hal_uart.o(i.UART_WaitOnFlagUntilTimeout)
    i.USART1_IRQHandler                      0x080026b4   Section        0  stm32f4xx_it.o(i.USART1_IRQHandler)
    i.USART2_IRQHandler                      0x080026c0   Section        0  stm32f4xx_it.o(i.USART2_IRQHandler)
    i.UsageFault_Handler                     0x080026cc   Section        0  stm32f4xx_it.o(i.UsageFault_Handler)
    i.__0vsnprintf                           0x080026d0   Section        0  printfa.o(i.__0vsnprintf)
    i.__NVIC_SetPriority                     0x080026fc   Section        0  stm32f4xx_hal_cortex.o(i.__NVIC_SetPriority)
    __NVIC_SetPriority                       0x080026fd   Thumb Code    32  stm32f4xx_hal_cortex.o(i.__NVIC_SetPriority)
    i.__scatterload_copy                     0x0800271c   Section       14  handlers.o(i.__scatterload_copy)
    i.__scatterload_null                     0x0800272a   Section        2  handlers.o(i.__scatterload_null)
    i.__scatterload_zeroinit                 0x0800272c   Section       14  handlers.o(i.__scatterload_zeroinit)
    i._fp_digits                             0x0800273c   Section        0  printfa.o(i._fp_digits)
    _fp_digits                               0x0800273d   Thumb Code   366  printfa.o(i._fp_digits)
    i._printf_core                           0x080028c0   Section        0  printfa.o(i._printf_core)
    _printf_core                             0x080028c1   Thumb Code  1744  printfa.o(i._printf_core)
    i._printf_post_padding                   0x08002f9c   Section        0  printfa.o(i._printf_post_padding)
    _printf_post_padding                     0x08002f9d   Thumb Code    36  printfa.o(i._printf_post_padding)
    i._printf_pre_padding                    0x08002fc0   Section        0  printfa.o(i._printf_pre_padding)
    _printf_pre_padding                      0x08002fc1   Thumb Code    46  printfa.o(i._printf_pre_padding)
    i._snputc                                0x08002fee   Section        0  printfa.o(i._snputc)
    _snputc                                  0x08002fef   Thumb Code    22  printfa.o(i._snputc)
    i.boot_port_flash_erase                  0x08003004   Section        0  boot_port_stm32f407.o(i.boot_port_flash_erase)
    i.boot_port_flash_read                   0x08003078   Section        0  boot_port_stm32f407.o(i.boot_port_flash_read)
    i.boot_port_flash_write                  0x08003088   Section        0  boot_port_stm32f407.o(i.boot_port_flash_write)
    i.boot_port_jump_to_app                  0x080030c4   Section        0  boot_port_stm32f407.o(i.boot_port_jump_to_app)
    i.boot_port_log                          0x08003134   Section        0  boot_port_stm32f407.o(i.boot_port_log)
    i.boot_port_system_reset                 0x08003164   Section        0  boot_port_stm32f407.o(i.boot_port_system_reset)
    i.boot_port_uart_read                    0x08003188   Section        0  boot_port_stm32f407.o(i.boot_port_uart_read)
    i.boot_port_uart_write                   0x08003198   Section        0  boot_port_stm32f407.o(i.boot_port_uart_write)
    i.bootloader_check_app_valid             0x080031b8   Section        0  easy_bootloader.o(i.bootloader_check_app_valid)
    bootloader_check_app_valid               0x080031b9   Thumb Code    88  easy_bootloader.o(i.bootloader_check_app_valid)
    i.bootloader_consume_cache               0x080032a4   Section        0  easy_bootloader.o(i.bootloader_consume_cache)
    bootloader_consume_cache                 0x080032a5   Thumb Code    40  easy_bootloader.o(i.bootloader_consume_cache)
    i.bootloader_handle_payload              0x080032d0   Section        0  easy_bootloader.o(i.bootloader_handle_payload)
    bootloader_handle_payload                0x080032d1   Thumb Code   160  easy_bootloader.o(i.bootloader_handle_payload)
    i.bootloader_prepare_download            0x08003434   Section        0  easy_bootloader.o(i.bootloader_prepare_download)
    bootloader_prepare_download              0x08003435   Thumb Code    70  easy_bootloader.o(i.bootloader_prepare_download)
    i.bootloader_stream_flush                0x080034bc   Section        0  easy_bootloader.o(i.bootloader_stream_flush)
    bootloader_stream_flush                  0x080034bd   Thumb Code    76  easy_bootloader.o(i.bootloader_stream_flush)
    i.bootloader_stream_write                0x0800350c   Section        0  easy_bootloader.o(i.bootloader_stream_write)
    bootloader_stream_write                  0x0800350d   Thumb Code   166  easy_bootloader.o(i.bootloader_stream_write)
    i.bootloader_try_extract_frame           0x080035b8   Section        0  easy_bootloader.o(i.bootloader_try_extract_frame)
    bootloader_try_extract_frame             0x080035b9   Thumb Code   184  easy_bootloader.o(i.bootloader_try_extract_frame)
    i.bootloader_write_flag_region           0x08003678   Section        0  easy_bootloader.o(i.bootloader_write_flag_region)
    bootloader_write_flag_region             0x08003679   Thumb Code   150  easy_bootloader.o(i.bootloader_write_flag_region)
    i.easy_bootloader_init                   0x08003730   Section        0  easy_bootloader.o(i.easy_bootloader_init)
    i.easy_bootloader_run                    0x08003974   Section        0  easy_bootloader.o(i.easy_bootloader_run)
    i.get_sector_index                       0x080039f4   Section        0  boot_port_stm32f407.o(i.get_sector_index)
    get_sector_index                         0x080039f5   Thumb Code    44  boot_port_stm32f407.o(i.get_sector_index)
    i.main                                   0x08003a24   Section        0  main.o(i.main)
    i.myusart_init                           0x08003a48   Section        0  myusart.o(i.myusart_init)
    i.rt_ringbuffer_data_len                 0x08003a70   Section        0  ringbuffer.o(i.rt_ringbuffer_data_len)
    i.rt_ringbuffer_get                      0x08003aa0   Section        0  ringbuffer.o(i.rt_ringbuffer_get)
    i.rt_ringbuffer_init                     0x08003b14   Section        0  ringbuffer.o(i.rt_ringbuffer_init)
    i.rt_ringbuffer_put                      0x08003b44   Section        0  ringbuffer.o(i.rt_ringbuffer_put)
    i.rt_ringbuffer_reset                    0x08003bbc   Section        0  ringbuffer.o(i.rt_ringbuffer_reset)
    i.rt_ringbuffer_status                   0x08003bcc   Section        0  ringbuffer.o(i.rt_ringbuffer_status)
    i.scheduler_init                         0x08003bec   Section        0  scheduler.o(i.scheduler_init)
    i.scheduler_run                          0x08003c04   Section        0  scheduler.o(i.scheduler_run)
    i.uart1_task                             0x08003c40   Section        0  myusart.o(i.uart1_task)
    i.uart_printf                            0x08003c94   Section        0  myusart.o(i.uart_printf)
    .constdata                               0x08003cca   Section        8  stm32f4xx_hal_dma.o(.constdata)
    flagBitshiftOffset                       0x08003cca   Data           8  stm32f4xx_hal_dma.o(.constdata)
    .constdata                               0x08003cd2   Section       16  system_stm32f4xx.o(.constdata)
    .constdata                               0x08003ce2   Section        8  system_stm32f4xx.o(.constdata)
    .constdata                               0x08003cec   Section      144  boot_port_stm32f407.o(.constdata)
    flash_sectors                            0x08003cec   Data         144  boot_port_stm32f407.o(.constdata)
    .constdata                               0x08003d7c   Section        6  easy_bootloader.o(.constdata)
    g_boot_ack                               0x08003d7c   Data           6  easy_bootloader.o(.constdata)
    .data                                    0x20000000   Section       12  stm32f4xx_hal.o(.data)
    .data                                    0x2000000c   Section        4  system_stm32f4xx.o(.data)
    .data                                    0x20000010   Section       28  scheduler.o(.data)
    scheduler_task                           0x20000014   Data          24  scheduler.o(.data)
    .bss                                     0x2000002c   Section      328  usart.o(.bss)
    .bss                                     0x20000174   Section       32  stm32f4xx_hal_flash.o(.bss)
    .bss                                     0x20000194   Section     3480  myusart.o(.bss)
    .bss                                     0x20000f2c   Section     1044  easy_bootloader.o(.bss)
    g_boot_ctx                               0x20000f2c   Data        1044  easy_bootloader.o(.bss)
    STACK                                    0x20001340   Section     1024  startup_stm32f407xx.o(STACK)

    Global Symbols

    Symbol Name                              Value     Ov Type        Size  Object(Section)

    BuildAttributes$$THM_ISAv4$E$P$D$K$B$S$7EM$VFPi3$EXTD16$VFPS$VFMA$PE$A:L22UL41UL21$X:L11$S22US41US21$IEEE1$IW$USESV6$~STKCKD$USESV7$~SHL$OSPACE$ROPI$EBA8$MICROLIB$REQ8$PRES8$EABIv2 0x00000000   Number         0  anon$$obj.o ABSOLUTE
    __ARM_use_no_argv                        0x00000000   Number         0  main.o ABSOLUTE
    __cpp_initialize__aeabi_                  - Undefined Weak Reference
    __cxa_finalize                            - Undefined Weak Reference
    __decompress                              - Undefined Weak Reference
    _clock_init                               - Undefined Weak Reference
    _microlib_exit                            - Undefined Weak Reference
    __Vectors_Size                           0x00000188   Number         0  startup_stm32f407xx.o ABSOLUTE
    __Vectors                                0x08000000   Data           4  startup_stm32f407xx.o(RESET)
    __Vectors_End                            0x08000188   Data           0  startup_stm32f407xx.o(RESET)
    __main                                   0x08000189   Thumb Code     0  entry.o(.ARM.Collect$$$$00000000)
    _main_stk                                0x08000189   Thumb Code     0  entry2.o(.ARM.Collect$$$$00000001)
    _main_scatterload                        0x0800018d   Thumb Code     0  entry5.o(.ARM.Collect$$$$00000004)
    __main_after_scatterload                 0x08000191   Thumb Code     0  entry5.o(.ARM.Collect$$$$00000004)
    _main_clock                              0x08000191   Thumb Code     0  entry7b.o(.ARM.Collect$$$$00000008)
    _main_cpp_init                           0x08000191   Thumb Code     0  entry8b.o(.ARM.Collect$$$$0000000A)
    _main_init                               0x08000191   Thumb Code     0  entry9a.o(.ARM.Collect$$$$0000000B)
    __rt_final_cpp                           0x08000199   Thumb Code     0  entry10a.o(.ARM.Collect$$$$0000000D)
    __rt_final_exit                          0x08000199   Thumb Code     0  entry11a.o(.ARM.Collect$$$$0000000F)
    Reset_Handler                            0x0800019d   Thumb Code     8  startup_stm32f407xx.o(.text)
    ADC_IRQHandler                           0x080001b7   Thumb Code     0  startup_stm32f407xx.o(.text)
    CAN1_RX0_IRQHandler                      0x080001b7   Thumb Code     0  startup_stm32f407xx.o(.text)
    CAN1_RX1_IRQHandler                      0x080001b7   Thumb Code     0  startup_stm32f407xx.o(.text)
    CAN1_SCE_IRQHandler                      0x080001b7   Thumb Code     0  startup_stm32f407xx.o(.text)
    CAN1_TX_IRQHandler                       0x080001b7   Thumb Code     0  startup_stm32f407xx.o(.text)
    CAN2_RX0_IRQHandler                      0x080001b7   Thumb Code     0  startup_stm32f407xx.o(.text)
    CAN2_RX1_IRQHandler                      0x080001b7   Thumb Code     0  startup_stm32f407xx.o(.text)
    CAN2_SCE_IRQHandler                      0x080001b7   Thumb Code     0  startup_stm32f407xx.o(.text)
    CAN2_TX_IRQHandler                       0x080001b7   Thumb Code     0  startup_stm32f407xx.o(.text)
    DCMI_IRQHandler                          0x080001b7   Thumb Code     0  startup_stm32f407xx.o(.text)
    DMA1_Stream0_IRQHandler                  0x080001b7   Thumb Code     0  startup_stm32f407xx.o(.text)
    DMA1_Stream1_IRQHandler                  0x080001b7   Thumb Code     0  startup_stm32f407xx.o(.text)
    DMA1_Stream2_IRQHandler                  0x080001b7   Thumb Code     0  startup_stm32f407xx.o(.text)
    DMA1_Stream3_IRQHandler                  0x080001b7   Thumb Code     0  startup_stm32f407xx.o(.text)
    DMA1_Stream4_IRQHandler                  0x080001b7   Thumb Code     0  startup_stm32f407xx.o(.text)
    DMA1_Stream6_IRQHandler                  0x080001b7   Thumb Code     0  startup_stm32f407xx.o(.text)
    DMA1_Stream7_IRQHandler                  0x080001b7   Thumb Code     0  startup_stm32f407xx.o(.text)
    DMA2_Stream0_IRQHandler                  0x080001b7   Thumb Code     0  startup_stm32f407xx.o(.text)
    DMA2_Stream1_IRQHandler                  0x080001b7   Thumb Code     0  startup_stm32f407xx.o(.text)
    DMA2_Stream3_IRQHandler                  0x080001b7   Thumb Code     0  startup_stm32f407xx.o(.text)
    DMA2_Stream4_IRQHandler                  0x080001b7   Thumb Code     0  startup_stm32f407xx.o(.text)
    DMA2_Stream5_IRQHandler                  0x080001b7   Thumb Code     0  startup_stm32f407xx.o(.text)
    DMA2_Stream6_IRQHandler                  0x080001b7   Thumb Code     0  startup_stm32f407xx.o(.text)
    DMA2_Stream7_IRQHandler                  0x080001b7   Thumb Code     0  startup_stm32f407xx.o(.text)
    ETH_IRQHandler                           0x080001b7   Thumb Code     0  startup_stm32f407xx.o(.text)
    ETH_WKUP_IRQHandler                      0x080001b7   Thumb Code     0  startup_stm32f407xx.o(.text)
    EXTI0_IRQHandler                         0x080001b7   Thumb Code     0  startup_stm32f407xx.o(.text)
    EXTI15_10_IRQHandler                     0x080001b7   Thumb Code     0  startup_stm32f407xx.o(.text)
    EXTI1_IRQHandler                         0x080001b7   Thumb Code     0  startup_stm32f407xx.o(.text)
    EXTI2_IRQHandler                         0x080001b7   Thumb Code     0  startup_stm32f407xx.o(.text)
    EXTI3_IRQHandler                         0x080001b7   Thumb Code     0  startup_stm32f407xx.o(.text)
    EXTI4_IRQHandler                         0x080001b7   Thumb Code     0  startup_stm32f407xx.o(.text)
    EXTI9_5_IRQHandler                       0x080001b7   Thumb Code     0  startup_stm32f407xx.o(.text)
    FLASH_IRQHandler                         0x080001b7   Thumb Code     0  startup_stm32f407xx.o(.text)
    FMC_IRQHandler                           0x080001b7   Thumb Code     0  startup_stm32f407xx.o(.text)
    FPU_IRQHandler                           0x080001b7   Thumb Code     0  startup_stm32f407xx.o(.text)
    HASH_RNG_IRQHandler                      0x080001b7   Thumb Code     0  startup_stm32f407xx.o(.text)
    I2C1_ER_IRQHandler                       0x080001b7   Thumb Code     0  startup_stm32f407xx.o(.text)
    I2C1_EV_IRQHandler                       0x080001b7   Thumb Code     0  startup_stm32f407xx.o(.text)
    I2C2_ER_IRQHandler                       0x080001b7   Thumb Code     0  startup_stm32f407xx.o(.text)
    I2C2_EV_IRQHandler                       0x080001b7   Thumb Code     0  startup_stm32f407xx.o(.text)
    I2C3_ER_IRQHandler                       0x080001b7   Thumb Code     0  startup_stm32f407xx.o(.text)
    I2C3_EV_IRQHandler                       0x080001b7   Thumb Code     0  startup_stm32f407xx.o(.text)
    OTG_FS_IRQHandler                        0x080001b7   Thumb Code     0  startup_stm32f407xx.o(.text)
    OTG_FS_WKUP_IRQHandler                   0x080001b7   Thumb Code     0  startup_stm32f407xx.o(.text)
    OTG_HS_EP1_IN_IRQHandler                 0x080001b7   Thumb Code     0  startup_stm32f407xx.o(.text)
    OTG_HS_EP1_OUT_IRQHandler                0x080001b7   Thumb Code     0  startup_stm32f407xx.o(.text)
    OTG_HS_IRQHandler                        0x080001b7   Thumb Code     0  startup_stm32f407xx.o(.text)
    OTG_HS_WKUP_IRQHandler                   0x080001b7   Thumb Code     0  startup_stm32f407xx.o(.text)
    PVD_IRQHandler                           0x080001b7   Thumb Code     0  startup_stm32f407xx.o(.text)
    RCC_IRQHandler                           0x080001b7   Thumb Code     0  startup_stm32f407xx.o(.text)
    RTC_Alarm_IRQHandler                     0x080001b7   Thumb Code     0  startup_stm32f407xx.o(.text)
    RTC_WKUP_IRQHandler                      0x080001b7   Thumb Code     0  startup_stm32f407xx.o(.text)
    SDIO_IRQHandler                          0x080001b7   Thumb Code     0  startup_stm32f407xx.o(.text)
    SPI1_IRQHandler                          0x080001b7   Thumb Code     0  startup_stm32f407xx.o(.text)
    SPI2_IRQHandler                          0x080001b7   Thumb Code     0  startup_stm32f407xx.o(.text)
    SPI3_IRQHandler                          0x080001b7   Thumb Code     0  startup_stm32f407xx.o(.text)
    TAMP_STAMP_IRQHandler                    0x080001b7   Thumb Code     0  startup_stm32f407xx.o(.text)
    TIM1_BRK_TIM9_IRQHandler                 0x080001b7   Thumb Code     0  startup_stm32f407xx.o(.text)
    TIM1_CC_IRQHandler                       0x080001b7   Thumb Code     0  startup_stm32f407xx.o(.text)
    TIM1_TRG_COM_TIM11_IRQHandler            0x080001b7   Thumb Code     0  startup_stm32f407xx.o(.text)
    TIM1_UP_TIM10_IRQHandler                 0x080001b7   Thumb Code     0  startup_stm32f407xx.o(.text)
    TIM2_IRQHandler                          0x080001b7   Thumb Code     0  startup_stm32f407xx.o(.text)
    TIM3_IRQHandler                          0x080001b7   Thumb Code     0  startup_stm32f407xx.o(.text)
    TIM4_IRQHandler                          0x080001b7   Thumb Code     0  startup_stm32f407xx.o(.text)
    TIM5_IRQHandler                          0x080001b7   Thumb Code     0  startup_stm32f407xx.o(.text)
    TIM6_DAC_IRQHandler                      0x080001b7   Thumb Code     0  startup_stm32f407xx.o(.text)
    TIM7_IRQHandler                          0x080001b7   Thumb Code     0  startup_stm32f407xx.o(.text)
    TIM8_BRK_TIM12_IRQHandler                0x080001b7   Thumb Code     0  startup_stm32f407xx.o(.text)
    TIM8_CC_IRQHandler                       0x080001b7   Thumb Code     0  startup_stm32f407xx.o(.text)
    TIM8_TRG_COM_TIM14_IRQHandler            0x080001b7   Thumb Code     0  startup_stm32f407xx.o(.text)
    TIM8_UP_TIM13_IRQHandler                 0x080001b7   Thumb Code     0  startup_stm32f407xx.o(.text)
    UART4_IRQHandler                         0x080001b7   Thumb Code     0  startup_stm32f407xx.o(.text)
    UART5_IRQHandler                         0x080001b7   Thumb Code     0  startup_stm32f407xx.o(.text)
    USART3_IRQHandler                        0x080001b7   Thumb Code     0  startup_stm32f407xx.o(.text)
    USART6_IRQHandler                        0x080001b7   Thumb Code     0  startup_stm32f407xx.o(.text)
    WWDG_IRQHandler                          0x080001b7   Thumb Code     0  startup_stm32f407xx.o(.text)
    __aeabi_uldivmod                         0x080001c1   Thumb Code    98  uldiv.o(.text)
    ___aeabi_memcpy8$move                    0x08000223   Thumb Code     0  memmovea.o(.text)
    __aeabi_memcpy                           0x08000223   Thumb Code    64  memmovea.o(.text)
    __aeabi_memcpy4                          0x08000223   Thumb Code     0  memmovea.o(.text)
    __aeabi_memmove                          0x08000223   Thumb Code     0  memmovea.o(.text)
    __aeabi_memmove4                         0x08000223   Thumb Code     0  memmovea.o(.text)
    __aeabi_memmove8                         0x08000223   Thumb Code     0  memmovea.o(.text)
    __aeabi_memset                           0x08000263   Thumb Code    14  memseta.o(.text)
    __aeabi_memset4                          0x08000263   Thumb Code     0  memseta.o(.text)
    __aeabi_memset8                          0x08000263   Thumb Code     0  memseta.o(.text)
    __aeabi_memclr                           0x08000271   Thumb Code     4  memseta.o(.text)
    __aeabi_memclr4                          0x08000271   Thumb Code     0  memseta.o(.text)
    __aeabi_memclr8                          0x08000271   Thumb Code     0  memseta.o(.text)
    _memset$wrapper                          0x08000275   Thumb Code    18  memseta.o(.text)
    __aeabi_uidiv                            0x08000287   Thumb Code     0  uidiv.o(.text)
    __aeabi_uidivmod                         0x08000287   Thumb Code    44  uidiv.o(.text)
    __aeabi_llsl                             0x080002b3   Thumb Code    30  llshl.o(.text)
    _ll_shift_l                              0x080002b3   Thumb Code     0  llshl.o(.text)
    __aeabi_llsr                             0x080002d1   Thumb Code    32  llushr.o(.text)
    _ll_ushift_r                             0x080002d1   Thumb Code     0  llushr.o(.text)
    __I$use$fp                               0x080002f1   Thumb Code     0  iusefp.o(.text)
    __aeabi_dadd                             0x080002f1   Thumb Code   322  dadd.o(.text)
    __aeabi_dsub                             0x08000433   Thumb Code     6  dadd.o(.text)
    __aeabi_drsub                            0x08000439   Thumb Code     6  dadd.o(.text)
    __aeabi_dmul                             0x0800043f   Thumb Code   228  dmul.o(.text)
    __aeabi_ddiv                             0x08000523   Thumb Code   222  ddiv.o(.text)
    __aeabi_d2ulz                            0x08000601   Thumb Code    48  dfixul.o(.text)
    __aeabi_cdrcmple                         0x08000631   Thumb Code    48  cdrcmple.o(.text)
    __scatterload                            0x08000661   Thumb Code    28  init.o(.text)
    __scatterload_rt2                        0x08000661   Thumb Code     0  init.o(.text)
    __aeabi_lasr                             0x08000685   Thumb Code    36  llsshr.o(.text)
    _ll_sshift_r                             0x08000685   Thumb Code     0  llsshr.o(.text)
    _double_round                            0x080006a9   Thumb Code    30  depilogue.o(.text)
    _double_epilogue                         0x080006c7   Thumb Code   156  depilogue.o(.text)
    BusFault_Handler                         0x08000763   Thumb Code     2  stm32f4xx_it.o(i.BusFault_Handler)
    DMA1_Stream5_IRQHandler                  0x08000765   Thumb Code     6  stm32f4xx_it.o(i.DMA1_Stream5_IRQHandler)
    DMA2_Stream2_IRQHandler                  0x08000771   Thumb Code     6  stm32f4xx_it.o(i.DMA2_Stream2_IRQHandler)
    DebugMon_Handler                         0x08000821   Thumb Code     2  stm32f4xx_it.o(i.DebugMon_Handler)
    Error_Handler                            0x08000823   Thumb Code     4  main.o(i.Error_Handler)
    FLASH_Erase_Sector                       0x08000829   Thumb Code    74  stm32f4xx_hal_flash_ex.o(i.FLASH_Erase_Sector)
    FLASH_FlushCaches                        0x08000879   Thumb Code    80  stm32f4xx_hal_flash_ex.o(i.FLASH_FlushCaches)
    FLASH_WaitForLastOperation               0x080009f1   Thumb Code    72  stm32f4xx_hal_flash.o(i.FLASH_WaitForLastOperation)
    HAL_DMA_Abort                            0x08000a41   Thumb Code   146  stm32f4xx_hal_dma.o(i.HAL_DMA_Abort)
    HAL_DMA_Abort_IT                         0x08000ad3   Thumb Code    36  stm32f4xx_hal_dma.o(i.HAL_DMA_Abort_IT)
    HAL_DMA_DeInit                           0x08000af7   Thumb Code    98  stm32f4xx_hal_dma.o(i.HAL_DMA_DeInit)
    HAL_DMA_IRQHandler                       0x08000b59   Thumb Code   412  stm32f4xx_hal_dma.o(i.HAL_DMA_IRQHandler)
    HAL_DMA_Init                             0x08000cf9   Thumb Code   206  stm32f4xx_hal_dma.o(i.HAL_DMA_Init)
    HAL_DMA_Start_IT                         0x08000dcd   Thumb Code   110  stm32f4xx_hal_dma.o(i.HAL_DMA_Start_IT)
    HAL_FLASHEx_Erase                        0x08000e3d   Thumb Code   144  stm32f4xx_hal_flash_ex.o(i.HAL_FLASHEx_Erase)
    HAL_FLASH_Lock                           0x08000ed5   Thumb Code    14  stm32f4xx_hal_flash.o(i.HAL_FLASH_Lock)
    HAL_FLASH_Program                        0x08000ee9   Thumb Code   116  stm32f4xx_hal_flash.o(i.HAL_FLASH_Program)
    HAL_FLASH_Unlock                         0x08000f65   Thumb Code    32  stm32f4xx_hal_flash.o(i.HAL_FLASH_Unlock)
    HAL_GPIO_DeInit                          0x08000f91   Thumb Code   320  stm32f4xx_hal_gpio.o(i.HAL_GPIO_DeInit)
    HAL_GPIO_Init                            0x080010f9   Thumb Code   450  stm32f4xx_hal_gpio.o(i.HAL_GPIO_Init)
    HAL_GetTick                              0x080012e9   Thumb Code     6  stm32f4xx_hal.o(i.HAL_GetTick)
    HAL_IncTick                              0x080012f5   Thumb Code    12  stm32f4xx_hal.o(i.HAL_IncTick)
    HAL_Init                                 0x08001305   Thumb Code    48  stm32f4xx_hal.o(i.HAL_Init)
    HAL_InitTick                             0x08001339   Thumb Code    54  stm32f4xx_hal.o(i.HAL_InitTick)
    HAL_MspInit                              0x08001379   Thumb Code    42  stm32f4xx_hal_msp.o(i.HAL_MspInit)
    HAL_NVIC_DisableIRQ                      0x080013a9   Thumb Code    34  stm32f4xx_hal_cortex.o(i.HAL_NVIC_DisableIRQ)
    HAL_NVIC_EnableIRQ                       0x080013cb   Thumb Code    26  stm32f4xx_hal_cortex.o(i.HAL_NVIC_EnableIRQ)
    HAL_NVIC_SetPriority                     0x080013e5   Thumb Code    60  stm32f4xx_hal_cortex.o(i.HAL_NVIC_SetPriority)
    HAL_NVIC_SetPriorityGrouping             0x08001425   Thumb Code    26  stm32f4xx_hal_cortex.o(i.HAL_NVIC_SetPriorityGrouping)
    HAL_RCC_ClockConfig                      0x08001449   Thumb Code   288  stm32f4xx_hal_rcc.o(i.HAL_RCC_ClockConfig)
    HAL_RCC_GetPCLK1Freq                     0x0800157d   Thumb Code    20  stm32f4xx_hal_rcc.o(i.HAL_RCC_GetPCLK1Freq)
    HAL_RCC_GetPCLK2Freq                     0x0800159d   Thumb Code    20  stm32f4xx_hal_rcc.o(i.HAL_RCC_GetPCLK2Freq)
    HAL_RCC_GetSysClockFreq                  0x080015bd   Thumb Code    88  stm32f4xx_hal_rcc.o(i.HAL_RCC_GetSysClockFreq)
    HAL_RCC_OscConfig                        0x0800161d   Thumb Code   856  stm32f4xx_hal_rcc.o(i.HAL_RCC_OscConfig)
    HAL_SYSTICK_Config                       0x08001989   Thumb Code    40  stm32f4xx_hal_cortex.o(i.HAL_SYSTICK_Config)
    HAL_UARTEx_ReceiveToIdle_DMA             0x080019b1   Thumb Code    86  stm32f4xx_hal_uart.o(i.HAL_UARTEx_ReceiveToIdle_DMA)
    HAL_UARTEx_RxEventCallback               0x08001a09   Thumb Code   156  myusart.o(i.HAL_UARTEx_RxEventCallback)
    HAL_UART_DMAStop                         0x08001ae5   Thumb Code   112  stm32f4xx_hal_uart.o(i.HAL_UART_DMAStop)
    HAL_UART_DeInit                          0x08001b55   Thumb Code    52  stm32f4xx_hal_uart.o(i.HAL_UART_DeInit)
    HAL_UART_ErrorCallback                   0x08001b89   Thumb Code     2  stm32f4xx_hal_uart.o(i.HAL_UART_ErrorCallback)
    HAL_UART_IRQHandler                      0x08001b8d   Thumb Code   610  stm32f4xx_hal_uart.o(i.HAL_UART_IRQHandler)
    HAL_UART_Init                            0x08001df5   Thumb Code    98  stm32f4xx_hal_uart.o(i.HAL_UART_Init)
    HAL_UART_MspDeInit                       0x08001e59   Thumb Code    88  usart.o(i.HAL_UART_MspDeInit)
    HAL_UART_MspInit                         0x08001ec1   Thumb Code   288  usart.o(i.HAL_UART_MspInit)
    HAL_UART_RxCpltCallback                  0x08001ffd   Thumb Code     2  stm32f4xx_hal_uart.o(i.HAL_UART_RxCpltCallback)
    HAL_UART_RxHalfCpltCallback              0x08001fff   Thumb Code     2  stm32f4xx_hal_uart.o(i.HAL_UART_RxHalfCpltCallback)
    HAL_UART_Transmit                        0x08002001   Thumb Code   178  stm32f4xx_hal_uart.o(i.HAL_UART_Transmit)
    HAL_UART_TxCpltCallback                  0x080020b3   Thumb Code     2  stm32f4xx_hal_uart.o(i.HAL_UART_TxCpltCallback)
    HardFault_Handler                        0x080020b5   Thumb Code     2  stm32f4xx_it.o(i.HardFault_Handler)
    MX_DMA_Init                              0x080020b9   Thumb Code    72  dma.o(i.MX_DMA_Init)
    MX_GPIO_Init                             0x08002105   Thumb Code    38  gpio.o(i.MX_GPIO_Init)
    MX_USART1_UART_Init                      0x08002131   Thumb Code    66  usart.o(i.MX_USART1_UART_Init)
    MX_USART2_UART_Init                      0x08002181   Thumb Code    68  usart.o(i.MX_USART2_UART_Init)
    MemManage_Handler                        0x080021d1   Thumb Code     2  stm32f4xx_it.o(i.MemManage_Handler)
    NMI_Handler                              0x080021d3   Thumb Code     2  stm32f4xx_it.o(i.NMI_Handler)
    PendSV_Handler                           0x080021d5   Thumb Code     2  stm32f4xx_it.o(i.PendSV_Handler)
    SVC_Handler                              0x080021d7   Thumb Code     2  stm32f4xx_it.o(i.SVC_Handler)
    SysTick_Handler                          0x080021d9   Thumb Code     4  stm32f4xx_it.o(i.SysTick_Handler)
    SystemClock_Config                       0x080021dd   Thumb Code   138  main.o(i.SystemClock_Config)
    SystemInit                               0x08002271   Thumb Code    12  system_stm32f4xx.o(i.SystemInit)
    UART_Start_Receive_DMA                   0x080025ad   Thumb Code   130  stm32f4xx_hal_uart.o(i.UART_Start_Receive_DMA)
    USART1_IRQHandler                        0x080026b5   Thumb Code     6  stm32f4xx_it.o(i.USART1_IRQHandler)
    USART2_IRQHandler                        0x080026c1   Thumb Code     6  stm32f4xx_it.o(i.USART2_IRQHandler)
    UsageFault_Handler                       0x080026cd   Thumb Code     2  stm32f4xx_it.o(i.UsageFault_Handler)
    __0vsnprintf                             0x080026d1   Thumb Code    40  printfa.o(i.__0vsnprintf)
    __1vsnprintf                             0x080026d1   Thumb Code     0  printfa.o(i.__0vsnprintf)
    __2vsnprintf                             0x080026d1   Thumb Code     0  printfa.o(i.__0vsnprintf)
    __c89vsnprintf                           0x080026d1   Thumb Code     0  printfa.o(i.__0vsnprintf)
    vsnprintf                                0x080026d1   Thumb Code     0  printfa.o(i.__0vsnprintf)
    __scatterload_copy                       0x0800271d   Thumb Code    14  handlers.o(i.__scatterload_copy)
    __scatterload_null                       0x0800272b   Thumb Code     2  handlers.o(i.__scatterload_null)
    __scatterload_zeroinit                   0x0800272d   Thumb Code    14  handlers.o(i.__scatterload_zeroinit)
    boot_port_flash_erase                    0x08003005   Thumb Code   112  boot_port_stm32f407.o(i.boot_port_flash_erase)
    boot_port_flash_read                     0x08003079   Thumb Code    16  boot_port_stm32f407.o(i.boot_port_flash_read)
    boot_port_flash_write                    0x08003089   Thumb Code    58  boot_port_stm32f407.o(i.boot_port_flash_write)
    boot_port_jump_to_app                    0x080030c5   Thumb Code   100  boot_port_stm32f407.o(i.boot_port_jump_to_app)
    boot_port_log                            0x08003135   Thumb Code    42  boot_port_stm32f407.o(i.boot_port_log)
    boot_port_system_reset                   0x08003165   Thumb Code    26  boot_port_stm32f407.o(i.boot_port_system_reset)
    boot_port_uart_read                      0x08003189   Thumb Code    10  boot_port_stm32f407.o(i.boot_port_uart_read)
    boot_port_uart_write                     0x08003199   Thumb Code    26  boot_port_stm32f407.o(i.boot_port_uart_write)
    easy_bootloader_init                     0x08003731   Thumb Code   172  easy_bootloader.o(i.easy_bootloader_init)
    easy_bootloader_run                      0x08003975   Thumb Code    86  easy_bootloader.o(i.easy_bootloader_run)
    main                                     0x08003a25   Thumb Code    34  main.o(i.main)
    myusart_init                             0x08003a49   Thumb Code    32  myusart.o(i.myusart_init)
    rt_ringbuffer_data_len                   0x08003a71   Thumb Code    48  ringbuffer.o(i.rt_ringbuffer_data_len)
    rt_ringbuffer_get                        0x08003aa1   Thumb Code   116  ringbuffer.o(i.rt_ringbuffer_get)
    rt_ringbuffer_init                       0x08003b15   Thumb Code    48  ringbuffer.o(i.rt_ringbuffer_init)
    rt_ringbuffer_put                        0x08003b45   Thumb Code   120  ringbuffer.o(i.rt_ringbuffer_put)
    rt_ringbuffer_reset                      0x08003bbd   Thumb Code    16  ringbuffer.o(i.rt_ringbuffer_reset)
    rt_ringbuffer_status                     0x08003bcd   Thumb Code    32  ringbuffer.o(i.rt_ringbuffer_status)
    scheduler_init                           0x08003bed   Thumb Code    20  scheduler.o(i.scheduler_init)
    scheduler_run                            0x08003c05   Thumb Code    56  scheduler.o(i.scheduler_run)
    uart1_task                               0x08003c41   Thumb Code    60  myusart.o(i.uart1_task)
    uart_printf                              0x08003c95   Thumb Code    54  myusart.o(i.uart_printf)
    AHBPrescTable                            0x08003cd2   Data          16  system_stm32f4xx.o(.constdata)
    APBPrescTable                            0x08003ce2   Data           8  system_stm32f4xx.o(.constdata)
    Region$$Table$$Base                      0x08003d84   Number         0  anon$$obj.o(Region$$Table)
    Region$$Table$$Limit                     0x08003da4   Number         0  anon$$obj.o(Region$$Table)
    uwTickFreq                               0x20000000   Data           1  stm32f4xx_hal.o(.data)
    uwTickPrio                               0x20000004   Data           4  stm32f4xx_hal.o(.data)
    uwTick                                   0x20000008   Data           4  stm32f4xx_hal.o(.data)
    SystemCoreClock                          0x2000000c   Data           4  system_stm32f4xx.o(.data)
    task_num                                 0x20000010   Data           1  scheduler.o(.data)
    huart1                                   0x2000002c   Data          68  usart.o(.bss)
    huart2                                   0x20000070   Data          68  usart.o(.bss)
    hdma_usart1_rx                           0x200000b4   Data          96  usart.o(.bss)
    hdma_usart2_rx                           0x20000114   Data          96  usart.o(.bss)
    pFlash                                   0x20000174   Data          32  stm32f4xx_hal_flash.o(.bss)
    uart1_rx_dmabuffer                       0x20000194   Data         128  myusart.o(.bss)
    uart1_read_buffer                        0x20000214   Data         128  myusart.o(.bss)
    uart1_ringbuffer_struct                  0x20000294   Data          12  myusart.o(.bss)
    uart1_ringbuffer                         0x200002a0   Data         128  myusart.o(.bss)
    uart2_rx_dmabuffer                       0x20000320   Data        1024  myusart.o(.bss)
    uart2_read_buffer                        0x20000720   Data        1024  myusart.o(.bss)
    uart2_ringbuffer_struct                  0x20000b20   Data          12  myusart.o(.bss)
    uart2_ringbuffer                         0x20000b2c   Data        1024  myusart.o(.bss)
    __initial_sp                             0x20001740   Data           0  startup_stm32f407xx.o(STACK)



==============================================================================

Memory Map of the image

  Image Entry point : 0x08000189

  Load Region LR_IROM1 (Base: 0x08000000, Size: 0x00003dd0, Max: 0x00010000, ABSOLUTE)

    Execution Region ER_IROM1 (Exec base: 0x08000000, Load base: 0x08000000, Size: 0x00003da4, Max: 0x00010000, ABSOLUTE)

    Exec Addr    Load Addr    Size         Type   Attr      Idx    E Section Name        Object

    0x08000000   0x08000000   0x00000188   Data   RO            3    RESET               startup_stm32f407xx.o
    0x08000188   0x08000188   0x00000000   Code   RO         2304  * .ARM.Collect$$$$00000000  mc_w.l(entry.o)
    0x08000188   0x08000188   0x00000004   Code   RO         2349    .ARM.Collect$$$$00000001  mc_w.l(entry2.o)
    0x0800018c   0x0800018c   0x00000004   Code   RO         2352    .ARM.Collect$$$$00000004  mc_w.l(entry5.o)
    0x08000190   0x08000190   0x00000000   Code   RO         2354    .ARM.Collect$$$$00000008  mc_w.l(entry7b.o)
    0x08000190   0x08000190   0x00000000   Code   RO         2356    .ARM.Collect$$$$0000000A  mc_w.l(entry8b.o)
    0x08000190   0x08000190   0x00000008   Code   RO         2357    .ARM.Collect$$$$0000000B  mc_w.l(entry9a.o)
    0x08000198   0x08000198   0x00000000   Code   RO         2359    .ARM.Collect$$$$0000000D  mc_w.l(entry10a.o)
    0x08000198   0x08000198   0x00000000   Code   RO         2361    .ARM.Collect$$$$0000000F  mc_w.l(entry11a.o)
    0x08000198   0x08000198   0x00000004   Code   RO         2350    .ARM.Collect$$$$00002712  mc_w.l(entry2.o)
    0x0800019c   0x0800019c   0x00000024   Code   RO            4    .text               startup_stm32f407xx.o
    0x080001c0   0x080001c0   0x00000062   Code   RO         2307    .text               mc_w.l(uldiv.o)
    0x08000222   0x08000222   0x00000040   Code   RO         2313    .text               mc_w.l(memmovea.o)
    0x08000262   0x08000262   0x00000024   Code   RO         2315    .text               mc_w.l(memseta.o)
    0x08000286   0x08000286   0x0000002c   Code   RO         2366    .text               mc_w.l(uidiv.o)
    0x080002b2   0x080002b2   0x0000001e   Code   RO         2368    .text               mc_w.l(llshl.o)
    0x080002d0   0x080002d0   0x00000020   Code   RO         2370    .text               mc_w.l(llushr.o)
    0x080002f0   0x080002f0   0x00000000   Code   RO         2372    .text               mc_w.l(iusefp.o)
    0x080002f0   0x080002f0   0x0000014e   Code   RO         2373    .text               mf_w.l(dadd.o)
    0x0800043e   0x0800043e   0x000000e4   Code   RO         2375    .text               mf_w.l(dmul.o)
    0x08000522   0x08000522   0x000000de   Code   RO         2377    .text               mf_w.l(ddiv.o)
    0x08000600   0x08000600   0x00000030   Code   RO         2379    .text               mf_w.l(dfixul.o)
    0x08000630   0x08000630   0x00000030   Code   RO         2381    .text               mf_w.l(cdrcmple.o)
    0x08000660   0x08000660   0x00000024   Code   RO         2383    .text               mc_w.l(init.o)
    0x08000684   0x08000684   0x00000024   Code   RO         2386    .text               mc_w.l(llsshr.o)
    0x080006a8   0x080006a8   0x000000ba   Code   RO         2389    .text               mf_w.l(depilogue.o)
    0x08000762   0x08000762   0x00000002   Code   RO          282    i.BusFault_Handler  stm32f4xx_it.o
    0x08000764   0x08000764   0x0000000c   Code   RO          283    i.DMA1_Stream5_IRQHandler  stm32f4xx_it.o
    0x08000770   0x08000770   0x0000000c   Code   RO          284    i.DMA2_Stream2_IRQHandler  stm32f4xx_it.o
    0x0800077c   0x0800077c   0x00000028   Code   RO         1258    i.DMA_CalcBaseAndBitshift  stm32f4xx_hal_dma.o
    0x080007a4   0x080007a4   0x00000054   Code   RO         1259    i.DMA_CheckFifoParam  stm32f4xx_hal_dma.o
    0x080007f8   0x080007f8   0x00000028   Code   RO         1260    i.DMA_SetConfig     stm32f4xx_hal_dma.o
    0x08000820   0x08000820   0x00000002   Code   RO          285    i.DebugMon_Handler  stm32f4xx_it.o
    0x08000822   0x08000822   0x00000004   Code   RO           13    i.Error_Handler     main.o
    0x08000826   0x08000826   0x00000002   PAD
    0x08000828   0x08000828   0x00000050   Code   RO         1073    i.FLASH_Erase_Sector  stm32f4xx_hal_flash_ex.o
    0x08000878   0x08000878   0x00000054   Code   RO         1074    i.FLASH_FlushCaches  stm32f4xx_hal_flash_ex.o
    0x080008cc   0x080008cc   0x00000028   Code   RO         1075    i.FLASH_MassErase   stm32f4xx_hal_flash_ex.o
    0x080008f4   0x080008f4   0x00000020   Code   RO          955    i.FLASH_Program_Byte  stm32f4xx_hal_flash.o
    0x08000914   0x08000914   0x0000002c   Code   RO          956    i.FLASH_Program_DoubleWord  stm32f4xx_hal_flash.o
    0x08000940   0x08000940   0x00000024   Code   RO          957    i.FLASH_Program_HalfWord  stm32f4xx_hal_flash.o
    0x08000964   0x08000964   0x00000024   Code   RO          958    i.FLASH_Program_Word  stm32f4xx_hal_flash.o
    0x08000988   0x08000988   0x00000068   Code   RO          959    i.FLASH_SetErrorCode  stm32f4xx_hal_flash.o
    0x080009f0   0x080009f0   0x00000050   Code   RO          960    i.FLASH_WaitForLastOperation  stm32f4xx_hal_flash.o
    0x08000a40   0x08000a40   0x00000092   Code   RO         1261    i.HAL_DMA_Abort     stm32f4xx_hal_dma.o
    0x08000ad2   0x08000ad2   0x00000024   Code   RO         1262    i.HAL_DMA_Abort_IT  stm32f4xx_hal_dma.o
    0x08000af6   0x08000af6   0x00000062   Code   RO         1263    i.HAL_DMA_DeInit    stm32f4xx_hal_dma.o
    0x08000b58   0x08000b58   0x000001a0   Code   RO         1266    i.HAL_DMA_IRQHandler  stm32f4xx_hal_dma.o
    0x08000cf8   0x08000cf8   0x000000d4   Code   RO         1267    i.HAL_DMA_Init      stm32f4xx_hal_dma.o
    0x08000dcc   0x08000dcc   0x0000006e   Code   RO         1271    i.HAL_DMA_Start_IT  stm32f4xx_hal_dma.o
    0x08000e3a   0x08000e3a   0x00000002   PAD
    0x08000e3c   0x08000e3c   0x00000098   Code   RO         1076    i.HAL_FLASHEx_Erase  stm32f4xx_hal_flash_ex.o
    0x08000ed4   0x08000ed4   0x00000014   Code   RO          964    i.HAL_FLASH_Lock    stm32f4xx_hal_flash.o
    0x08000ee8   0x08000ee8   0x0000007c   Code   RO          969    i.HAL_FLASH_Program  stm32f4xx_hal_flash.o
    0x08000f64   0x08000f64   0x0000002c   Code   RO          971    i.HAL_FLASH_Unlock  stm32f4xx_hal_flash.o
    0x08000f90   0x08000f90   0x00000168   Code   RO         1151    i.HAL_GPIO_DeInit   stm32f4xx_hal_gpio.o
    0x080010f8   0x080010f8   0x000001f0   Code   RO         1154    i.HAL_GPIO_Init     stm32f4xx_hal_gpio.o
    0x080012e8   0x080012e8   0x0000000c   Code   RO         1686    i.HAL_GetTick       stm32f4xx_hal.o
    0x080012f4   0x080012f4   0x00000010   Code   RO         1692    i.HAL_IncTick       stm32f4xx_hal.o
    0x08001304   0x08001304   0x00000034   Code   RO         1693    i.HAL_Init          stm32f4xx_hal.o
    0x08001338   0x08001338   0x00000040   Code   RO         1694    i.HAL_InitTick      stm32f4xx_hal.o
    0x08001378   0x08001378   0x00000030   Code   RO          382    i.HAL_MspInit       stm32f4xx_hal_msp.o
    0x080013a8   0x080013a8   0x00000022   Code   RO         1542    i.HAL_NVIC_DisableIRQ  stm32f4xx_hal_cortex.o
    0x080013ca   0x080013ca   0x0000001a   Code   RO         1543    i.HAL_NVIC_EnableIRQ  stm32f4xx_hal_cortex.o
    0x080013e4   0x080013e4   0x00000040   Code   RO         1549    i.HAL_NVIC_SetPriority  stm32f4xx_hal_cortex.o
    0x08001424   0x08001424   0x00000024   Code   RO         1550    i.HAL_NVIC_SetPriorityGrouping  stm32f4xx_hal_cortex.o
    0x08001448   0x08001448   0x00000134   Code   RO          800    i.HAL_RCC_ClockConfig  stm32f4xx_hal_rcc.o
    0x0800157c   0x0800157c   0x00000020   Code   RO          807    i.HAL_RCC_GetPCLK1Freq  stm32f4xx_hal_rcc.o
    0x0800159c   0x0800159c   0x00000020   Code   RO          808    i.HAL_RCC_GetPCLK2Freq  stm32f4xx_hal_rcc.o
    0x080015bc   0x080015bc   0x00000060   Code   RO          809    i.HAL_RCC_GetSysClockFreq  stm32f4xx_hal_rcc.o
    0x0800161c   0x0800161c   0x0000036c   Code   RO          812    i.HAL_RCC_OscConfig  stm32f4xx_hal_rcc.o
    0x08001988   0x08001988   0x00000028   Code   RO         1554    i.HAL_SYSTICK_Config  stm32f4xx_hal_cortex.o
    0x080019b0   0x080019b0   0x00000056   Code   RO          451    i.HAL_UARTEx_ReceiveToIdle_DMA  stm32f4xx_hal_uart.o
    0x08001a06   0x08001a06   0x00000002   PAD
    0x08001a08   0x08001a08   0x000000dc   Code   RO         1969    i.HAL_UARTEx_RxEventCallback  myusart.o
    0x08001ae4   0x08001ae4   0x00000070   Code   RO          465    i.HAL_UART_DMAStop  stm32f4xx_hal_uart.o
    0x08001b54   0x08001b54   0x00000034   Code   RO          466    i.HAL_UART_DeInit   stm32f4xx_hal_uart.o
    0x08001b88   0x08001b88   0x00000002   Code   RO          467    i.HAL_UART_ErrorCallback  stm32f4xx_hal_uart.o
    0x08001b8a   0x08001b8a   0x00000002   PAD
    0x08001b8c   0x08001b8c   0x00000268   Code   RO          470    i.HAL_UART_IRQHandler  stm32f4xx_hal_uart.o
    0x08001df4   0x08001df4   0x00000062   Code   RO          471    i.HAL_UART_Init     stm32f4xx_hal_uart.o
    0x08001e56   0x08001e56   0x00000002   PAD
    0x08001e58   0x08001e58   0x00000068   Code   RO          233    i.HAL_UART_MspDeInit  usart.o
    0x08001ec0   0x08001ec0   0x0000013c   Code   RO          234    i.HAL_UART_MspInit  usart.o
    0x08001ffc   0x08001ffc   0x00000002   Code   RO          477    i.HAL_UART_RxCpltCallback  stm32f4xx_hal_uart.o
    0x08001ffe   0x08001ffe   0x00000002   Code   RO          478    i.HAL_UART_RxHalfCpltCallback  stm32f4xx_hal_uart.o
    0x08002000   0x08002000   0x000000b2   Code   RO          479    i.HAL_UART_Transmit  stm32f4xx_hal_uart.o
    0x080020b2   0x080020b2   0x00000002   Code   RO          482    i.HAL_UART_TxCpltCallback  stm32f4xx_hal_uart.o
    0x080020b4   0x080020b4   0x00000002   Code   RO          286    i.HardFault_Handler  stm32f4xx_it.o
    0x080020b6   0x080020b6   0x00000002   PAD
    0x080020b8   0x080020b8   0x0000004c   Code   RO          209    i.MX_DMA_Init       dma.o
    0x08002104   0x08002104   0x0000002c   Code   RO          185    i.MX_GPIO_Init      gpio.o
    0x08002130   0x08002130   0x00000050   Code   RO          235    i.MX_USART1_UART_Init  usart.o
    0x08002180   0x08002180   0x00000050   Code   RO          236    i.MX_USART2_UART_Init  usart.o
    0x080021d0   0x080021d0   0x00000002   Code   RO          287    i.MemManage_Handler  stm32f4xx_it.o
    0x080021d2   0x080021d2   0x00000002   Code   RO          288    i.NMI_Handler       stm32f4xx_it.o
    0x080021d4   0x080021d4   0x00000002   Code   RO          289    i.PendSV_Handler    stm32f4xx_it.o
    0x080021d6   0x080021d6   0x00000002   Code   RO          290    i.SVC_Handler       stm32f4xx_it.o
    0x080021d8   0x080021d8   0x00000004   Code   RO          291    i.SysTick_Handler   stm32f4xx_it.o
    0x080021dc   0x080021dc   0x00000094   Code   RO           14    i.SystemClock_Config  main.o
    0x08002270   0x08002270   0x00000010   Code   RO         1932    i.SystemInit        system_stm32f4xx.o
    0x08002280   0x08002280   0x00000010   Code   RO          484    i.UART_DMAAbortOnError  stm32f4xx_hal_uart.o
    0x08002290   0x08002290   0x0000004a   Code   RO          485    i.UART_DMAError     stm32f4xx_hal_uart.o
    0x080022da   0x080022da   0x00000082   Code   RO          486    i.UART_DMAReceiveCplt  stm32f4xx_hal_uart.o
    0x0800235c   0x0800235c   0x0000001a   Code   RO          488    i.UART_DMARxHalfCplt  stm32f4xx_hal_uart.o
    0x08002376   0x08002376   0x0000004e   Code   RO          494    i.UART_EndRxTransfer  stm32f4xx_hal_uart.o
    0x080023c4   0x080023c4   0x0000001c   Code   RO          495    i.UART_EndTxTransfer  stm32f4xx_hal_uart.o
    0x080023e0   0x080023e0   0x000000c0   Code   RO          496    i.UART_Receive_IT   stm32f4xx_hal_uart.o
    0x080024a0   0x080024a0   0x0000010c   Code   RO          497    i.UART_SetConfig    stm32f4xx_hal_uart.o
    0x080025ac   0x080025ac   0x00000090   Code   RO          498    i.UART_Start_Receive_DMA  stm32f4xx_hal_uart.o
    0x0800263c   0x0800263c   0x00000078   Code   RO          500    i.UART_WaitOnFlagUntilTimeout  stm32f4xx_hal_uart.o
    0x080026b4   0x080026b4   0x0000000c   Code   RO          292    i.USART1_IRQHandler  stm32f4xx_it.o
    0x080026c0   0x080026c0   0x0000000c   Code   RO          293    i.USART2_IRQHandler  stm32f4xx_it.o
    0x080026cc   0x080026cc   0x00000002   Code   RO          294    i.UsageFault_Handler  stm32f4xx_it.o
    0x080026ce   0x080026ce   0x00000002   PAD
    0x080026d0   0x080026d0   0x0000002c   Code   RO         2327    i.__0vsnprintf      mc_w.l(printfa.o)
    0x080026fc   0x080026fc   0x00000020   Code   RO         1556    i.__NVIC_SetPriority  stm32f4xx_hal_cortex.o
    0x0800271c   0x0800271c   0x0000000e   Code   RO         2393    i.__scatterload_copy  mc_w.l(handlers.o)
    0x0800272a   0x0800272a   0x00000002   Code   RO         2394    i.__scatterload_null  mc_w.l(handlers.o)
    0x0800272c   0x0800272c   0x0000000e   Code   RO         2395    i.__scatterload_zeroinit  mc_w.l(handlers.o)
    0x0800273a   0x0800273a   0x00000002   PAD
    0x0800273c   0x0800273c   0x00000184   Code   RO         2329    i._fp_digits        mc_w.l(printfa.o)
    0x080028c0   0x080028c0   0x000006dc   Code   RO         2330    i._printf_core      mc_w.l(printfa.o)
    0x08002f9c   0x08002f9c   0x00000024   Code   RO         2331    i._printf_post_padding  mc_w.l(printfa.o)
    0x08002fc0   0x08002fc0   0x0000002e   Code   RO         2332    i._printf_pre_padding  mc_w.l(printfa.o)
    0x08002fee   0x08002fee   0x00000016   Code   RO         2333    i._snputc           mc_w.l(printfa.o)
    0x08003004   0x08003004   0x00000074   Code   RO         2144    i.boot_port_flash_erase  boot_port_stm32f407.o
    0x08003078   0x08003078   0x00000010   Code   RO         2145    i.boot_port_flash_read  boot_port_stm32f407.o
    0x08003088   0x08003088   0x0000003a   Code   RO         2146    i.boot_port_flash_write  boot_port_stm32f407.o
    0x080030c2   0x080030c2   0x00000002   PAD
    0x080030c4   0x080030c4   0x00000070   Code   RO         2148    i.boot_port_jump_to_app  boot_port_stm32f407.o
    0x08003134   0x08003134   0x00000030   Code   RO         2149    i.boot_port_log     boot_port_stm32f407.o
    0x08003164   0x08003164   0x00000024   Code   RO         2150    i.boot_port_system_reset  boot_port_stm32f407.o
    0x08003188   0x08003188   0x00000010   Code   RO         2151    i.boot_port_uart_read  boot_port_stm32f407.o
    0x08003198   0x08003198   0x00000020   Code   RO         2152    i.boot_port_uart_write  boot_port_stm32f407.o
    0x080031b8   0x080031b8   0x000000ec   Code   RO         2228    i.bootloader_check_app_valid  easy_bootloader.o
    0x080032a4   0x080032a4   0x0000002c   Code   RO         2229    i.bootloader_consume_cache  easy_bootloader.o
    0x080032d0   0x080032d0   0x00000164   Code   RO         2230    i.bootloader_handle_payload  easy_bootloader.o
    0x08003434   0x08003434   0x00000088   Code   RO         2231    i.bootloader_prepare_download  easy_bootloader.o
    0x080034bc   0x080034bc   0x00000050   Code   RO         2232    i.bootloader_stream_flush  easy_bootloader.o
    0x0800350c   0x0800350c   0x000000ac   Code   RO         2233    i.bootloader_stream_write  easy_bootloader.o
    0x080035b8   0x080035b8   0x000000c0   Code   RO         2234    i.bootloader_try_extract_frame  easy_bootloader.o
    0x08003678   0x08003678   0x000000b8   Code   RO         2235    i.bootloader_write_flag_region  easy_bootloader.o
    0x08003730   0x08003730   0x00000244   Code   RO         2236    i.easy_bootloader_init  easy_bootloader.o
    0x08003974   0x08003974   0x00000080   Code   RO         2237    i.easy_bootloader_run  easy_bootloader.o
    0x080039f4   0x080039f4   0x00000030   Code   RO         2153    i.get_sector_index  boot_port_stm32f407.o
    0x08003a24   0x08003a24   0x00000022   Code   RO           15    i.main              main.o
    0x08003a46   0x08003a46   0x00000002   PAD
    0x08003a48   0x08003a48   0x00000028   Code   RO         1970    i.myusart_init      myusart.o
    0x08003a70   0x08003a70   0x00000030   Code   RO         2058    i.rt_ringbuffer_data_len  ringbuffer.o
    0x08003aa0   0x08003aa0   0x00000074   Code   RO         2059    i.rt_ringbuffer_get  ringbuffer.o
    0x08003b14   0x08003b14   0x00000030   Code   RO         2061    i.rt_ringbuffer_init  ringbuffer.o
    0x08003b44   0x08003b44   0x00000078   Code   RO         2063    i.rt_ringbuffer_put  ringbuffer.o
    0x08003bbc   0x08003bbc   0x00000010   Code   RO         2067    i.rt_ringbuffer_reset  ringbuffer.o
    0x08003bcc   0x08003bcc   0x00000020   Code   RO         2068    i.rt_ringbuffer_status  ringbuffer.o
    0x08003bec   0x08003bec   0x00000018   Code   RO         2028    i.scheduler_init    scheduler.o
    0x08003c04   0x08003c04   0x0000003c   Code   RO         2029    i.scheduler_run     scheduler.o
    0x08003c40   0x08003c40   0x00000054   Code   RO         1971    i.uart1_task        myusart.o
    0x08003c94   0x08003c94   0x00000036   Code   RO         1973    i.uart_printf       myusart.o
    0x08003cca   0x08003cca   0x00000008   Data   RO         1273    .constdata          stm32f4xx_hal_dma.o
    0x08003cd2   0x08003cd2   0x00000010   Data   RO         1933    .constdata          system_stm32f4xx.o
    0x08003ce2   0x08003ce2   0x00000008   Data   RO         1934    .constdata          system_stm32f4xx.o
    0x08003cea   0x08003cea   0x00000002   PAD
    0x08003cec   0x08003cec   0x00000090   Data   RO         2154    .constdata          boot_port_stm32f407.o
    0x08003d7c   0x08003d7c   0x00000006   Data   RO         2239    .constdata          easy_bootloader.o
    0x08003d82   0x08003d82   0x00000002   PAD
    0x08003d84   0x08003d84   0x00000020   Data   RO         2391    Region$$Table       anon$$obj.o


    Execution Region RW_IRAM2 (Exec base: 0x10000000, Load base: 0x08003dd0, Size: 0x00000000, Max: 0x00010000, ABSOLUTE)

    **** No section assigned to this execution region ****


    Execution Region RW_IRAM1 (Exec base: 0x20000000, Load base: 0x08003da4, Size: 0x00001740, Max: 0x00020000, ABSOLUTE)

    Exec Addr    Load Addr    Size         Type   Attr      Idx    E Section Name        Object

    0x20000000   0x08003da4   0x0000000c   Data   RW         1700    .data               stm32f4xx_hal.o
    0x2000000c   0x08003db0   0x00000004   Data   RW         1935    .data               system_stm32f4xx.o
    0x20000010   0x08003db4   0x0000001c   Data   RW         2030    .data               scheduler.o
    0x2000002c        -       0x00000148   Zero   RW          237    .bss                usart.o
    0x20000174        -       0x00000020   Zero   RW          972    .bss                stm32f4xx_hal_flash.o
    0x20000194        -       0x00000d98   Zero   RW         1974    .bss                myusart.o
    0x20000f2c        -       0x00000414   Zero   RW         2238    .bss                easy_bootloader.o
    0x20001340        -       0x00000400   Zero   RW            1    STACK               startup_stm32f407xx.o


==============================================================================

Image component sizes


      Code (inc. data)   RO Data    RW Data    ZI Data      Debug   Object Name

       482         48        144          0          0      43219   boot_port_stm32f407.o
        76          4          0          0          0        858   dma.o
      2108        916          6          0       1044      10169   easy_bootloader.o
        44          6          0          0          0        835   gpio.o
       186         10          0          0          0     668993   main.o
       398         96          0          0       3480       4415   myusart.o
       380          0          0          0          0       6776   ringbuffer.o
        84          8          0         28          0       1788   scheduler.o
        36          8        392          0       1024        856   startup_stm32f407xx.o
       144         24          0         12          0       8905   stm32f4xx_hal.o
       232         14          0          0          0      34773   stm32f4xx_hal_cortex.o
      1182         16          8          0          0       8271   stm32f4xx_hal_dma.o
       520         66          0          0         32       6802   stm32f4xx_hal_flash.o
       356         24          0          0          0       4090   stm32f4xx_hal_flash_ex.o
       856         86          0          0          0       2538   stm32f4xx_hal_gpio.o
        48          6          0          0          0        894   stm32f4xx_hal_msp.o
      1344         72          0          0          0       5352   stm32f4xx_hal_rcc.o
      2226         30          0          0          0      16706   stm32f4xx_hal_uart.o
        68         24          0          0          0       6306   stm32f4xx_it.o
        16          4         24          4          0       1187   system_stm32f4xx.o
       580         70          0          0        328       3450   usart.o

    ----------------------------------------------------------------------
     11384       1532        610         44       5908     837183   Object Totals
         0          0         32          0          0          0   (incl. Generated)
        18          0          4          0          0          0   (incl. Padding)

    ----------------------------------------------------------------------

      Code (inc. data)   RO Data    RW Data    ZI Data      Debug   Library Member Name

         0          0          0          0          0          0   entry.o
         0          0          0          0          0          0   entry10a.o
         0          0          0          0          0          0   entry11a.o
         8          4          0          0          0          0   entry2.o
         4          0          0          0          0          0   entry5.o
         0          0          0          0          0          0   entry7b.o
         0          0          0          0          0          0   entry8b.o
         8          4          0          0          0          0   entry9a.o
        30          0          0          0          0          0   handlers.o
        36          8          0          0          0         68   init.o
         0          0          0          0          0          0   iusefp.o
        30          0          0          0          0         68   llshl.o
        36          0          0          0          0         68   llsshr.o
        32          0          0          0          0         68   llushr.o
        64          0          0          0          0         76   memmovea.o
        36          0          0          0          0        108   memseta.o
      2292         84          0          0          0        516   printfa.o
        44          0          0          0          0         80   uidiv.o
        98          0          0          0          0         92   uldiv.o
        48          0          0          0          0         68   cdrcmple.o
       334          0          0          0          0        148   dadd.o
       222          0          0          0          0        100   ddiv.o
       186          0          0          0          0        176   depilogue.o
        48          0          0          0          0         68   dfixul.o
       228          0          0          0          0         96   dmul.o

    ----------------------------------------------------------------------
      3786        100          0          0          0       1800   Library Totals
         2          0          0          0          0          0   (incl. Padding)

    ----------------------------------------------------------------------

      Code (inc. data)   RO Data    RW Data    ZI Data      Debug   Library Name

      2718        100          0          0          0       1144   mc_w.l
      1066          0          0          0          0        656   mf_w.l

    ----------------------------------------------------------------------
      3786        100          0          0          0       1800   Library Totals

    ----------------------------------------------------------------------

==============================================================================


      Code (inc. data)   RO Data    RW Data    ZI Data      Debug   

     15170       1632        610         44       5908     827551   Grand Totals
     15170       1632        610         44       5908     827551   ELF Image Totals
     15170       1632        610         44          0          0   ROM Totals

==============================================================================

    Total RO  Size (Code + RO Data)                15780 (  15.41kB)
    Total RW  Size (RW Data + ZI Data)              5952 (   5.81kB)
    Total ROM Size (Code + RO Data + RW Data)      15824 (  15.45kB)

==============================================================================

