Component: ARM Compiler 5.06 update 5 (build 528) Tool: armlink [4d35e2]

==============================================================================

Section Cross References

    startup_stm32f407xx.o(RESET) refers to startup_stm32f407xx.o(STACK) for __initial_sp
    startup_stm32f407xx.o(RESET) refers to startup_stm32f407xx.o(.text) for Reset_Handler
    startup_stm32f407xx.o(RESET) refers to stm32f4xx_it.o(i.NMI_Handler) for NMI_Handler
    startup_stm32f407xx.o(RESET) refers to stm32f4xx_it.o(i.HardFault_Handler) for HardFault_Handler
    startup_stm32f407xx.o(RESET) refers to stm32f4xx_it.o(i.MemManage_Handler) for MemManage_Handler
    startup_stm32f407xx.o(RESET) refers to stm32f4xx_it.o(i.BusFault_Handler) for BusFault_Handler
    startup_stm32f407xx.o(RESET) refers to stm32f4xx_it.o(i.UsageFault_Handler) for UsageFault_Handler
    startup_stm32f407xx.o(RESET) refers to stm32f4xx_it.o(i.SVC_Handler) for SVC_Handler
    startup_stm32f407xx.o(RESET) refers to stm32f4xx_it.o(i.DebugMon_Handler) for DebugMon_Handler
    startup_stm32f407xx.o(RESET) refers to stm32f4xx_it.o(i.PendSV_Handler) for PendSV_Handler
    startup_stm32f407xx.o(RESET) refers to stm32f4xx_it.o(i.SysTick_Handler) for SysTick_Handler
    startup_stm32f407xx.o(RESET) refers to stm32f4xx_it.o(i.DMA1_Stream5_IRQHandler) for DMA1_Stream5_IRQHandler
    startup_stm32f407xx.o(RESET) refers to stm32f4xx_it.o(i.USART1_IRQHandler) for USART1_IRQHandler
    startup_stm32f407xx.o(RESET) refers to stm32f4xx_it.o(i.USART2_IRQHandler) for USART2_IRQHandler
    startup_stm32f407xx.o(RESET) refers to stm32f4xx_it.o(i.DMA2_Stream2_IRQHandler) for DMA2_Stream2_IRQHandler
    startup_stm32f407xx.o(.text) refers to system_stm32f4xx.o(i.SystemInit) for SystemInit
    startup_stm32f407xx.o(.text) refers to entry.o(.ARM.Collect$$$$00000000) for __main
    main.o(i.SystemClock_Config) refers to memseta.o(.text) for __aeabi_memclr4
    main.o(i.SystemClock_Config) refers to stm32f4xx_hal_rcc.o(i.HAL_RCC_OscConfig) for HAL_RCC_OscConfig
    main.o(i.SystemClock_Config) refers to stm32f4xx_hal_rcc.o(i.HAL_RCC_ClockConfig) for HAL_RCC_ClockConfig
    main.o(i.main) refers to stm32f4xx_hal.o(i.HAL_Init) for HAL_Init
    main.o(i.main) refers to main.o(i.SystemClock_Config) for SystemClock_Config
    main.o(i.main) refers to gpio.o(i.MX_GPIO_Init) for MX_GPIO_Init
    main.o(i.main) refers to dma.o(i.MX_DMA_Init) for MX_DMA_Init
    main.o(i.main) refers to usart.o(i.MX_USART1_UART_Init) for MX_USART1_UART_Init
    main.o(i.main) refers to usart.o(i.MX_USART2_UART_Init) for MX_USART2_UART_Init
    main.o(i.main) refers to scheduler.o(i.scheduler_init) for scheduler_init
    main.o(i.main) refers to scheduler.o(i.scheduler_run) for scheduler_run
    dma.o(i.MX_DMA_Init) refers to stm32f4xx_hal_cortex.o(i.HAL_NVIC_SetPriority) for HAL_NVIC_SetPriority
    dma.o(i.MX_DMA_Init) refers to stm32f4xx_hal_cortex.o(i.HAL_NVIC_EnableIRQ) for HAL_NVIC_EnableIRQ
    usart.o(i.HAL_UART_MspDeInit) refers to stm32f4xx_hal_gpio.o(i.HAL_GPIO_DeInit) for HAL_GPIO_DeInit
    usart.o(i.HAL_UART_MspDeInit) refers to stm32f4xx_hal_dma.o(i.HAL_DMA_DeInit) for HAL_DMA_DeInit
    usart.o(i.HAL_UART_MspDeInit) refers to stm32f4xx_hal_cortex.o(i.HAL_NVIC_DisableIRQ) for HAL_NVIC_DisableIRQ
    usart.o(i.HAL_UART_MspInit) refers to memseta.o(.text) for __aeabi_memclr4
    usart.o(i.HAL_UART_MspInit) refers to stm32f4xx_hal_gpio.o(i.HAL_GPIO_Init) for HAL_GPIO_Init
    usart.o(i.HAL_UART_MspInit) refers to stm32f4xx_hal_dma.o(i.HAL_DMA_Init) for HAL_DMA_Init
    usart.o(i.HAL_UART_MspInit) refers to main.o(i.Error_Handler) for Error_Handler
    usart.o(i.HAL_UART_MspInit) refers to stm32f4xx_hal_cortex.o(i.HAL_NVIC_SetPriority) for HAL_NVIC_SetPriority
    usart.o(i.HAL_UART_MspInit) refers to stm32f4xx_hal_cortex.o(i.HAL_NVIC_EnableIRQ) for HAL_NVIC_EnableIRQ
    usart.o(i.HAL_UART_MspInit) refers to usart.o(.bss) for .bss
    usart.o(i.MX_USART1_UART_Init) refers to stm32f4xx_hal_uart.o(i.HAL_UART_Init) for HAL_UART_Init
    usart.o(i.MX_USART1_UART_Init) refers to main.o(i.Error_Handler) for Error_Handler
    usart.o(i.MX_USART1_UART_Init) refers to stm32f4xx_hal_uart.o(i.HAL_UARTEx_ReceiveToIdle_DMA) for HAL_UARTEx_ReceiveToIdle_DMA
    usart.o(i.MX_USART1_UART_Init) refers to usart.o(.bss) for .bss
    usart.o(i.MX_USART1_UART_Init) refers to myusart.o(.bss) for uart1_rx_dmabuffer
    usart.o(i.MX_USART2_UART_Init) refers to stm32f4xx_hal_uart.o(i.HAL_UART_Init) for HAL_UART_Init
    usart.o(i.MX_USART2_UART_Init) refers to main.o(i.Error_Handler) for Error_Handler
    usart.o(i.MX_USART2_UART_Init) refers to stm32f4xx_hal_uart.o(i.HAL_UARTEx_ReceiveToIdle_DMA) for HAL_UARTEx_ReceiveToIdle_DMA
    usart.o(i.MX_USART2_UART_Init) refers to usart.o(.bss) for .bss
    usart.o(i.MX_USART2_UART_Init) refers to myusart.o(.bss) for uart2_rx_dmabuffer
    stm32f4xx_it.o(i.DMA1_Stream5_IRQHandler) refers to stm32f4xx_hal_dma.o(i.HAL_DMA_IRQHandler) for HAL_DMA_IRQHandler
[...]
    Removing stm32f4xx_hal_rcc.o(i.HAL_RCC_NMI_IRQHandler), (28 bytes).
    Removing stm32f4xx_hal_rcc_ex.o(.rev16_text), (4 bytes).
    Removing stm32f4xx_hal_rcc_ex.o(.revsh_text), (4 bytes).
    Removing stm32f4xx_hal_rcc_ex.o(.rrx_text), (6 bytes).
    Removing stm32f4xx_hal_rcc_ex.o(i.HAL_RCCEx_DisablePLLI2S), (52 bytes).
    Removing stm32f4xx_hal_rcc_ex.o(i.HAL_RCCEx_EnablePLLI2S), (104 bytes).
    Removing stm32f4xx_hal_rcc_ex.o(i.HAL_RCCEx_GetPeriphCLKConfig), (52 bytes).
    Removing stm32f4xx_hal_rcc_ex.o(i.HAL_RCCEx_GetPeriphCLKFreq), (92 bytes).
    Removing stm32f4xx_hal_rcc_ex.o(i.HAL_RCCEx_PeriphCLKConfig), (316 bytes).
    Removing stm32f4xx_hal_rcc_ex.o(i.HAL_RCC_DeInit), (308 bytes).
    Removing stm32f4xx_hal_flash.o(.rev16_text), (4 bytes).
    Removing stm32f4xx_hal_flash.o(.revsh_text), (4 bytes).
    Removing stm32f4xx_hal_flash.o(.rrx_text), (6 bytes).
    Removing stm32f4xx_hal_flash.o(i.HAL_FLASH_EndOfOperationCallback), (2 bytes).
    Removing stm32f4xx_hal_flash.o(i.HAL_FLASH_GetError), (12 bytes).
    Removing stm32f4xx_hal_flash.o(i.HAL_FLASH_IRQHandler), (204 bytes).
    Removing stm32f4xx_hal_flash.o(i.HAL_FLASH_OB_Launch), (24 bytes).
    Removing stm32f4xx_hal_flash.o(i.HAL_FLASH_OB_Lock), (20 bytes).
    Removing stm32f4xx_hal_flash.o(i.HAL_FLASH_OB_Unlock), (40 bytes).
    Removing stm32f4xx_hal_flash.o(i.HAL_FLASH_OperationErrorCallback), (2 bytes).
    Removing stm32f4xx_hal_flash.o(i.HAL_FLASH_Program_IT), (108 bytes).
    Removing stm32f4xx_hal_flash_ex.o(.rev16_text), (4 bytes).
    Removing stm32f4xx_hal_flash_ex.o(.revsh_text), (4 bytes).
    Removing stm32f4xx_hal_flash_ex.o(.rrx_text), (6 bytes).
    Removing stm32f4xx_hal_flash_ex.o(i.HAL_FLASHEx_Erase_IT), (104 bytes).
    Removing stm32f4xx_hal_flash_ex.o(i.HAL_FLASHEx_OBGetConfig), (64 bytes).
    Removing stm32f4xx_hal_flash_ex.o(i.HAL_FLASHEx_OBProgram), (204 bytes).
    Removing stm32f4xx_hal_flash_ramfunc.o(.rev16_text), (4 bytes).
    Removing stm32f4xx_hal_flash_ramfunc.o(.revsh_text), (4 bytes).
    Removing stm32f4xx_hal_flash_ramfunc.o(.rrx_text), (6 bytes).
    Removing stm32f4xx_hal_gpio.o(.rev16_text), (4 bytes).
    Removing stm32f4xx_hal_gpio.o(.revsh_text), (4 bytes).
    Removing stm32f4xx_hal_gpio.o(.rrx_text), (6 bytes).
    Removing stm32f4xx_hal_gpio.o(i.HAL_GPIO_DeInit), (360 bytes).
    Removing stm32f4xx_hal_gpio.o(i.HAL_GPIO_EXTI_Callback), (2 bytes).
    Removing stm32f4xx_hal_gpio.o(i.HAL_GPIO_EXTI_IRQHandler), (24 bytes).
    Removing stm32f4xx_hal_gpio.o(i.HAL_GPIO_LockPin), (34 bytes).
    Removing stm32f4xx_hal_gpio.o(i.HAL_GPIO_ReadPin), (10 bytes).
    Removing stm32f4xx_hal_gpio.o(i.HAL_GPIO_TogglePin), (16 bytes).
    Removing stm32f4xx_hal_gpio.o(i.HAL_GPIO_WritePin), (10 bytes).
    Removing stm32f4xx_hal_dma_ex.o(.rev16_text), (4 bytes).
    Removing stm32f4xx_hal_dma_ex.o(.revsh_text), (4 bytes).
    Removing stm32f4xx_hal_dma_ex.o(.rrx_text), (6 bytes).
    Removing stm32f4xx_hal_dma_ex.o(i.DMA_MultiBufferSetConfig), (30 bytes).
    Removing stm32f4xx_hal_dma_ex.o(i.HAL_DMAEx_ChangeMemory), (14 bytes).
    Removing stm32f4xx_hal_dma_ex.o(i.HAL_DMAEx_MultiBufferStart), (100 bytes).
    Removing stm32f4xx_hal_dma_ex.o(i.HAL_DMAEx_MultiBufferStart_IT), (2432 bytes).
    Removing stm32f4xx_hal_dma.o(.rev16_text), (4 bytes).
    Removing stm32f4xx_hal_dma.o(.revsh_text), (4 bytes).
    Removing stm32f4xx_hal_dma.o(.rrx_text), (6 bytes).
    Removing stm32f4xx_hal_dma.o(i.HAL_DMA_DeInit), (98 bytes).
    Removing stm32f4xx_hal_dma.o(i.HAL_DMA_GetError), (4 bytes).
    Removing stm32f4xx_hal_dma.o(i.HAL_DMA_GetState), (6 bytes).
    Removing stm32f4xx_hal_dma.o(i.HAL_DMA_PollForTransfer), (288 bytes).
    Removing stm32f4xx_hal_dma.o(i.HAL_DMA_RegisterCallback), (80 bytes).
    Removing stm32f4xx_hal_dma.o(i.HAL_DMA_Start), (70 bytes).
    Removing stm32f4xx_hal_dma.o(i.HAL_DMA_UnRegisterCallback), (96 bytes).
    Removing stm32f4xx_hal_pwr.o(.rev16_text), (4 bytes).
    Removing stm32f4xx_hal_pwr.o(.revsh_text), (4 bytes).
    Removing stm32f4xx_hal_pwr.o(.rrx_text), (6 bytes).
    Removing stm32f4xx_hal_pwr.o(i.HAL_PWR_ConfigPVD), (124 bytes).
    Removing stm32f4xx_hal_pwr.o(i.HAL_PWR_DeInit), (24 bytes).
    Removing stm32f4xx_hal_pwr.o(i.HAL_PWR_DisableBkUpAccess), (24 bytes).
    Removing stm32f4xx_hal_pwr.o(i.HAL_PWR_DisablePVD), (12 bytes).
    Removing stm32f4xx_hal_pwr.o(i.HAL_PWR_DisableSEVOnPend), (16 bytes).
    Removing stm32f4xx_hal_pwr.o(i.HAL_PWR_DisableSleepOnExit), (16 bytes).
    Removing stm32f4xx_hal_pwr.o(i.HAL_PWR_DisableWakeUpPin), (16 bytes).
    Removing stm32f4xx_hal_pwr.o(i.HAL_PWR_EnableBkUpAccess), (24 bytes).
    Removing stm32f4xx_hal_pwr.o(i.HAL_PWR_EnablePVD), (12 bytes).
    Removing stm32f4xx_hal_pwr.o(i.HAL_PWR_EnableSEVOnPend), (16 bytes).
    Removing stm32f4xx_hal_pwr.o(i.HAL_PWR_EnableSleepOnExit), (16 bytes).
    Removing stm32f4xx_hal_pwr.o(i.HAL_PWR_EnableWakeUpPin), (16 bytes).
    Removing stm32f4xx_hal_pwr.o(i.HAL_PWR_EnterSLEEPMode), (32 bytes).
    Removing stm32f4xx_hal_pwr.o(i.HAL_PWR_EnterSTANDBYMode), (32 bytes).
    Removing stm32f4xx_hal_pwr.o(i.HAL_PWR_EnterSTOPMode), (56 bytes).
    Removing stm32f4xx_hal_pwr.o(i.HAL_PWR_PVDCallback), (2 bytes).
    Removing stm32f4xx_hal_pwr.o(i.HAL_PWR_PVD_IRQHandler), (28 bytes).
    Removing stm32f4xx_hal_pwr_ex.o(.rev16_text), (4 bytes).
    Removing stm32f4xx_hal_pwr_ex.o(.revsh_text), (4 bytes).
    Removing stm32f4xx_hal_pwr_ex.o(.rrx_text), (6 bytes).
    Removing stm32f4xx_hal_pwr_ex.o(i.HAL_PWREx_ControlVoltageScaling), (88 bytes).
    Removing stm32f4xx_hal_pwr_ex.o(i.HAL_PWREx_DisableBkUpReg), (60 bytes).
    Removing stm32f4xx_hal_pwr_ex.o(i.HAL_PWREx_DisableFlashPowerDown), (12 bytes).
    Removing stm32f4xx_hal_pwr_ex.o(i.HAL_PWREx_EnableBkUpReg), (60 bytes).
    Removing stm32f4xx_hal_pwr_ex.o(i.HAL_PWREx_EnableFlashPowerDown), (12 bytes).
    Removing stm32f4xx_hal_pwr_ex.o(i.HAL_PWREx_GetVoltageRange), (16 bytes).
    Removing stm32f4xx_hal_cortex.o(.rev16_text), (4 bytes).
    Removing stm32f4xx_hal_cortex.o(.revsh_text), (4 bytes).
    Removing stm32f4xx_hal_cortex.o(.rrx_text), (6 bytes).
    Removing stm32f4xx_hal_cortex.o(i.HAL_MPU_ConfigRegion), (84 bytes).
    Removing stm32f4xx_hal_cortex.o(i.HAL_MPU_Disable), (28 bytes).
    Removing stm32f4xx_hal_cortex.o(i.HAL_MPU_Enable), (36 bytes).
    Removing stm32f4xx_hal_cortex.o(i.HAL_NVIC_ClearPendingIRQ), (26 bytes).
    Removing stm32f4xx_hal_cortex.o(i.HAL_NVIC_DisableIRQ), (34 bytes).
    Removing stm32f4xx_hal_cortex.o(i.HAL_NVIC_GetActive), (36 bytes).
    Removing stm32f4xx_hal_cortex.o(i.HAL_NVIC_GetPendingIRQ), (36 bytes).
    Removing stm32f4xx_hal_cortex.o(i.HAL_NVIC_GetPriority), (82 bytes).
    Removing stm32f4xx_hal_cortex.o(i.HAL_NVIC_GetPriorityGrouping), (16 bytes).
    Removing stm32f4xx_hal_cortex.o(i.HAL_NVIC_SetPendingIRQ), (26 bytes).
    Removing stm32f4xx_hal_cortex.o(i.HAL_NVIC_SystemReset), (36 bytes).
    Removing stm32f4xx_hal_cortex.o(i.HAL_SYSTICK_CLKSourceConfig), (24 bytes).
    Removing stm32f4xx_hal_cortex.o(i.HAL_SYSTICK_Callback), (2 bytes).
    Removing stm32f4xx_hal_cortex.o(i.HAL_SYSTICK_IRQHandler), (8 bytes).
    Removing stm32f4xx_hal.o(.rev16_text), (4 bytes).
    Removing stm32f4xx_hal.o(.revsh_text), (4 bytes).
    Removing stm32f4xx_hal.o(.rrx_text), (6 bytes).
    Removing stm32f4xx_hal.o(i.HAL_DBGMCU_DisableDBGSleepMode), (16 bytes).
    Removing stm32f4xx_hal.o(i.HAL_DBGMCU_DisableDBGStandbyMode), (16 bytes).
    Removing stm32f4xx_hal.o(i.HAL_DBGMCU_DisableDBGStopMode), (16 bytes).
    Removing stm32f4xx_hal.o(i.HAL_DBGMCU_EnableDBGSleepMode), (16 bytes).
    Removing stm32f4xx_hal.o(i.HAL_DBGMCU_EnableDBGStandbyMode), (16 bytes).
    Removing stm32f4xx_hal.o(i.HAL_DBGMCU_EnableDBGStopMode), (16 bytes).
    Removing stm32f4xx_hal.o(i.HAL_DeInit), (52 bytes).
    Removing stm32f4xx_hal.o(i.HAL_Delay), (36 bytes).
    Removing stm32f4xx_hal.o(i.HAL_DisableCompensationCell), (12 bytes).
    Removing stm32f4xx_hal.o(i.HAL_EnableCompensationCell), (12 bytes).
    Removing stm32f4xx_hal.o(i.HAL_GetDEVID), (16 bytes).
    Removing stm32f4xx_hal.o(i.HAL_GetHalVersion), (8 bytes).
    Removing stm32f4xx_hal.o(i.HAL_GetREVID), (12 bytes).
    Removing stm32f4xx_hal.o(i.HAL_GetTickFreq), (12 bytes).
    Removing stm32f4xx_hal.o(i.HAL_GetTickPrio), (12 bytes).
    Removing stm32f4xx_hal.o(i.HAL_GetUIDw0), (12 bytes).
    Removing stm32f4xx_hal.o(i.HAL_GetUIDw1), (12 bytes).
    Removing stm32f4xx_hal.o(i.HAL_GetUIDw2), (12 bytes).
    Removing stm32f4xx_hal.o(i.HAL_MspDeInit), (2 bytes).
    Removing stm32f4xx_hal.o(i.HAL_MspInit), (2 bytes).
    Removing stm32f4xx_hal.o(i.HAL_ResumeTick), (14 bytes).
    Removing stm32f4xx_hal.o(i.HAL_SetTickFreq), (36 bytes).
    Removing stm32f4xx_hal.o(i.HAL_SuspendTick), (14 bytes).
    Removing stm32f4xx_hal_exti.o(.rev16_text), (4 bytes).
    Removing stm32f4xx_hal_exti.o(.revsh_text), (4 bytes).
    Removing stm32f4xx_hal_exti.o(.rrx_text), (6 bytes).
    Removing stm32f4xx_hal_exti.o(i.HAL_EXTI_ClearConfigLine), (108 bytes).
    Removing stm32f4xx_hal_exti.o(i.HAL_EXTI_ClearPending), (20 bytes).
    Removing stm32f4xx_hal_exti.o(i.HAL_EXTI_GenerateSWI), (20 bytes).
    Removing stm32f4xx_hal_exti.o(i.HAL_EXTI_GetConfigLine), (148 bytes).
    Removing stm32f4xx_hal_exti.o(i.HAL_EXTI_GetHandle), (12 bytes).
    Removing stm32f4xx_hal_exti.o(i.HAL_EXTI_GetPending), (24 bytes).
    Removing stm32f4xx_hal_exti.o(i.HAL_EXTI_IRQHandler), (36 bytes).
    Removing stm32f4xx_hal_exti.o(i.HAL_EXTI_RegisterCallback), (14 bytes).
    Removing stm32f4xx_hal_exti.o(i.HAL_EXTI_SetConfigLine), (168 bytes).
    Removing system_stm32f4xx.o(.rev16_text), (4 bytes).
    Removing system_stm32f4xx.o(.revsh_text), (4 bytes).
    Removing system_stm32f4xx.o(.rrx_text), (6 bytes).
    Removing system_stm32f4xx.o(i.SystemCoreClockUpdate), (120 bytes).
    Removing myusart.o(.rev16_text), (4 bytes).
    Removing myusart.o(.revsh_text), (4 bytes).
    Removing myusart.o(.rrx_text), (6 bytes).
    Removing myusart.o(i.uart2_task), (84 bytes).
    Removing scheduler.o(.rev16_text), (4 bytes).
    Removing scheduler.o(.revsh_text), (4 bytes).
    Removing scheduler.o(.rrx_text), (6 bytes).
    Removing ringbuffer.o(i.rt_ringbuffer_getchar), (74 bytes).
    Removing ringbuffer.o(i.rt_ringbuffer_peek), (78 bytes).
    Removing ringbuffer.o(i.rt_ringbuffer_put_force), (170 bytes).
    Removing ringbuffer.o(i.rt_ringbuffer_putchar), (80 bytes).
    Removing ringbuffer.o(i.rt_ringbuffer_putchar_force), (102 bytes).
    Removing boot_port_app_stm32f407.o(.rev16_text), (4 bytes).
    Removing boot_port_app_stm32f407.o(.revsh_text), (4 bytes).
    Removing boot_port_app_stm32f407.o(.rrx_text), (6 bytes).

240 unused section(s) (total 12688 bytes) removed from the image.

==============================================================================

Image Symbol Table

    Local Symbols

    Symbol Name                              Value     Ov Type        Size  Object(Section)

    ../Core/Src/dma.c                        0x00000000   Number         0  dma.o ABSOLUTE
    ../Core/Src/gpio.c                       0x00000000   Number         0  gpio.o ABSOLUTE
    ../Core/Src/main.c                       0x00000000   Number         0  main.o ABSOLUTE
    ../Core/Src/stm32f4xx_hal_msp.c          0x00000000   Number         0  stm32f4xx_hal_msp.o ABSOLUTE
    ../Core/Src/stm32f4xx_it.c               0x00000000   Number         0  stm32f4xx_it.o ABSOLUTE
    ../Core/Src/system_stm32f4xx.c           0x00000000   Number         0  system_stm32f4xx.o ABSOLUTE
    ../Core/Src/usart.c                      0x00000000   Number         0  usart.o ABSOLUTE
    ../Drivers/STM32F4xx_HAL_Driver/Src/stm32f4xx_hal.c 0x00000000   Number         0  stm32f4xx_hal.o ABSOLUTE
    ../Drivers/STM32F4xx_HAL_Driver/Src/stm32f4xx_hal_cortex.c 0x00000000   Number         0  stm32f4xx_hal_cortex.o ABSOLUTE
    ../Drivers/STM32F4xx_HAL_Driver/Src/stm32f4xx_hal_dma.c 0x00000000   Number         0  stm32f4xx_hal_dma.o ABSOLUTE
    ../Drivers/STM32F4xx_HAL_Driver/Src/stm32f4xx_hal_dma_ex.c 0x00000000   Number         0  stm32f4xx_hal_dma_ex.o ABSOLUTE
    ../Drivers/STM32F4xx_HAL_Driver/Src/stm32f4xx_hal_exti.c 0x00000000   Number         0  stm32f4xx_hal_exti.o ABSOLUTE
    ../Drivers/STM32F4xx_HAL_Driver/Src/stm32f4xx_hal_flash.c 0x00000000   Number         0  stm32f4xx_hal_flash.o ABSOLUTE
    ../Drivers/STM32F4xx_HAL_Driver/Src/stm32f4xx_hal_flash_ex.c 0x00000000   Number         0  stm32f4xx_hal_flash_ex.o ABSOLUTE
    ../Drivers/STM32F4xx_HAL_Driver/Src/stm32f4xx_hal_flash_ramfunc.c 0x00000000   Number         0  stm32f4xx_hal_flash_ramfunc.o ABSOLUTE
    ../Drivers/STM32F4xx_HAL_Driver/Src/stm32f4xx_hal_gpio.c 0x00000000   Number         0  stm32f4xx_hal_gpio.o ABSOLUTE
    ../Drivers/STM32F4xx_HAL_Driver/Src/stm32f4xx_hal_pwr.c 0x00000000   Number         0  stm32f4xx_hal_pwr.o ABSOLUTE
    ../Drivers/STM32F4xx_HAL_Driver/Src/stm32f4xx_hal_pwr_ex.c 0x00000000   Number         0  stm32f4xx_hal_pwr_ex.o ABSOLUTE
    ../Drivers/STM32F4xx_HAL_Driver/Src/stm32f4xx_hal_rcc.c 0x00000000   Number         0  stm32f4xx_hal_rcc.o ABSOLUTE
    ../Drivers/STM32F4xx_HAL_Driver/Src/stm32f4xx_hal_rcc_ex.c 0x00000000   Number         0  stm32f4xx_hal_rcc_ex.o ABSOLUTE
    ../Drivers/STM32F4xx_HAL_Driver/Src/stm32f4xx_hal_tim.c 0x00000000   Number         0  stm32f4xx_hal_tim.o ABSOLUTE
    ../Drivers/STM32F4xx_HAL_Driver/Src/stm32f4xx_hal_tim_ex.c 0x00000000   Number         0  stm32f4xx_hal_tim_ex.o ABSOLUTE
    ../Drivers/STM32F4xx_HAL_Driver/Src/stm32f4xx_hal_uart.c 0x00000000   Number         0  stm32f4xx_hal_uart.o ABSOLUTE
    ../clib/microlib/division.c              0x00000000   Number         0  uidiv.o ABSOLUTE
    ../clib/microlib/division.c              0x00000000   Number         0  uldiv.o ABSOLUTE
    ../clib/microlib/init/entry.s            0x00000000   Number         0  entry10a.o ABSOLUTE
    ../clib/microlib/init/entry.s            0x00000000   Number         0  entry11a.o ABSOLUTE
    ../clib/microlib/init/entry.s            0x00000000   Number         0  entry10b.o ABSOLUTE
    ../clib/microlib/init/entry.s            0x00000000   Number         0  entry9b.o ABSOLUTE
    ../clib/microlib/init/entry.s            0x00000000   Number         0  entry9a.o ABSOLUTE
    ../clib/microlib/init/entry.s            0x00000000   Number         0  entry11b.o ABSOLUTE
    ../clib/microlib/init/entry.s            0x00000000   Number         0  entry2.o ABSOLUTE
    ../clib/microlib/init/entry.s            0x00000000   Number         0  entry5.o ABSOLUTE
    ../clib/microlib/init/entry.s            0x00000000   Number         0  entry8a.o ABSOLUTE
    ../clib/microlib/init/entry.s            0x00000000   Number         0  entry7a.o ABSOLUTE
    ../clib/microlib/init/entry.s            0x00000000   Number         0  entry.o ABSOLUTE
    ../clib/microlib/init/entry.s            0x00000000   Number         0  entry7b.o ABSOLUTE
    ../clib/microlib/init/entry.s            0x00000000   Number         0  entry8b.o ABSOLUTE
    ../clib/microlib/longlong.c              0x00000000   Number         0  llsshr.o ABSOLUTE
    ../clib/microlib/longlong.c              0x00000000   Number         0  llshl.o ABSOLUTE
    ../clib/microlib/longlong.c              0x00000000   Number         0  llushr.o ABSOLUTE
    ../clib/microlib/printf/printf.c         0x00000000   Number         0  printfa.o ABSOLUTE
    ../clib/microlib/stdio/fputc.c           0x00000000   Number         0  fputc.o ABSOLUTE
    ../clib/microlib/stdio/semi.s            0x00000000   Number         0  semi.o ABSOLUTE
    ../clib/microlib/stdio/streams.c         0x00000000   Number         0  stdout.o ABSOLUTE
    ../clib/microlib/stdlib/abort.c          0x00000000   Number         0  abort.o ABSOLUTE
    ../clib/microlib/string/memcpy.c         0x00000000   Number         0  memmoveb.o ABSOLUTE
    ../clib/microlib/string/memcpy.c         0x00000000   Number         0  memcpyb.o ABSOLUTE
    ../clib/microlib/string/memcpy.c         0x00000000   Number         0  memcpya.o ABSOLUTE
    ../clib/microlib/string/memcpy.c         0x00000000   Number         0  memmovea.o ABSOLUTE
    ../clib/microlib/string/memset.c         0x00000000   Number         0  memseta.o ABSOLUTE
    ../clib/microlib/string/strcat.c         0x00000000   Number         0  strcat.o ABSOLUTE
    ../clib/microlib/string/strcpy.c         0x00000000   Number         0  strcpy.o ABSOLUTE
    ../clib/microlib/string/strlen.c         0x00000000   Number         0  strlen.o ABSOLUTE
    ../clib/microlib/stubs.s                 0x00000000   Number         0  iusesemip.o ABSOLUTE
    ../clib/microlib/stubs.s                 0x00000000   Number         0  iusefp.o ABSOLUTE
    ../fplib/microlib/fpadd.c                0x00000000   Number         0  dadd.o ABSOLUTE
    ../fplib/microlib/fpdiv.c                0x00000000   Number         0  ddiv.o ABSOLUTE
    ../fplib/microlib/fpepilogue.c           0x00000000   Number         0  depilogue.o ABSOLUTE
    ../fplib/microlib/fpfix.c                0x00000000   Number         0  dfixul.o ABSOLUTE
    ../fplib/microlib/fpmul.c                0x00000000   Number         0  dmul.o ABSOLUTE
    ..\Compoents\boot_port_app_stm32f407.c   0x00000000   Number         0  boot_port_app_stm32f407.o ABSOLUTE
    ..\Compoents\easy_bootloader_app.c       0x00000000   Number         0  easy_bootloader_app.o ABSOLUTE
    ..\Compoents\ringbuffer.c                0x00000000   Number         0  ringbuffer.o ABSOLUTE
    ..\Core\Src\dma.c                        0x00000000   Number         0  dma.o ABSOLUTE
    ..\Core\Src\gpio.c                       0x00000000   Number         0  gpio.o ABSOLUTE
    ..\Core\Src\main.c                       0x00000000   Number         0  main.o ABSOLUTE
    ..\Core\Src\stm32f4xx_hal_msp.c          0x00000000   Number         0  stm32f4xx_hal_msp.o ABSOLUTE
    ..\Core\Src\stm32f4xx_it.c               0x00000000   Number         0  stm32f4xx_it.o ABSOLUTE
    ..\Core\Src\system_stm32f4xx.c           0x00000000   Number         0  system_stm32f4xx.o ABSOLUTE
    ..\Core\Src\usart.c                      0x00000000   Number         0  usart.o ABSOLUTE
    ..\Drivers\STM32F4xx_HAL_Driver\Src\stm32f4xx_hal.c 0x00000000   Number         0  stm32f4xx_hal.o ABSOLUTE
    ..\Drivers\STM32F4xx_HAL_Driver\Src\stm32f4xx_hal_cortex.c 0x00000000   Number         0  stm32f4xx_hal_cortex.o ABSOLUTE
    ..\Drivers\STM32F4xx_HAL_Driver\Src\stm32f4xx_hal_dma.c 0x00000000   Number         0  stm32f4xx_hal_dma.o ABSOLUTE
    ..\Drivers\STM32F4xx_HAL_Driver\Src\stm32f4xx_hal_dma_ex.c 0x00000000   Number         0  stm32f4xx_hal_dma_ex.o ABSOLUTE
    ..\Drivers\STM32F4xx_HAL_Driver\Src\stm32f4xx_hal_exti.c 0x00000000   Number         0  stm32f4xx_hal_exti.o ABSOLUTE
    ..\Drivers\STM32F4xx_HAL_Driver\Src\stm32f4xx_hal_flash.c 0x00000000   Number         0  stm32f4xx_hal_flash.o ABSOLUTE
    ..\Drivers\STM32F4xx_HAL_Driver\Src\stm32f4xx_hal_flash_ex.c 0x00000000   Number         0  stm32f4xx_hal_flash_ex.o ABSOLUTE
    ..\Drivers\STM32F4xx_HAL_Driver\Src\stm32f4xx_hal_flash_ramfunc.c 0x00000000   Number         0  stm32f4xx_hal_flash_ramfunc.o ABSOLUTE
    ..\Drivers\STM32F4xx_HAL_Driver\Src\stm32f4xx_hal_gpio.c 0x00000000   Number         0  stm32f4xx_hal_gpio.o ABSOLUTE
    ..\Drivers\STM32F4xx_HAL_Driver\Src\stm32f4xx_hal_pwr.c 0x00000000   Number         0  stm32f4xx_hal_pwr.o ABSOLUTE
    ..\Drivers\STM32F4xx_HAL_Driver\Src\stm32f4xx_hal_pwr_ex.c 0x00000000   Number         0  stm32f4xx_hal_pwr_ex.o ABSOLUTE
    ..\Drivers\STM32F4xx_HAL_Driver\Src\stm32f4xx_hal_rcc.c 0x00000000   Number         0  stm32f4xx_hal_rcc.o ABSOLUTE
    ..\Drivers\STM32F4xx_HAL_Driver\Src\stm32f4xx_hal_rcc_ex.c 0x00000000   Number         0  stm32f4xx_hal_rcc_ex.o ABSOLUTE
    ..\Drivers\STM32F4xx_HAL_Driver\Src\stm32f4xx_hal_tim.c 0x00000000   Number         0  stm32f4xx_hal_tim.o ABSOLUTE
    ..\Drivers\STM32F4xx_HAL_Driver\Src\stm32f4xx_hal_tim_ex.c 0x00000000   Number         0  stm32f4xx_hal_tim_ex.o ABSOLUTE
    ..\Drivers\STM32F4xx_HAL_Driver\Src\stm32f4xx_hal_uart.c 0x00000000   Number         0  stm32f4xx_hal_uart.o ABSOLUTE
    ..\Myapp\myusart.c                       0x00000000   Number         0  myusart.o ABSOLUTE
    ..\Myapp\scheduler.c                     0x00000000   Number         0  scheduler.o ABSOLUTE
    ..\\Compoents\\boot_port_app_stm32f407.c 0x00000000   Number         0  boot_port_app_stm32f407.o ABSOLUTE
    ..\\Myapp\\myusart.c                     0x00000000   Number         0  myusart.o ABSOLUTE
    ..\\Myapp\\scheduler.c                   0x00000000   Number         0  scheduler.o ABSOLUTE
    cdrcmple.s                               0x00000000   Number         0  cdrcmple.o ABSOLUTE
    dc.s                                     0x00000000   Number         0  dc.o ABSOLUTE
    handlers.s                               0x00000000   Number         0  handlers.o ABSOLUTE
    init.s                                   0x00000000   Number         0  init.o ABSOLUTE
    startup_stm32f407xx.s                    0x00000000   Number         0  startup_stm32f407xx.o ABSOLUTE
    RESET                                    0x08010000   Section      392  startup_stm32f407xx.o(RESET)
    .ARM.Collect$$$$00000000                 0x08010188   Section        0  entry.o(.ARM.Collect$$$$00000000)
    .ARM.Collect$$$$00000001                 0x08010188   Section        4  entry2.o(.ARM.Collect$$$$00000001)
    .ARM.Collect$$$$00000004                 0x0801018c   Section        4  entry5.o(.ARM.Collect$$$$00000004)
    .ARM.Collect$$$$00000008                 0x08010190   Section        0  entry7b.o(.ARM.Collect$$$$00000008)
    .ARM.Collect$$$$0000000A                 0x08010190   Section        0  entry8b.o(.ARM.Collect$$$$0000000A)
    .ARM.Collect$$$$0000000B                 0x08010190   Section        8  entry9a.o(.ARM.Collect$$$$0000000B)
    .ARM.Collect$$$$0000000D                 0x08010198   Section        0  entry10a.o(.ARM.Collect$$$$0000000D)
    .ARM.Collect$$$$0000000F                 0x08010198   Section        0  entry11a.o(.ARM.Collect$$$$0000000F)
    .ARM.Collect$$$$00002712                 0x08010198   Section        4  entry2.o(.ARM.Collect$$$$00002712)
    __lit__00000000                          0x08010198   Data           4  entry2.o(.ARM.Collect$$$$00002712)
    .text                                    0x0801019c   Section       36  startup_stm32f407xx.o(.text)
    $v0                                      0x0801019c   Number         0  startup_stm32f407xx.o(.text)
    .text                                    0x080101c0   Section        0  uldiv.o(.text)
    .text                                    0x08010222   Section        0  memmovea.o(.text)
    .text                                    0x08010262   Section        0  memseta.o(.text)
    .text                                    0x08010286   Section        0  strcat.o(.text)
    .text                                    0x0801029e   Section        0  strlen.o(.text)
    .text                                    0x080102ac   Section        0  strcpy.o(.text)
    .text                                    0x080102be   Section        0  uidiv.o(.text)
    .text                                    0x080102ea   Section        0  llshl.o(.text)
    .text                                    0x08010308   Section        0  llushr.o(.text)
    .text                                    0x08010328   Section        0  dadd.o(.text)
    .text                                    0x08010328   Section        0  iusefp.o(.text)
    .text                                    0x08010476   Section        0  dmul.o(.text)
    .text                                    0x0801055a   Section        0  ddiv.o(.text)
    .text                                    0x08010638   Section        0  dfixul.o(.text)
    .text                                    0x08010668   Section       48  cdrcmple.o(.text)
    .text                                    0x08010698   Section       36  init.o(.text)
    .text                                    0x080106bc   Section        0  llsshr.o(.text)
    .text                                    0x080106e0   Section        0  depilogue.o(.text)
    i.BusFault_Handler                       0x0801079a   Section        0  stm32f4xx_it.o(i.BusFault_Handler)
    i.DMA1_Stream5_IRQHandler                0x0801079c   Section        0  stm32f4xx_it.o(i.DMA1_Stream5_IRQHandler)
    i.DMA2_Stream2_IRQHandler                0x080107a8   Section        0  stm32f4xx_it.o(i.DMA2_Stream2_IRQHandler)
    i.DMA_CalcBaseAndBitshift                0x080107b4   Section        0  stm32f4xx_hal_dma.o(i.DMA_CalcBaseAndBitshift)
    DMA_CalcBaseAndBitshift                  0x080107b5   Thumb Code    34  stm32f4xx_hal_dma.o(i.DMA_CalcBaseAndBitshift)
    i.DMA_CheckFifoParam                     0x080107dc   Section        0  stm32f4xx_hal_dma.o(i.DMA_CheckFifoParam)
    DMA_CheckFifoParam                       0x080107dd   Thumb Code    84  stm32f4xx_hal_dma.o(i.DMA_CheckFifoParam)
    i.DMA_SetConfig                          0x08010830   Section        0  stm32f4xx_hal_dma.o(i.DMA_SetConfig)
    DMA_SetConfig                            0x08010831   Thumb Code    40  stm32f4xx_hal_dma.o(i.DMA_SetConfig)
    i.DebugMon_Handler                       0x08010858   Section        0  stm32f4xx_it.o(i.DebugMon_Handler)
    i.Error_Handler                          0x0801085a   Section        0  main.o(i.Error_Handler)
    i.FLASH_Erase_Sector                     0x08010860   Section        0  stm32f4xx_hal_flash_ex.o(i.FLASH_Erase_Sector)
    i.FLASH_FlushCaches                      0x080108b0   Section        0  stm32f4xx_hal_flash_ex.o(i.FLASH_FlushCaches)
    i.FLASH_MassErase                        0x08010904   Section        0  stm32f4xx_hal_flash_ex.o(i.FLASH_MassErase)
    FLASH_MassErase                          0x08010905   Thumb Code    34  stm32f4xx_hal_flash_ex.o(i.FLASH_MassErase)
    i.FLASH_Program_Byte                     0x0801092c   Section        0  stm32f4xx_hal_flash.o(i.FLASH_Program_Byte)
    FLASH_Program_Byte                       0x0801092d   Thumb Code    26  stm32f4xx_hal_flash.o(i.FLASH_Program_Byte)
    i.FLASH_Program_DoubleWord               0x0801094c   Section        0  stm32f4xx_hal_flash.o(i.FLASH_Program_DoubleWord)
    FLASH_Program_DoubleWord                 0x0801094d   Thumb Code    38  stm32f4xx_hal_flash.o(i.FLASH_Program_DoubleWord)
    i.FLASH_Program_HalfWord                 0x08010978   Section        0  stm32f4xx_hal_flash.o(i.FLASH_Program_HalfWord)
    FLASH_Program_HalfWord                   0x08010979   Thumb Code    30  stm32f4xx_hal_flash.o(i.FLASH_Program_HalfWord)
    i.FLASH_Program_Word                     0x0801099c   Section        0  stm32f4xx_hal_flash.o(i.FLASH_Program_Word)
    FLASH_Program_Word                       0x0801099d   Thumb Code    30  stm32f4xx_hal_flash.o(i.FLASH_Program_Word)
    i.FLASH_SetErrorCode                     0x080109c0   Section        0  stm32f4xx_hal_flash.o(i.FLASH_SetErrorCode)
    FLASH_SetErrorCode                       0x080109c1   Thumb Code    96  stm32f4xx_hal_flash.o(i.FLASH_SetErrorCode)
    i.FLASH_WaitForLastOperation             0x08010a28   Section        0  stm32f4xx_hal_flash.o(i.FLASH_WaitForLastOperation)
    i.HAL_DMA_Abort                          0x08010a78   Section        0  stm32f4xx_hal_dma.o(i.HAL_DMA_Abort)
    i.HAL_DMA_Abort_IT                       0x08010b0a   Section        0  stm32f4xx_hal_dma.o(i.HAL_DMA_Abort_IT)
    i.HAL_DMA_IRQHandler                     0x08010b30   Section        0  stm32f4xx_hal_dma.o(i.HAL_DMA_IRQHandler)
    i.HAL_DMA_Init                           0x08010cd0   Section        0  stm32f4xx_hal_dma.o(i.HAL_DMA_Init)
    i.HAL_DMA_Start_IT                       0x08010da4   Section        0  stm32f4xx_hal_dma.o(i.HAL_DMA_Start_IT)
    i.HAL_FLASHEx_Erase                      0x08010e14   Section        0  stm32f4xx_hal_flash_ex.o(i.HAL_FLASHEx_Erase)
    i.HAL_FLASH_Lock                         0x08010eac   Section        0  stm32f4xx_hal_flash.o(i.HAL_FLASH_Lock)
    i.HAL_FLASH_Program                      0x08010ec0   Section        0  stm32f4xx_hal_flash.o(i.HAL_FLASH_Program)
    i.HAL_FLASH_Unlock                       0x08010f3c   Section        0  stm32f4xx_hal_flash.o(i.HAL_FLASH_Unlock)
    i.HAL_GPIO_Init                          0x08010f68   Section        0  stm32f4xx_hal_gpio.o(i.HAL_GPIO_Init)
    i.HAL_GetTick                            0x08011158   Section        0  stm32f4xx_hal.o(i.HAL_GetTick)
    i.HAL_IncTick                            0x08011164   Section        0  stm32f4xx_hal.o(i.HAL_IncTick)
    i.HAL_Init                               0x08011174   Section        0  stm32f4xx_hal.o(i.HAL_Init)
    i.HAL_InitTick                           0x080111a8   Section        0  stm32f4xx_hal.o(i.HAL_InitTick)
    i.HAL_MspInit                            0x080111e8   Section        0  stm32f4xx_hal_msp.o(i.HAL_MspInit)
    i.HAL_NVIC_EnableIRQ                     0x08011218   Section        0  stm32f4xx_hal_cortex.o(i.HAL_NVIC_EnableIRQ)
    i.HAL_NVIC_SetPriority                   0x08011234   Section        0  stm32f4xx_hal_cortex.o(i.HAL_NVIC_SetPriority)
    i.HAL_NVIC_SetPriorityGrouping           0x08011274   Section        0  stm32f4xx_hal_cortex.o(i.HAL_NVIC_SetPriorityGrouping)
    i.HAL_RCC_ClockConfig                    0x08011298   Section        0  stm32f4xx_hal_rcc.o(i.HAL_RCC_ClockConfig)
    i.HAL_RCC_GetPCLK1Freq                   0x080113cc   Section        0  stm32f4xx_hal_rcc.o(i.HAL_RCC_GetPCLK1Freq)
    i.HAL_RCC_GetPCLK2Freq                   0x080113ec   Section        0  stm32f4xx_hal_rcc.o(i.HAL_RCC_GetPCLK2Freq)
    i.HAL_RCC_GetSysClockFreq                0x0801140c   Section        0  stm32f4xx_hal_rcc.o(i.HAL_RCC_GetSysClockFreq)
    i.HAL_RCC_OscConfig                      0x0801146c   Section        0  stm32f4xx_hal_rcc.o(i.HAL_RCC_OscConfig)
    i.HAL_SYSTICK_Config                     0x080117d8   Section        0  stm32f4xx_hal_cortex.o(i.HAL_SYSTICK_Config)
    i.HAL_UARTEx_ReceiveToIdle_DMA           0x08011800   Section        0  stm32f4xx_hal_uart.o(i.HAL_UARTEx_ReceiveToIdle_DMA)
    i.HAL_UARTEx_RxEventCallback             0x08011858   Section        0  myusart.o(i.HAL_UARTEx_RxEventCallback)
    i.HAL_UART_DMAStop                       0x08011934   Section        0  stm32f4xx_hal_uart.o(i.HAL_UART_DMAStop)
    i.HAL_UART_ErrorCallback                 0x080119a4   Section        0  stm32f4xx_hal_uart.o(i.HAL_UART_ErrorCallback)
    i.HAL_UART_IRQHandler                    0x080119a8   Section        0  stm32f4xx_hal_uart.o(i.HAL_UART_IRQHandler)
    i.HAL_UART_Init                          0x08011c10   Section        0  stm32f4xx_hal_uart.o(i.HAL_UART_Init)
    i.HAL_UART_MspInit                       0x08011c74   Section        0  usart.o(i.HAL_UART_MspInit)
    i.HAL_UART_RxCpltCallback                0x08011db0   Section        0  stm32f4xx_hal_uart.o(i.HAL_UART_RxCpltCallback)
    i.HAL_UART_RxHalfCpltCallback            0x08011db2   Section        0  stm32f4xx_hal_uart.o(i.HAL_UART_RxHalfCpltCallback)
    i.HAL_UART_Transmit                      0x08011db4   Section        0  stm32f4xx_hal_uart.o(i.HAL_UART_Transmit)
    i.HAL_UART_TxCpltCallback                0x08011e66   Section        0  stm32f4xx_hal_uart.o(i.HAL_UART_TxCpltCallback)
    i.HardFault_Handler                      0x08011e68   Section        0  stm32f4xx_it.o(i.HardFault_Handler)
    i.MX_DMA_Init                            0x08011e6c   Section        0  dma.o(i.MX_DMA_Init)
    i.MX_GPIO_Init                           0x08011eb8   Section        0  gpio.o(i.MX_GPIO_Init)
    i.MX_USART1_UART_Init                    0x08011ee4   Section        0  usart.o(i.MX_USART1_UART_Init)
    i.MX_USART2_UART_Init                    0x08011f34   Section        0  usart.o(i.MX_USART2_UART_Init)
    i.MemManage_Handler                      0x08011f84   Section        0  stm32f4xx_it.o(i.MemManage_Handler)
    i.NMI_Handler                            0x08011f86   Section        0  stm32f4xx_it.o(i.NMI_Handler)
    i.PendSV_Handler                         0x08011f88   Section        0  stm32f4xx_it.o(i.PendSV_Handler)
    i.SVC_Handler                            0x08011f8a   Section        0  stm32f4xx_it.o(i.SVC_Handler)
    i.SysTick_Handler                        0x08011f8c   Section        0  stm32f4xx_it.o(i.SysTick_Handler)
    i.SystemClock_Config                     0x08011f90   Section        0  main.o(i.SystemClock_Config)
    i.SystemInit                             0x08012024   Section        0  system_stm32f4xx.o(i.SystemInit)
    i.UART_DMAAbortOnError                   0x08012040   Section        0  stm32f4xx_hal_uart.o(i.UART_DMAAbortOnError)
    UART_DMAAbortOnError                     0x08012041   Thumb Code    16  stm32f4xx_hal_uart.o(i.UART_DMAAbortOnError)
    i.UART_DMAError                          0x08012050   Section        0  stm32f4xx_hal_uart.o(i.UART_DMAError)
    UART_DMAError                            0x08012051   Thumb Code    74  stm32f4xx_hal_uart.o(i.UART_DMAError)
    i.UART_DMAReceiveCplt                    0x0801209a   Section        0  stm32f4xx_hal_uart.o(i.UART_DMAReceiveCplt)
    UART_DMAReceiveCplt                      0x0801209b   Thumb Code   130  stm32f4xx_hal_uart.o(i.UART_DMAReceiveCplt)
    i.UART_DMARxHalfCplt                     0x0801211c   Section        0  stm32f4xx_hal_uart.o(i.UART_DMARxHalfCplt)
    UART_DMARxHalfCplt                       0x0801211d   Thumb Code    26  stm32f4xx_hal_uart.o(i.UART_DMARxHalfCplt)
    i.UART_EndRxTransfer                     0x08012136   Section        0  stm32f4xx_hal_uart.o(i.UART_EndRxTransfer)
    UART_EndRxTransfer                       0x08012137   Thumb Code    78  stm32f4xx_hal_uart.o(i.UART_EndRxTransfer)
    i.UART_EndTxTransfer                     0x08012184   Section        0  stm32f4xx_hal_uart.o(i.UART_EndTxTransfer)
    UART_EndTxTransfer                       0x08012185   Thumb Code    28  stm32f4xx_hal_uart.o(i.UART_EndTxTransfer)
    i.UART_Receive_IT                        0x080121a0   Section        0  stm32f4xx_hal_uart.o(i.UART_Receive_IT)
    UART_Receive_IT                          0x080121a1   Thumb Code   192  stm32f4xx_hal_uart.o(i.UART_Receive_IT)
    i.UART_SetConfig                         0x08012260   Section        0  stm32f4xx_hal_uart.o(i.UART_SetConfig)
    UART_SetConfig                           0x08012261   Thumb Code   258  stm32f4xx_hal_uart.o(i.UART_SetConfig)
    i.UART_Start_Receive_DMA                 0x0801236c   Section        0  stm32f4xx_hal_uart.o(i.UART_Start_Receive_DMA)
    i.UART_WaitOnFlagUntilTimeout            0x080123fc   Section        0  stm32f4xx_hal_uart.o(i.UART_WaitOnFlagUntilTimeout)
    UART_WaitOnFlagUntilTimeout              0x080123fd   Thumb Code   120  stm32f4xx_hal_uart.o(i.UART_WaitOnFlagUntilTimeout)
    i.USART1_IRQHandler                      0x08012474   Section        0  stm32f4xx_it.o(i.USART1_IRQHandler)
    i.USART2_IRQHandler                      0x08012480   Section        0  stm32f4xx_it.o(i.USART2_IRQHandler)
    i.UsageFault_Handler                     0x0801248c   Section        0  stm32f4xx_it.o(i.UsageFault_Handler)
    i.__0vsnprintf                           0x08012490   Section        0  printfa.o(i.__0vsnprintf)
    i.__NVIC_SetPriority                     0x080124bc   Section        0  stm32f4xx_hal_cortex.o(i.__NVIC_SetPriority)
    __NVIC_SetPriority                       0x080124bd   Thumb Code    32  stm32f4xx_hal_cortex.o(i.__NVIC_SetPriority)
    i.__scatterload_copy                     0x080124dc   Section       14  handlers.o(i.__scatterload_copy)
    i.__scatterload_null                     0x080124ea   Section        2  handlers.o(i.__scatterload_null)
    i.__scatterload_zeroinit                 0x080124ec   Section       14  handlers.o(i.__scatterload_zeroinit)
    i._fp_digits                             0x080124fc   Section        0  printfa.o(i._fp_digits)
    _fp_digits                               0x080124fd   Thumb Code   366  printfa.o(i._fp_digits)
    i._printf_core                           0x08012680   Section        0  printfa.o(i._printf_core)
    _printf_core                             0x08012681   Thumb Code  1744  printfa.o(i._printf_core)
    i._printf_post_padding                   0x08012d5c   Section        0  printfa.o(i._printf_post_padding)
    _printf_post_padding                     0x08012d5d   Thumb Code    36  printfa.o(i._printf_post_padding)
    i._printf_pre_padding                    0x08012d80   Section        0  printfa.o(i._printf_pre_padding)
    _printf_pre_padding                      0x08012d81   Thumb Code    46  printfa.o(i._printf_pre_padding)
    i._snputc                                0x08012dae   Section        0  printfa.o(i._snputc)
    _snputc                                  0x08012daf   Thumb Code    22  printfa.o(i._snputc)
    i.app_check_dataframe                    0x08012dc4   Section        0  easy_bootloader_app.o(i.app_check_dataframe)
    app_check_dataframe                      0x08012dc5   Thumb Code   184  easy_bootloader_app.o(i.app_check_dataframe)
    i.app_consume_cache                      0x08012e80   Section        0  easy_bootloader_app.o(i.app_consume_cache)
    app_consume_cache                        0x08012e81   Thumb Code    34  easy_bootloader_app.o(i.app_consume_cache)
    i.app_handle_query_date                  0x08012ea8   Section        0  easy_bootloader_app.o(i.app_handle_query_date)
    app_handle_query_date                    0x08012ea9   Thumb Code   116  easy_bootloader_app.o(i.app_handle_query_date)
    i.app_handle_query_version               0x08012f54   Section        0  easy_bootloader_app.o(i.app_handle_query_version)
    app_handle_query_version                 0x08012f55   Thumb Code    64  easy_bootloader_app.o(i.app_handle_query_version)
    i.app_handle_start_flash                 0x08012fdc   Section        0  easy_bootloader_app.o(i.app_handle_start_flash)
    app_handle_start_flash                   0x08012fdd   Thumb Code    90  easy_bootloader_app.o(i.app_handle_start_flash)
    i.app_send_string                        0x0801312c   Section        0  easy_bootloader_app.o(i.app_send_string)
    app_send_string                          0x0801312d   Thumb Code    20  easy_bootloader_app.o(i.app_send_string)
    i.app_uint_to_str                        0x08013140   Section        0  easy_bootloader_app.o(i.app_uint_to_str)
    app_uint_to_str                          0x08013141   Thumb Code    78  easy_bootloader_app.o(i.app_uint_to_str)
    i.app_write_flag_region                  0x08013190   Section        0  easy_bootloader_app.o(i.app_write_flag_region)
    app_write_flag_region                    0x08013191   Thumb Code   150  easy_bootloader_app.o(i.app_write_flag_region)
    i.boot_port_app_flash_erase              0x08013248   Section        0  boot_port_app_stm32f407.o(i.boot_port_app_flash_erase)
    i.boot_port_app_flash_read               0x080132bc   Section        0  boot_port_app_stm32f407.o(i.boot_port_app_flash_read)
    i.boot_port_app_flash_write              0x080132cc   Section        0  boot_port_app_stm32f407.o(i.boot_port_app_flash_write)
    i.boot_port_app_log                      0x08013308   Section        0  boot_port_app_stm32f407.o(i.boot_port_app_log)
    i.boot_port_app_system_reset             0x08013338   Section        0  boot_port_app_stm32f407.o(i.boot_port_app_system_reset)
    i.boot_port_app_uart_read                0x0801335c   Section        0  boot_port_app_stm32f407.o(i.boot_port_app_uart_read)
    i.boot_port_app_uart_write               0x0801336c   Section        0  boot_port_app_stm32f407.o(i.boot_port_app_uart_write)
    i.easy_bootloader_app_init               0x0801338c   Section        0  easy_bootloader_app.o(i.easy_bootloader_app_init)
    i.easy_bootloader_app_run                0x0801345c   Section        0  easy_bootloader_app.o(i.easy_bootloader_app_run)
    i.get_sector_index                       0x080134b4   Section        0  boot_port_app_stm32f407.o(i.get_sector_index)
    get_sector_index                         0x080134b5   Thumb Code    44  boot_port_app_stm32f407.o(i.get_sector_index)
    i.main                                   0x080134e4   Section        0  main.o(i.main)
    i.myusart_init                           0x08013508   Section        0  myusart.o(i.myusart_init)
    i.rt_ringbuffer_data_len                 0x08013530   Section        0  ringbuffer.o(i.rt_ringbuffer_data_len)
    i.rt_ringbuffer_get                      0x08013560   Section        0  ringbuffer.o(i.rt_ringbuffer_get)
    i.rt_ringbuffer_init                     0x080135d4   Section        0  ringbuffer.o(i.rt_ringbuffer_init)
    i.rt_ringbuffer_put                      0x08013604   Section        0  ringbuffer.o(i.rt_ringbuffer_put)
    i.rt_ringbuffer_reset                    0x0801367c   Section        0  ringbuffer.o(i.rt_ringbuffer_reset)
    i.rt_ringbuffer_status                   0x0801368c   Section        0  ringbuffer.o(i.rt_ringbuffer_status)
    i.scheduler_init                         0x080136ac   Section        0  scheduler.o(i.scheduler_init)
    i.scheduler_run                          0x080136c4   Section        0  scheduler.o(i.scheduler_run)
    i.uart1_task                             0x08013700   Section        0  myusart.o(i.uart1_task)
    i.uart_printf                            0x08013750   Section        0  myusart.o(i.uart_printf)
    .constdata                               0x08013786   Section        8  stm32f4xx_hal_dma.o(.constdata)
    flagBitshiftOffset                       0x08013786   Data           8  stm32f4xx_hal_dma.o(.constdata)
    .constdata                               0x0801378e   Section       16  system_stm32f4xx.o(.constdata)
    .constdata                               0x0801379e   Section        8  system_stm32f4xx.o(.constdata)
    .constdata                               0x080137a8   Section      144  boot_port_app_stm32f407.o(.constdata)
    flash_sectors                            0x080137a8   Data         144  boot_port_app_stm32f407.o(.constdata)
    .constdata                               0x08013838   Section        6  easy_bootloader_app.o(.constdata)
    g_boot_ack                               0x08013838   Data           6  easy_bootloader_app.o(.constdata)
    .data                                    0x20000000   Section       12  stm32f4xx_hal.o(.data)
    .data                                    0x2000000c   Section        4  system_stm32f4xx.o(.data)
    .data                                    0x20000010   Section       28  scheduler.o(.data)
    scheduler_task                           0x20000014   Data          24  scheduler.o(.data)
    .bss                                     0x2000002c   Section      328  usart.o(.bss)
    .bss                                     0x20000174   Section       32  stm32f4xx_hal_flash.o(.bss)
    .bss                                     0x20000194   Section      792  myusart.o(.bss)
    .bss                                     0x200004ac   Section       48  easy_bootloader_app.o(.bss)
    g_app_ctx                                0x200004ac   Data          48  easy_bootloader_app.o(.bss)
    STACK                                    0x200004e0   Section     1024  startup_stm32f407xx.o(STACK)

    Global Symbols

    Symbol Name                              Value     Ov Type        Size  Object(Section)

    BuildAttributes$$THM_ISAv4$E$P$D$K$B$S$7EM$VFPi3$EXTD16$VFPS$VFMA$PE$A:L22UL41UL21$X:L11$S22US41US21$IEEE1$IW$USESV6$~STKCKD$USESV7$~SHL$OSPACE$ROPI$EBA8$MICROLIB$REQ8$PRES8$EABIv2 0x00000000   Number         0  anon$$obj.o ABSOLUTE
    __ARM_use_no_argv                        0x00000000   Number         0  main.o ABSOLUTE
    __cpp_initialize__aeabi_                  - Undefined Weak Reference
    __cxa_finalize                            - Undefined Weak Reference
    __decompress                              - Undefined Weak Reference
    _clock_init                               - Undefined Weak Reference
    _microlib_exit                            - Undefined Weak Reference
    __Vectors_Size                           0x00000188   Number         0  startup_stm32f407xx.o ABSOLUTE
    __Vectors                                0x08010000   Data           4  startup_stm32f407xx.o(RESET)
    __Vectors_End                            0x08010188   Data           0  startup_stm32f407xx.o(RESET)
    __main                                   0x08010189   Thumb Code     0  entry.o(.ARM.Collect$$$$00000000)
    _main_stk                                0x08010189   Thumb Code     0  entry2.o(.ARM.Collect$$$$00000001)
    _main_scatterload                        0x0801018d   Thumb Code     0  entry5.o(.ARM.Collect$$$$00000004)
    __main_after_scatterload                 0x08010191   Thumb Code     0  entry5.o(.ARM.Collect$$$$00000004)
    _main_clock                              0x08010191   Thumb Code     0  entry7b.o(.ARM.Collect$$$$00000008)
    _main_cpp_init                           0x08010191   Thumb Code     0  entry8b.o(.ARM.Collect$$$$0000000A)
    _main_init                               0x08010191   Thumb Code     0  entry9a.o(.ARM.Collect$$$$0000000B)
    __rt_final_cpp                           0x08010199   Thumb Code     0  entry10a.o(.ARM.Collect$$$$0000000D)
    __rt_final_exit                          0x08010199   Thumb Code     0  entry11a.o(.ARM.Collect$$$$0000000F)
    Reset_Handler                            0x0801019d   Thumb Code     8  startup_stm32f407xx.o(.text)
    ADC_IRQHandler                           0x080101b7   Thumb Code     0  startup_stm32f407xx.o(.text)
    CAN1_RX0_IRQHandler                      0x080101b7   Thumb Code     0  startup_stm32f407xx.o(.text)
    CAN1_RX1_IRQHandler                      0x080101b7   Thumb Code     0  startup_stm32f407xx.o(.text)
    CAN1_SCE_IRQHandler                      0x080101b7   Thumb Code     0  startup_stm32f407xx.o(.text)
    CAN1_TX_IRQHandler                       0x080101b7   Thumb Code     0  startup_stm32f407xx.o(.text)
    CAN2_RX0_IRQHandler                      0x080101b7   Thumb Code     0  startup_stm32f407xx.o(.text)
    CAN2_RX1_IRQHandler                      0x080101b7   Thumb Code     0  startup_stm32f407xx.o(.text)
    CAN2_SCE_IRQHandler                      0x080101b7   Thumb Code     0  startup_stm32f407xx.o(.text)
    CAN2_TX_IRQHandler                       0x080101b7   Thumb Code     0  startup_stm32f407xx.o(.text)
    DCMI_IRQHandler                          0x080101b7   Thumb Code     0  startup_stm32f407xx.o(.text)
    DMA1_Stream0_IRQHandler                  0x080101b7   Thumb Code     0  startup_stm32f407xx.o(.text)
    DMA1_Stream1_IRQHandler                  0x080101b7   Thumb Code     0  startup_stm32f407xx.o(.text)
    DMA1_Stream2_IRQHandler                  0x080101b7   Thumb Code     0  startup_stm32f407xx.o(.text)
    DMA1_Stream3_IRQHandler                  0x080101b7   Thumb Code     0  startup_stm32f407xx.o(.text)
    DMA1_Stream4_IRQHandler                  0x080101b7   Thumb Code     0  startup_stm32f407xx.o(.text)
    DMA1_Stream6_IRQHandler                  0x080101b7   Thumb Code     0  startup_stm32f407xx.o(.text)
    DMA1_Stream7_IRQHandler                  0x080101b7   Thumb Code     0  startup_stm32f407xx.o(.text)
    DMA2_Stream0_IRQHandler                  0x080101b7   Thumb Code     0  startup_stm32f407xx.o(.text)
    DMA2_Stream1_IRQHandler                  0x080101b7   Thumb Code     0  startup_stm32f407xx.o(.text)
    DMA2_Stream3_IRQHandler                  0x080101b7   Thumb Code     0  startup_stm32f407xx.o(.text)
    DMA2_Stream4_IRQHandler                  0x080101b7   Thumb Code     0  startup_stm32f407xx.o(.text)
    DMA2_Stream5_IRQHandler                  0x080101b7   Thumb Code     0  startup_stm32f407xx.o(.text)
    DMA2_Stream6_IRQHandler                  0x080101b7   Thumb Code     0  startup_stm32f407xx.o(.text)
    DMA2_Stream7_IRQHandler                  0x080101b7   Thumb Code     0  startup_stm32f407xx.o(.text)
    ETH_IRQHandler                           0x080101b7   Thumb Code     0  startup_stm32f407xx.o(.text)
    ETH_WKUP_IRQHandler                      0x080101b7   Thumb Code     0  startup_stm32f407xx.o(.text)
    EXTI0_IRQHandler                         0x080101b7   Thumb Code     0  startup_stm32f407xx.o(.text)
    EXTI15_10_IRQHandler                     0x080101b7   Thumb Code     0  startup_stm32f407xx.o(.text)
    EXTI1_IRQHandler                         0x080101b7   Thumb Code     0  startup_stm32f407xx.o(.text)
    EXTI2_IRQHandler                         0x080101b7   Thumb Code     0  startup_stm32f407xx.o(.text)
    EXTI3_IRQHandler                         0x080101b7   Thumb Code     0  startup_stm32f407xx.o(.text)
    EXTI4_IRQHandler                         0x080101b7   Thumb Code     0  startup_stm32f407xx.o(.text)
    EXTI9_5_IRQHandler                       0x080101b7   Thumb Code     0  startup_stm32f407xx.o(.text)
    FLASH_IRQHandler                         0x080101b7   Thumb Code     0  startup_stm32f407xx.o(.text)
    FMC_IRQHandler                           0x080101b7   Thumb Code     0  startup_stm32f407xx.o(.text)
    FPU_IRQHandler                           0x080101b7   Thumb Code     0  startup_stm32f407xx.o(.text)
    HASH_RNG_IRQHandler                      0x080101b7   Thumb Code     0  startup_stm32f407xx.o(.text)
    I2C1_ER_IRQHandler                       0x080101b7   Thumb Code     0  startup_stm32f407xx.o(.text)
    I2C1_EV_IRQHandler                       0x080101b7   Thumb Code     0  startup_stm32f407xx.o(.text)
    I2C2_ER_IRQHandler                       0x080101b7   Thumb Code     0  startup_stm32f407xx.o(.text)
    I2C2_EV_IRQHandler                       0x080101b7   Thumb Code     0  startup_stm32f407xx.o(.text)
    I2C3_ER_IRQHandler                       0x080101b7   Thumb Code     0  startup_stm32f407xx.o(.text)
    I2C3_EV_IRQHandler                       0x080101b7   Thumb Code     0  startup_stm32f407xx.o(.text)
    OTG_FS_IRQHandler                        0x080101b7   Thumb Code     0  startup_stm32f407xx.o(.text)
    OTG_FS_WKUP_IRQHandler                   0x080101b7   Thumb Code     0  startup_stm32f407xx.o(.text)
    OTG_HS_EP1_IN_IRQHandler                 0x080101b7   Thumb Code     0  startup_stm32f407xx.o(.text)
    OTG_HS_EP1_OUT_IRQHandler                0x080101b7   Thumb Code     0  startup_stm32f407xx.o(.text)
    OTG_HS_IRQHandler                        0x080101b7   Thumb Code     0  startup_stm32f407xx.o(.text)
    OTG_HS_WKUP_IRQHandler                   0x080101b7   Thumb Code     0  startup_stm32f407xx.o(.text)
    PVD_IRQHandler                           0x080101b7   Thumb Code     0  startup_stm32f407xx.o(.text)
    RCC_IRQHandler                           0x080101b7   Thumb Code     0  startup_stm32f407xx.o(.text)
    RTC_Alarm_IRQHandler                     0x080101b7   Thumb Code     0  startup_stm32f407xx.o(.text)
    RTC_WKUP_IRQHandler                      0x080101b7   Thumb Code     0  startup_stm32f407xx.o(.text)
    SDIO_IRQHandler                          0x080101b7   Thumb Code     0  startup_stm32f407xx.o(.text)
    SPI1_IRQHandler                          0x080101b7   Thumb Code     0  startup_stm32f407xx.o(.text)
    SPI2_IRQHandler                          0x080101b7   Thumb Code     0  startup_stm32f407xx.o(.text)
    SPI3_IRQHandler                          0x080101b7   Thumb Code     0  startup_stm32f407xx.o(.text)
    TAMP_STAMP_IRQHandler                    0x080101b7   Thumb Code     0  startup_stm32f407xx.o(.text)
    TIM1_BRK_TIM9_IRQHandler                 0x080101b7   Thumb Code     0  startup_stm32f407xx.o(.text)
    TIM1_CC_IRQHandler                       0x080101b7   Thumb Code     0  startup_stm32f407xx.o(.text)
    TIM1_TRG_COM_TIM11_IRQHandler            0x080101b7   Thumb Code     0  startup_stm32f407xx.o(.text)
    TIM1_UP_TIM10_IRQHandler                 0x080101b7   Thumb Code     0  startup_stm32f407xx.o(.text)
    TIM2_IRQHandler                          0x080101b7   Thumb Code     0  startup_stm32f407xx.o(.text)
    TIM3_IRQHandler                          0x080101b7   Thumb Code     0  startup_stm32f407xx.o(.text)
    TIM4_IRQHandler                          0x080101b7   Thumb Code     0  startup_stm32f407xx.o(.text)
    TIM5_IRQHandler                          0x080101b7   Thumb Code     0  startup_stm32f407xx.o(.text)
    TIM6_DAC_IRQHandler                      0x080101b7   Thumb Code     0  startup_stm32f407xx.o(.text)
    TIM7_IRQHandler                          0x080101b7   Thumb Code     0  startup_stm32f407xx.o(.text)
    TIM8_BRK_TIM12_IRQHandler                0x080101b7   Thumb Code     0  startup_stm32f407xx.o(.text)
    TIM8_CC_IRQHandler                       0x080101b7   Thumb Code     0  startup_stm32f407xx.o(.text)
    TIM8_TRG_COM_TIM14_IRQHandler            0x080101b7   Thumb Code     0  startup_stm32f407xx.o(.text)
    TIM8_UP_TIM13_IRQHandler                 0x080101b7   Thumb Code     0  startup_stm32f407xx.o(.text)
    UART4_IRQHandler                         0x080101b7   Thumb Code     0  startup_stm32f407xx.o(.text)
    UART5_IRQHandler                         0x080101b7   Thumb Code     0  startup_stm32f407xx.o(.text)
    USART3_IRQHandler                        0x080101b7   Thumb Code     0  startup_stm32f407xx.o(.text)
    USART6_IRQHandler                        0x080101b7   Thumb Code     0  startup_stm32f407xx.o(.text)
    WWDG_IRQHandler                          0x080101b7   Thumb Code     0  startup_stm32f407xx.o(.text)
    __aeabi_uldivmod                         0x080101c1   Thumb Code    98  uldiv.o(.text)
    ___aeabi_memcpy4$move                    0x08010223   Thumb Code     0  memmovea.o(.text)
    ___aeabi_memcpy8$move                    0x08010223   Thumb Code     0  memmovea.o(.text)
    __aeabi_memcpy                           0x08010223   Thumb Code    64  memmovea.o(.text)
    __aeabi_memmove                          0x08010223   Thumb Code     0  memmovea.o(.text)
    __aeabi_memmove4                         0x08010223   Thumb Code     0  memmovea.o(.text)
    __aeabi_memmove8                         0x08010223   Thumb Code     0  memmovea.o(.text)
    __aeabi_memset                           0x08010263   Thumb Code    14  memseta.o(.text)
    __aeabi_memset4                          0x08010263   Thumb Code     0  memseta.o(.text)
    __aeabi_memset8                          0x08010263   Thumb Code     0  memseta.o(.text)
    __aeabi_memclr                           0x08010271   Thumb Code     4  memseta.o(.text)
    __aeabi_memclr4                          0x08010271   Thumb Code     0  memseta.o(.text)
    __aeabi_memclr8                          0x08010271   Thumb Code     0  memseta.o(.text)
    _memset$wrapper                          0x08010275   Thumb Code    18  memseta.o(.text)
    strcat                                   0x08010287   Thumb Code    24  strcat.o(.text)
    strlen                                   0x0801029f   Thumb Code    14  strlen.o(.text)
    strcpy                                   0x080102ad   Thumb Code    18  strcpy.o(.text)
    __aeabi_uidiv                            0x080102bf   Thumb Code     0  uidiv.o(.text)
    __aeabi_uidivmod                         0x080102bf   Thumb Code    44  uidiv.o(.text)
    __aeabi_llsl                             0x080102eb   Thumb Code    30  llshl.o(.text)
    _ll_shift_l                              0x080102eb   Thumb Code     0  llshl.o(.text)
    __aeabi_llsr                             0x08010309   Thumb Code    32  llushr.o(.text)
    _ll_ushift_r                             0x08010309   Thumb Code     0  llushr.o(.text)
    __I$use$fp                               0x08010329   Thumb Code     0  iusefp.o(.text)
    __aeabi_dadd                             0x08010329   Thumb Code   322  dadd.o(.text)
    __aeabi_dsub                             0x0801046b   Thumb Code     6  dadd.o(.text)
    __aeabi_drsub                            0x08010471   Thumb Code     6  dadd.o(.text)
    __aeabi_dmul                             0x08010477   Thumb Code   228  dmul.o(.text)
    __aeabi_ddiv                             0x0801055b   Thumb Code   222  ddiv.o(.text)
    __aeabi_d2ulz                            0x08010639   Thumb Code    48  dfixul.o(.text)
    __aeabi_cdrcmple                         0x08010669   Thumb Code    48  cdrcmple.o(.text)
    __scatterload                            0x08010699   Thumb Code    28  init.o(.text)
    __scatterload_rt2                        0x08010699   Thumb Code     0  init.o(.text)
    __aeabi_lasr                             0x080106bd   Thumb Code    36  llsshr.o(.text)
    _ll_sshift_r                             0x080106bd   Thumb Code     0  llsshr.o(.text)
    _double_round                            0x080106e1   Thumb Code    30  depilogue.o(.text)
    _double_epilogue                         0x080106ff   Thumb Code   156  depilogue.o(.text)
    BusFault_Handler                         0x0801079b   Thumb Code     2  stm32f4xx_it.o(i.BusFault_Handler)
    DMA1_Stream5_IRQHandler                  0x0801079d   Thumb Code     6  stm32f4xx_it.o(i.DMA1_Stream5_IRQHandler)
    DMA2_Stream2_IRQHandler                  0x080107a9   Thumb Code     6  stm32f4xx_it.o(i.DMA2_Stream2_IRQHandler)
    DebugMon_Handler                         0x08010859   Thumb Code     2  stm32f4xx_it.o(i.DebugMon_Handler)
    Error_Handler                            0x0801085b   Thumb Code     4  main.o(i.Error_Handler)
    FLASH_Erase_Sector                       0x08010861   Thumb Code    74  stm32f4xx_hal_flash_ex.o(i.FLASH_Erase_Sector)
    FLASH_FlushCaches                        0x080108b1   Thumb Code    80  stm32f4xx_hal_flash_ex.o(i.FLASH_FlushCaches)
    FLASH_WaitForLastOperation               0x08010a29   Thumb Code    72  stm32f4xx_hal_flash.o(i.FLASH_WaitForLastOperation)
    HAL_DMA_Abort                            0x08010a79   Thumb Code   146  stm32f4xx_hal_dma.o(i.HAL_DMA_Abort)
    HAL_DMA_Abort_IT                         0x08010b0b   Thumb Code    36  stm32f4xx_hal_dma.o(i.HAL_DMA_Abort_IT)
    HAL_DMA_IRQHandler                       0x08010b31   Thumb Code   412  stm32f4xx_hal_dma.o(i.HAL_DMA_IRQHandler)
    HAL_DMA_Init                             0x08010cd1   Thumb Code   206  stm32f4xx_hal_dma.o(i.HAL_DMA_Init)
    HAL_DMA_Start_IT                         0x08010da5   Thumb Code   110  stm32f4xx_hal_dma.o(i.HAL_DMA_Start_IT)
    HAL_FLASHEx_Erase                        0x08010e15   Thumb Code   144  stm32f4xx_hal_flash_ex.o(i.HAL_FLASHEx_Erase)
    HAL_FLASH_Lock                           0x08010ead   Thumb Code    14  stm32f4xx_hal_flash.o(i.HAL_FLASH_Lock)
    HAL_FLASH_Program                        0x08010ec1   Thumb Code   116  stm32f4xx_hal_flash.o(i.HAL_FLASH_Program)
    HAL_FLASH_Unlock                         0x08010f3d   Thumb Code    32  stm32f4xx_hal_flash.o(i.HAL_FLASH_Unlock)
    HAL_GPIO_Init                            0x08010f69   Thumb Code   450  stm32f4xx_hal_gpio.o(i.HAL_GPIO_Init)
    HAL_GetTick                              0x08011159   Thumb Code     6  stm32f4xx_hal.o(i.HAL_GetTick)
    HAL_IncTick                              0x08011165   Thumb Code    12  stm32f4xx_hal.o(i.HAL_IncTick)
    HAL_Init                                 0x08011175   Thumb Code    48  stm32f4xx_hal.o(i.HAL_Init)
    HAL_InitTick                             0x080111a9   Thumb Code    54  stm32f4xx_hal.o(i.HAL_InitTick)
    HAL_MspInit                              0x080111e9   Thumb Code    42  stm32f4xx_hal_msp.o(i.HAL_MspInit)
    HAL_NVIC_EnableIRQ                       0x08011219   Thumb Code    26  stm32f4xx_hal_cortex.o(i.HAL_NVIC_EnableIRQ)
    HAL_NVIC_SetPriority                     0x08011235   Thumb Code    60  stm32f4xx_hal_cortex.o(i.HAL_NVIC_SetPriority)
    HAL_NVIC_SetPriorityGrouping             0x08011275   Thumb Code    26  stm32f4xx_hal_cortex.o(i.HAL_NVIC_SetPriorityGrouping)
    HAL_RCC_ClockConfig                      0x08011299   Thumb Code   288  stm32f4xx_hal_rcc.o(i.HAL_RCC_ClockConfig)
    HAL_RCC_GetPCLK1Freq                     0x080113cd   Thumb Code    20  stm32f4xx_hal_rcc.o(i.HAL_RCC_GetPCLK1Freq)
    HAL_RCC_GetPCLK2Freq                     0x080113ed   Thumb Code    20  stm32f4xx_hal_rcc.o(i.HAL_RCC_GetPCLK2Freq)
    HAL_RCC_GetSysClockFreq                  0x0801140d   Thumb Code    88  stm32f4xx_hal_rcc.o(i.HAL_RCC_GetSysClockFreq)
    HAL_RCC_OscConfig                        0x0801146d   Thumb Code   856  stm32f4xx_hal_rcc.o(i.HAL_RCC_OscConfig)
    HAL_SYSTICK_Config                       0x080117d9   Thumb Code    40  stm32f4xx_hal_cortex.o(i.HAL_SYSTICK_Config)
    HAL_UARTEx_ReceiveToIdle_DMA             0x08011801   Thumb Code    86  stm32f4xx_hal_uart.o(i.HAL_UARTEx_ReceiveToIdle_DMA)
    HAL_UARTEx_RxEventCallback               0x08011859   Thumb Code   154  myusart.o(i.HAL_UARTEx_RxEventCallback)
    HAL_UART_DMAStop                         0x08011935   Thumb Code   112  stm32f4xx_hal_uart.o(i.HAL_UART_DMAStop)
    HAL_UART_ErrorCallback                   0x080119a5   Thumb Code     2  stm32f4xx_hal_uart.o(i.HAL_UART_ErrorCallback)
    HAL_UART_IRQHandler                      0x080119a9   Thumb Code   610  stm32f4xx_hal_uart.o(i.HAL_UART_IRQHandler)
    HAL_UART_Init                            0x08011c11   Thumb Code    98  stm32f4xx_hal_uart.o(i.HAL_UART_Init)
    HAL_UART_MspInit                         0x08011c75   Thumb Code   288  usart.o(i.HAL_UART_MspInit)
    HAL_UART_RxCpltCallback                  0x08011db1   Thumb Code     2  stm32f4xx_hal_uart.o(i.HAL_UART_RxCpltCallback)
    HAL_UART_RxHalfCpltCallback              0x08011db3   Thumb Code     2  stm32f4xx_hal_uart.o(i.HAL_UART_RxHalfCpltCallback)
    HAL_UART_Transmit                        0x08011db5   Thumb Code   178  stm32f4xx_hal_uart.o(i.HAL_UART_Transmit)
    HAL_UART_TxCpltCallback                  0x08011e67   Thumb Code     2  stm32f4xx_hal_uart.o(i.HAL_UART_TxCpltCallback)
    HardFault_Handler                        0x08011e69   Thumb Code     2  stm32f4xx_it.o(i.HardFault_Handler)
    MX_DMA_Init                              0x08011e6d   Thumb Code    72  dma.o(i.MX_DMA_Init)
    MX_GPIO_Init                             0x08011eb9   Thumb Code    38  gpio.o(i.MX_GPIO_Init)
    MX_USART1_UART_Init                      0x08011ee5   Thumb Code    66  usart.o(i.MX_USART1_UART_Init)
    MX_USART2_UART_Init                      0x08011f35   Thumb Code    66  usart.o(i.MX_USART2_UART_Init)
    MemManage_Handler                        0x08011f85   Thumb Code     2  stm32f4xx_it.o(i.MemManage_Handler)
    NMI_Handler                              0x08011f87   Thumb Code     2  stm32f4xx_it.o(i.NMI_Handler)
    PendSV_Handler                           0x08011f89   Thumb Code     2  stm32f4xx_it.o(i.PendSV_Handler)
    SVC_Handler                              0x08011f8b   Thumb Code     2  stm32f4xx_it.o(i.SVC_Handler)
    SysTick_Handler                          0x08011f8d   Thumb Code     4  stm32f4xx_it.o(i.SysTick_Handler)
    SystemClock_Config                       0x08011f91   Thumb Code   138  main.o(i.SystemClock_Config)
    SystemInit                               0x08012025   Thumb Code    20  system_stm32f4xx.o(i.SystemInit)
    UART_Start_Receive_DMA                   0x0801236d   Thumb Code   130  stm32f4xx_hal_uart.o(i.UART_Start_Receive_DMA)
    USART1_IRQHandler                        0x08012475   Thumb Code     6  stm32f4xx_it.o(i.USART1_IRQHandler)
    USART2_IRQHandler                        0x08012481   Thumb Code     6  stm32f4xx_it.o(i.USART2_IRQHandler)
    UsageFault_Handler                       0x0801248d   Thumb Code     2  stm32f4xx_it.o(i.UsageFault_Handler)
    __0vsnprintf                             0x08012491   Thumb Code    40  printfa.o(i.__0vsnprintf)
    __1vsnprintf                             0x08012491   Thumb Code     0  printfa.o(i.__0vsnprintf)
    __2vsnprintf                             0x08012491   Thumb Code     0  printfa.o(i.__0vsnprintf)
    __c89vsnprintf                           0x08012491   Thumb Code     0  printfa.o(i.__0vsnprintf)
    vsnprintf                                0x08012491   Thumb Code     0  printfa.o(i.__0vsnprintf)
    __scatterload_copy                       0x080124dd   Thumb Code    14  handlers.o(i.__scatterload_copy)
    __scatterload_null                       0x080124eb   Thumb Code     2  handlers.o(i.__scatterload_null)
    __scatterload_zeroinit                   0x080124ed   Thumb Code    14  handlers.o(i.__scatterload_zeroinit)
    boot_port_app_flash_erase                0x08013249   Thumb Code   112  boot_port_app_stm32f407.o(i.boot_port_app_flash_erase)
    boot_port_app_flash_read                 0x080132bd   Thumb Code    16  boot_port_app_stm32f407.o(i.boot_port_app_flash_read)
    boot_port_app_flash_write                0x080132cd   Thumb Code    58  boot_port_app_stm32f407.o(i.boot_port_app_flash_write)
    boot_port_app_log                        0x08013309   Thumb Code    42  boot_port_app_stm32f407.o(i.boot_port_app_log)
    boot_port_app_system_reset               0x08013339   Thumb Code    26  boot_port_app_stm32f407.o(i.boot_port_app_system_reset)
    boot_port_app_uart_read                  0x0801335d   Thumb Code    10  boot_port_app_stm32f407.o(i.boot_port_app_uart_read)
    boot_port_app_uart_write                 0x0801336d   Thumb Code    26  boot_port_app_stm32f407.o(i.boot_port_app_uart_write)
    easy_bootloader_app_init                 0x0801338d   Thumb Code    84  easy_bootloader_app.o(i.easy_bootloader_app_init)
    easy_bootloader_app_run                  0x0801345d   Thumb Code    82  easy_bootloader_app.o(i.easy_bootloader_app_run)
    main                                     0x080134e5   Thumb Code    34  main.o(i.main)
    myusart_init                             0x08013509   Thumb Code    30  myusart.o(i.myusart_init)
    rt_ringbuffer_data_len                   0x08013531   Thumb Code    48  ringbuffer.o(i.rt_ringbuffer_data_len)
    rt_ringbuffer_get                        0x08013561   Thumb Code   116  ringbuffer.o(i.rt_ringbuffer_get)
    rt_ringbuffer_init                       0x080135d5   Thumb Code    48  ringbuffer.o(i.rt_ringbuffer_init)
    rt_ringbuffer_put                        0x08013605   Thumb Code   120  ringbuffer.o(i.rt_ringbuffer_put)
    rt_ringbuffer_reset                      0x0801367d   Thumb Code    16  ringbuffer.o(i.rt_ringbuffer_reset)
    rt_ringbuffer_status                     0x0801368d   Thumb Code    32  ringbuffer.o(i.rt_ringbuffer_status)
    scheduler_init                           0x080136ad   Thumb Code    20  scheduler.o(i.scheduler_init)
    scheduler_run                            0x080136c5   Thumb Code    56  scheduler.o(i.scheduler_run)
    uart1_task                               0x08013701   Thumb Code    60  myusart.o(i.uart1_task)
    uart_printf                              0x08013751   Thumb Code    54  myusart.o(i.uart_printf)
    AHBPrescTable                            0x0801378e   Data          16  system_stm32f4xx.o(.constdata)
    APBPrescTable                            0x0801379e   Data           8  system_stm32f4xx.o(.constdata)
    Region$$Table$$Base                      0x08013840   Number         0  anon$$obj.o(Region$$Table)
    Region$$Table$$Limit                     0x08013860   Number         0  anon$$obj.o(Region$$Table)
    uwTickFreq                               0x20000000   Data           1  stm32f4xx_hal.o(.data)
    uwTickPrio                               0x20000004   Data           4  stm32f4xx_hal.o(.data)
    uwTick                                   0x20000008   Data           4  stm32f4xx_hal.o(.data)
    SystemCoreClock                          0x2000000c   Data           4  system_stm32f4xx.o(.data)
    task_num                                 0x20000010   Data           1  scheduler.o(.data)
    huart1                                   0x2000002c   Data          68  usart.o(.bss)
    huart2                                   0x20000070   Data          68  usart.o(.bss)
    hdma_usart1_rx                           0x200000b4   Data          96  usart.o(.bss)
    hdma_usart2_rx                           0x20000114   Data          96  usart.o(.bss)
    pFlash                                   0x20000174   Data          32  stm32f4xx_hal_flash.o(.bss)
    uart1_rx_dmabuffer                       0x20000194   Data         128  myusart.o(.bss)
    uart1_read_buffer                        0x20000214   Data         128  myusart.o(.bss)
    uart1_ringbuffer_struct                  0x20000294   Data          12  myusart.o(.bss)
    uart1_ringbuffer                         0x200002a0   Data         128  myusart.o(.bss)
    uart2_rx_dmabuffer                       0x20000320   Data         128  myusart.o(.bss)
    uart2_read_buffer                        0x200003a0   Data         128  myusart.o(.bss)
    uart2_ringbuffer_struct                  0x20000420   Data          12  myusart.o(.bss)
    uart2_ringbuffer                         0x2000042c   Data         128  myusart.o(.bss)
    __initial_sp                             0x200008e0   Data           0  startup_stm32f407xx.o(STACK)



==============================================================================

Memory Map of the image

  Image Entry point : 0x08010189

  Load Region LR_IROM1 (Base: 0x08010000, Size: 0x0000388c, Max: 0x000d0000, ABSOLUTE)

    Execution Region ER_IROM1 (Exec base: 0x08010000, Load base: 0x08010000, Size: 0x00003860, Max: 0x000d0000, ABSOLUTE)

    Exec Addr    Load Addr    Size         Type   Attr      Idx    E Section Name        Object

    0x08010000   0x08010000   0x00000188   Data   RO            3    RESET               startup_stm32f407xx.o
    0x08010188   0x08010188   0x00000000   Code   RO         2289  * .ARM.Collect$$$$00000000  mc_w.l(entry.o)
    0x08010188   0x08010188   0x00000004   Code   RO         2340    .ARM.Collect$$$$00000001  mc_w.l(entry2.o)
    0x0801018c   0x0801018c   0x00000004   Code   RO         2343    .ARM.Collect$$$$00000004  mc_w.l(entry5.o)
    0x08010190   0x08010190   0x00000000   Code   RO         2345    .ARM.Collect$$$$00000008  mc_w.l(entry7b.o)
    0x08010190   0x08010190   0x00000000   Code   RO         2347    .ARM.Collect$$$$0000000A  mc_w.l(entry8b.o)
    0x08010190   0x08010190   0x00000008   Code   RO         2348    .ARM.Collect$$$$0000000B  mc_w.l(entry9a.o)
    0x08010198   0x08010198   0x00000000   Code   RO         2350    .ARM.Collect$$$$0000000D  mc_w.l(entry10a.o)
    0x08010198   0x08010198   0x00000000   Code   RO         2352    .ARM.Collect$$$$0000000F  mc_w.l(entry11a.o)
    0x08010198   0x08010198   0x00000004   Code   RO         2341    .ARM.Collect$$$$00002712  mc_w.l(entry2.o)
    0x0801019c   0x0801019c   0x00000024   Code   RO            4    .text               startup_stm32f407xx.o
    0x080101c0   0x080101c0   0x00000062   Code   RO         2292    .text               mc_w.l(uldiv.o)
    0x08010222   0x08010222   0x00000040   Code   RO         2298    .text               mc_w.l(memmovea.o)
    0x08010262   0x08010262   0x00000024   Code   RO         2300    .text               mc_w.l(memseta.o)
    0x08010286   0x08010286   0x00000018   Code   RO         2302    .text               mc_w.l(strcat.o)
    0x0801029e   0x0801029e   0x0000000e   Code   RO         2304    .text               mc_w.l(strlen.o)
    0x080102ac   0x080102ac   0x00000012   Code   RO         2306    .text               mc_w.l(strcpy.o)
    0x080102be   0x080102be   0x0000002c   Code   RO         2357    .text               mc_w.l(uidiv.o)
    0x080102ea   0x080102ea   0x0000001e   Code   RO         2359    .text               mc_w.l(llshl.o)
    0x08010308   0x08010308   0x00000020   Code   RO         2361    .text               mc_w.l(llushr.o)
    0x08010328   0x08010328   0x00000000   Code   RO         2363    .text               mc_w.l(iusefp.o)
    0x08010328   0x08010328   0x0000014e   Code   RO         2364    .text               mf_w.l(dadd.o)
    0x08010476   0x08010476   0x000000e4   Code   RO         2366    .text               mf_w.l(dmul.o)
    0x0801055a   0x0801055a   0x000000de   Code   RO         2368    .text               mf_w.l(ddiv.o)
    0x08010638   0x08010638   0x00000030   Code   RO         2370    .text               mf_w.l(dfixul.o)
    0x08010668   0x08010668   0x00000030   Code   RO         2372    .text               mf_w.l(cdrcmple.o)
    0x08010698   0x08010698   0x00000024   Code   RO         2374    .text               mc_w.l(init.o)
    0x080106bc   0x080106bc   0x00000024   Code   RO         2377    .text               mc_w.l(llsshr.o)
    0x080106e0   0x080106e0   0x000000ba   Code   RO         2380    .text               mf_w.l(depilogue.o)
    0x0801079a   0x0801079a   0x00000002   Code   RO          276    i.BusFault_Handler  stm32f4xx_it.o
    0x0801079c   0x0801079c   0x0000000c   Code   RO          277    i.DMA1_Stream5_IRQHandler  stm32f4xx_it.o
    0x080107a8   0x080107a8   0x0000000c   Code   RO          278    i.DMA2_Stream2_IRQHandler  stm32f4xx_it.o
    0x080107b4   0x080107b4   0x00000028   Code   RO         1252    i.DMA_CalcBaseAndBitshift  stm32f4xx_hal_dma.o
    0x080107dc   0x080107dc   0x00000054   Code   RO         1253    i.DMA_CheckFifoParam  stm32f4xx_hal_dma.o
    0x08010830   0x08010830   0x00000028   Code   RO         1254    i.DMA_SetConfig     stm32f4xx_hal_dma.o
    0x08010858   0x08010858   0x00000002   Code   RO          279    i.DebugMon_Handler  stm32f4xx_it.o
    0x0801085a   0x0801085a   0x00000004   Code   RO           13    i.Error_Handler     main.o
    0x0801085e   0x0801085e   0x00000002   PAD
    0x08010860   0x08010860   0x00000050   Code   RO         1067    i.FLASH_Erase_Sector  stm32f4xx_hal_flash_ex.o
    0x080108b0   0x080108b0   0x00000054   Code   RO         1068    i.FLASH_FlushCaches  stm32f4xx_hal_flash_ex.o
    0x08010904   0x08010904   0x00000028   Code   RO         1069    i.FLASH_MassErase   stm32f4xx_hal_flash_ex.o
    0x0801092c   0x0801092c   0x00000020   Code   RO          949    i.FLASH_Program_Byte  stm32f4xx_hal_flash.o
    0x0801094c   0x0801094c   0x0000002c   Code   RO          950    i.FLASH_Program_DoubleWord  stm32f4xx_hal_flash.o
    0x08010978   0x08010978   0x00000024   Code   RO          951    i.FLASH_Program_HalfWord  stm32f4xx_hal_flash.o
    0x0801099c   0x0801099c   0x00000024   Code   RO          952    i.FLASH_Program_Word  stm32f4xx_hal_flash.o
    0x080109c0   0x080109c0   0x00000068   Code   RO          953    i.FLASH_SetErrorCode  stm32f4xx_hal_flash.o
    0x08010a28   0x08010a28   0x00000050   Code   RO          954    i.FLASH_WaitForLastOperation  stm32f4xx_hal_flash.o
    0x08010a78   0x08010a78   0x00000092   Code   RO         1255    i.HAL_DMA_Abort     stm32f4xx_hal_dma.o
    0x08010b0a   0x08010b0a   0x00000024   Code   RO         1256    i.HAL_DMA_Abort_IT  stm32f4xx_hal_dma.o
    0x08010b2e   0x08010b2e   0x00000002   PAD
    0x08010b30   0x08010b30   0x000001a0   Code   RO         1260    i.HAL_DMA_IRQHandler  stm32f4xx_hal_dma.o
    0x08010cd0   0x08010cd0   0x000000d4   Code   RO         1261    i.HAL_DMA_Init      stm32f4xx_hal_dma.o
    0x08010da4   0x08010da4   0x0000006e   Code   RO         1265    i.HAL_DMA_Start_IT  stm32f4xx_hal_dma.o
    0x08010e12   0x08010e12   0x00000002   PAD
    0x08010e14   0x08010e14   0x00000098   Code   RO         1070    i.HAL_FLASHEx_Erase  stm32f4xx_hal_flash_ex.o
    0x08010eac   0x08010eac   0x00000014   Code   RO          958    i.HAL_FLASH_Lock    stm32f4xx_hal_flash.o
    0x08010ec0   0x08010ec0   0x0000007c   Code   RO          963    i.HAL_FLASH_Program  stm32f4xx_hal_flash.o
    0x08010f3c   0x08010f3c   0x0000002c   Code   RO          965    i.HAL_FLASH_Unlock  stm32f4xx_hal_flash.o
    0x08010f68   0x08010f68   0x000001f0   Code   RO         1148    i.HAL_GPIO_Init     stm32f4xx_hal_gpio.o
    0x08011158   0x08011158   0x0000000c   Code   RO         1680    i.HAL_GetTick       stm32f4xx_hal.o
    0x08011164   0x08011164   0x00000010   Code   RO         1686    i.HAL_IncTick       stm32f4xx_hal.o
    0x08011174   0x08011174   0x00000034   Code   RO         1687    i.HAL_Init          stm32f4xx_hal.o
    0x080111a8   0x080111a8   0x00000040   Code   RO         1688    i.HAL_InitTick      stm32f4xx_hal.o
    0x080111e8   0x080111e8   0x00000030   Code   RO          376    i.HAL_MspInit       stm32f4xx_hal_msp.o
    0x08011218   0x08011218   0x0000001a   Code   RO         1537    i.HAL_NVIC_EnableIRQ  stm32f4xx_hal_cortex.o
    0x08011232   0x08011232   0x00000002   PAD
    0x08011234   0x08011234   0x00000040   Code   RO         1543    i.HAL_NVIC_SetPriority  stm32f4xx_hal_cortex.o
    0x08011274   0x08011274   0x00000024   Code   RO         1544    i.HAL_NVIC_SetPriorityGrouping  stm32f4xx_hal_cortex.o
    0x08011298   0x08011298   0x00000134   Code   RO          794    i.HAL_RCC_ClockConfig  stm32f4xx_hal_rcc.o
    0x080113cc   0x080113cc   0x00000020   Code   RO          801    i.HAL_RCC_GetPCLK1Freq  stm32f4xx_hal_rcc.o
    0x080113ec   0x080113ec   0x00000020   Code   RO          802    i.HAL_RCC_GetPCLK2Freq  stm32f4xx_hal_rcc.o
    0x0801140c   0x0801140c   0x00000060   Code   RO          803    i.HAL_RCC_GetSysClockFreq  stm32f4xx_hal_rcc.o
    0x0801146c   0x0801146c   0x0000036c   Code   RO          806    i.HAL_RCC_OscConfig  stm32f4xx_hal_rcc.o
    0x080117d8   0x080117d8   0x00000028   Code   RO         1548    i.HAL_SYSTICK_Config  stm32f4xx_hal_cortex.o
    0x08011800   0x08011800   0x00000056   Code   RO          445    i.HAL_UARTEx_ReceiveToIdle_DMA  stm32f4xx_hal_uart.o
    0x08011856   0x08011856   0x00000002   PAD
    0x08011858   0x08011858   0x000000dc   Code   RO         1963    i.HAL_UARTEx_RxEventCallback  myusart.o
    0x08011934   0x08011934   0x00000070   Code   RO          459    i.HAL_UART_DMAStop  stm32f4xx_hal_uart.o
    0x080119a4   0x080119a4   0x00000002   Code   RO          461    i.HAL_UART_ErrorCallback  stm32f4xx_hal_uart.o
    0x080119a6   0x080119a6   0x00000002   PAD
    0x080119a8   0x080119a8   0x00000268   Code   RO          464    i.HAL_UART_IRQHandler  stm32f4xx_hal_uart.o
    0x08011c10   0x08011c10   0x00000062   Code   RO          465    i.HAL_UART_Init     stm32f4xx_hal_uart.o
    0x08011c72   0x08011c72   0x00000002   PAD
    0x08011c74   0x08011c74   0x0000013c   Code   RO          228    i.HAL_UART_MspInit  usart.o
    0x08011db0   0x08011db0   0x00000002   Code   RO          471    i.HAL_UART_RxCpltCallback  stm32f4xx_hal_uart.o
    0x08011db2   0x08011db2   0x00000002   Code   RO          472    i.HAL_UART_RxHalfCpltCallback  stm32f4xx_hal_uart.o
    0x08011db4   0x08011db4   0x000000b2   Code   RO          473    i.HAL_UART_Transmit  stm32f4xx_hal_uart.o
    0x08011e66   0x08011e66   0x00000002   Code   RO          476    i.HAL_UART_TxCpltCallback  stm32f4xx_hal_uart.o
    0x08011e68   0x08011e68   0x00000002   Code   RO          280    i.HardFault_Handler  stm32f4xx_it.o
    0x08011e6a   0x08011e6a   0x00000002   PAD
    0x08011e6c   0x08011e6c   0x0000004c   Code   RO          203    i.MX_DMA_Init       dma.o
    0x08011eb8   0x08011eb8   0x0000002c   Code   RO          179    i.MX_GPIO_Init      gpio.o
    0x08011ee4   0x08011ee4   0x00000050   Code   RO          229    i.MX_USART1_UART_Init  usart.o
    0x08011f34   0x08011f34   0x00000050   Code   RO          230    i.MX_USART2_UART_Init  usart.o
    0x08011f84   0x08011f84   0x00000002   Code   RO          281    i.MemManage_Handler  stm32f4xx_it.o
    0x08011f86   0x08011f86   0x00000002   Code   RO          282    i.NMI_Handler       stm32f4xx_it.o
    0x08011f88   0x08011f88   0x00000002   Code   RO          283    i.PendSV_Handler    stm32f4xx_it.o
    0x08011f8a   0x08011f8a   0x00000002   Code   RO          284    i.SVC_Handler       stm32f4xx_it.o
    0x08011f8c   0x08011f8c   0x00000004   Code   RO          285    i.SysTick_Handler   stm32f4xx_it.o
    0x08011f90   0x08011f90   0x00000094   Code   RO           14    i.SystemClock_Config  main.o
    0x08012024   0x08012024   0x0000001c   Code   RO         1926    i.SystemInit        system_stm32f4xx.o
    0x08012040   0x08012040   0x00000010   Code   RO          478    i.UART_DMAAbortOnError  stm32f4xx_hal_uart.o
    0x08012050   0x08012050   0x0000004a   Code   RO          479    i.UART_DMAError     stm32f4xx_hal_uart.o
    0x0801209a   0x0801209a   0x00000082   Code   RO          480    i.UART_DMAReceiveCplt  stm32f4xx_hal_uart.o
    0x0801211c   0x0801211c   0x0000001a   Code   RO          482    i.UART_DMARxHalfCplt  stm32f4xx_hal_uart.o
    0x08012136   0x08012136   0x0000004e   Code   RO          488    i.UART_EndRxTransfer  stm32f4xx_hal_uart.o
    0x08012184   0x08012184   0x0000001c   Code   RO          489    i.UART_EndTxTransfer  stm32f4xx_hal_uart.o
    0x080121a0   0x080121a0   0x000000c0   Code   RO          490    i.UART_Receive_IT   stm32f4xx_hal_uart.o
    0x08012260   0x08012260   0x0000010c   Code   RO          491    i.UART_SetConfig    stm32f4xx_hal_uart.o
    0x0801236c   0x0801236c   0x00000090   Code   RO          492    i.UART_Start_Receive_DMA  stm32f4xx_hal_uart.o
    0x080123fc   0x080123fc   0x00000078   Code   RO          494    i.UART_WaitOnFlagUntilTimeout  stm32f4xx_hal_uart.o
    0x08012474   0x08012474   0x0000000c   Code   RO          286    i.USART1_IRQHandler  stm32f4xx_it.o
    0x08012480   0x08012480   0x0000000c   Code   RO          287    i.USART2_IRQHandler  stm32f4xx_it.o
    0x0801248c   0x0801248c   0x00000002   Code   RO          288    i.UsageFault_Handler  stm32f4xx_it.o
    0x0801248e   0x0801248e   0x00000002   PAD
    0x08012490   0x08012490   0x0000002c   Code   RO         2318    i.__0vsnprintf      mc_w.l(printfa.o)
    0x080124bc   0x080124bc   0x00000020   Code   RO         1550    i.__NVIC_SetPriority  stm32f4xx_hal_cortex.o
    0x080124dc   0x080124dc   0x0000000e   Code   RO         2384    i.__scatterload_copy  mc_w.l(handlers.o)
    0x080124ea   0x080124ea   0x00000002   Code   RO         2385    i.__scatterload_null  mc_w.l(handlers.o)
    0x080124ec   0x080124ec   0x0000000e   Code   RO         2386    i.__scatterload_zeroinit  mc_w.l(handlers.o)
    0x080124fa   0x080124fa   0x00000002   PAD
    0x080124fc   0x080124fc   0x00000184   Code   RO         2320    i._fp_digits        mc_w.l(printfa.o)
    0x08012680   0x08012680   0x000006dc   Code   RO         2321    i._printf_core      mc_w.l(printfa.o)
    0x08012d5c   0x08012d5c   0x00000024   Code   RO         2322    i._printf_post_padding  mc_w.l(printfa.o)
    0x08012d80   0x08012d80   0x0000002e   Code   RO         2323    i._printf_pre_padding  mc_w.l(printfa.o)
    0x08012dae   0x08012dae   0x00000016   Code   RO         2324    i._snputc           mc_w.l(printfa.o)
    0x08012dc4   0x08012dc4   0x000000bc   Code   RO         2213    i.app_check_dataframe  easy_bootloader_app.o
    0x08012e80   0x08012e80   0x00000028   Code   RO         2214    i.app_consume_cache  easy_bootloader_app.o
    0x08012ea8   0x08012ea8   0x000000ac   Code   RO         2215    i.app_handle_query_date  easy_bootloader_app.o
    0x08012f54   0x08012f54   0x00000088   Code   RO         2216    i.app_handle_query_version  easy_bootloader_app.o
    0x08012fdc   0x08012fdc   0x00000150   Code   RO         2217    i.app_handle_start_flash  easy_bootloader_app.o
    0x0801312c   0x0801312c   0x00000014   Code   RO         2218    i.app_send_string   easy_bootloader_app.o
    0x08013140   0x08013140   0x0000004e   Code   RO         2219    i.app_uint_to_str   easy_bootloader_app.o
    0x0801318e   0x0801318e   0x00000002   PAD
    0x08013190   0x08013190   0x000000b8   Code   RO         2220    i.app_write_flag_region  easy_bootloader_app.o
    0x08013248   0x08013248   0x00000074   Code   RO         2138    i.boot_port_app_flash_erase  boot_port_app_stm32f407.o
    0x080132bc   0x080132bc   0x00000010   Code   RO         2139    i.boot_port_app_flash_read  boot_port_app_stm32f407.o
    0x080132cc   0x080132cc   0x0000003a   Code   RO         2140    i.boot_port_app_flash_write  boot_port_app_stm32f407.o
    0x08013306   0x08013306   0x00000002   PAD
    0x08013308   0x08013308   0x00000030   Code   RO         2141    i.boot_port_app_log  boot_port_app_stm32f407.o
    0x08013338   0x08013338   0x00000024   Code   RO         2142    i.boot_port_app_system_reset  boot_port_app_stm32f407.o
    0x0801335c   0x0801335c   0x00000010   Code   RO         2143    i.boot_port_app_uart_read  boot_port_app_stm32f407.o
    0x0801336c   0x0801336c   0x00000020   Code   RO         2144    i.boot_port_app_uart_write  boot_port_app_stm32f407.o
    0x0801338c   0x0801338c   0x000000d0   Code   RO         2221    i.easy_bootloader_app_init  easy_bootloader_app.o
    0x0801345c   0x0801345c   0x00000058   Code   RO         2222    i.easy_bootloader_app_run  easy_bootloader_app.o
    0x080134b4   0x080134b4   0x00000030   Code   RO         2145    i.get_sector_index  boot_port_app_stm32f407.o
    0x080134e4   0x080134e4   0x00000022   Code   RO           15    i.main              main.o
    0x08013506   0x08013506   0x00000002   PAD
    0x08013508   0x08013508   0x00000028   Code   RO         1964    i.myusart_init      myusart.o
    0x08013530   0x08013530   0x00000030   Code   RO         2052    i.rt_ringbuffer_data_len  ringbuffer.o
    0x08013560   0x08013560   0x00000074   Code   RO         2053    i.rt_ringbuffer_get  ringbuffer.o
    0x080135d4   0x080135d4   0x00000030   Code   RO         2055    i.rt_ringbuffer_init  ringbuffer.o
    0x08013604   0x08013604   0x00000078   Code   RO         2057    i.rt_ringbuffer_put  ringbuffer.o
    0x0801367c   0x0801367c   0x00000010   Code   RO         2061    i.rt_ringbuffer_reset  ringbuffer.o
    0x0801368c   0x0801368c   0x00000020   Code   RO         2062    i.rt_ringbuffer_status  ringbuffer.o
    0x080136ac   0x080136ac   0x00000018   Code   RO         2022    i.scheduler_init    scheduler.o
    0x080136c4   0x080136c4   0x0000003c   Code   RO         2023    i.scheduler_run     scheduler.o
    0x08013700   0x08013700   0x00000050   Code   RO         1965    i.uart1_task        myusart.o
    0x08013750   0x08013750   0x00000036   Code   RO         1967    i.uart_printf       myusart.o
    0x08013786   0x08013786   0x00000008   Data   RO         1267    .constdata          stm32f4xx_hal_dma.o
    0x0801378e   0x0801378e   0x00000010   Data   RO         1927    .constdata          system_stm32f4xx.o
    0x0801379e   0x0801379e   0x00000008   Data   RO         1928    .constdata          system_stm32f4xx.o
    0x080137a6   0x080137a6   0x00000002   PAD
    0x080137a8   0x080137a8   0x00000090   Data   RO         2146    .constdata          boot_port_app_stm32f407.o
    0x08013838   0x08013838   0x00000006   Data   RO         2224    .constdata          easy_bootloader_app.o
    0x0801383e   0x0801383e   0x00000002   PAD
    0x08013840   0x08013840   0x00000020   Data   RO         2382    Region$$Table       anon$$obj.o


    Execution Region RW_IRAM2 (Exec base: 0x10000000, Load base: 0x0801388c, Size: 0x00000000, Max: 0x00010000, ABSOLUTE)

    **** No section assigned to this execution region ****


    Execution Region RW_IRAM1 (Exec base: 0x20000000, Load base: 0x08013860, Size: 0x000008e0, Max: 0x00020000, ABSOLUTE)

    Exec Addr    Load Addr    Size         Type   Attr      Idx    E Section Name        Object

    0x20000000   0x08013860   0x0000000c   Data   RW         1694    .data               stm32f4xx_hal.o
    0x2000000c   0x0801386c   0x00000004   Data   RW         1929    .data               system_stm32f4xx.o
    0x20000010   0x08013870   0x0000001c   Data   RW         2024    .data               scheduler.o
    0x2000002c        -       0x00000148   Zero   RW          231    .bss                usart.o
    0x20000174        -       0x00000020   Zero   RW          966    .bss                stm32f4xx_hal_flash.o
    0x20000194        -       0x00000318   Zero   RW         1968    .bss                myusart.o
    0x200004ac        -       0x00000030   Zero   RW         2223    .bss                easy_bootloader_app.o
    0x200004dc   0x0801388c   0x00000004   PAD
    0x200004e0        -       0x00000400   Zero   RW            1    STACK               startup_stm32f407xx.o


==============================================================================

Image component sizes


      Code (inc. data)   RO Data    RW Data    ZI Data      Debug   Object Name

       370         36        144          0          0      37564   boot_port_app_stm32f407.o
        76          4          0          0          0        854   dma.o
      1450        548          6          0         48       9465   easy_bootloader_app.o
        44          6          0          0          0        835   gpio.o
       186         10          0          0          0     668573   main.o
       394         96          0          0        792       4403   myusart.o
       380          0          0          0          0       6768   ringbuffer.o
        84          8          0         28          0       1788   scheduler.o
        36          8        392          0       1024        852   startup_stm32f407xx.o
       144         24          0         12          0       8893   stm32f4xx_hal.o
       198         14          0          0          0      34055   stm32f4xx_hal_cortex.o
      1084         16          8          0          0       7510   stm32f4xx_hal_dma.o
       520         66          0          0         32       6786   stm32f4xx_hal_flash.o
       356         24          0          0          0       4090   stm32f4xx_hal_flash_ex.o
       496         46          0          0          0       1572   stm32f4xx_hal_gpio.o
        48          6          0          0          0        890   stm32f4xx_hal_msp.o
      1344         72          0          0          0       5348   stm32f4xx_hal_rcc.o
      2174         30          0          0          0      15960   stm32f4xx_hal_uart.o
        68         24          0          0          0       6298   stm32f4xx_it.o
        28          8         24          4          0       1279   system_stm32f4xx.o
       476         56          0          0        328       2793   usart.o

    ----------------------------------------------------------------------
      9980       1102        610         44       2228     826576   Object Totals
         0          0         32          0          0          0   (incl. Generated)
        24          0          4          0          4          0   (incl. Padding)

    ----------------------------------------------------------------------

      Code (inc. data)   RO Data    RW Data    ZI Data      Debug   Library Member Name

         0          0          0          0          0          0   entry.o
         0          0          0          0          0          0   entry10a.o
         0          0          0          0          0          0   entry11a.o
         8          4          0          0          0          0   entry2.o
         4          0          0          0          0          0   entry5.o
         0          0          0          0          0          0   entry7b.o
         0          0          0          0          0          0   entry8b.o
         8          4          0          0          0          0   entry9a.o
        30          0          0          0          0          0   handlers.o
        36          8          0          0          0         68   init.o
         0          0          0          0          0          0   iusefp.o
        30          0          0          0          0         68   llshl.o
        36          0          0          0          0         68   llsshr.o
        32          0          0          0          0         68   llushr.o
        64          0          0          0          0         76   memmovea.o
        36          0          0          0          0        108   memseta.o
      2292         84          0          0          0        516   printfa.o
        24          0          0          0          0         68   strcat.o
        18          0          0          0          0         68   strcpy.o
        14          0          0          0          0         68   strlen.o
        44          0          0          0          0         80   uidiv.o
        98          0          0          0          0         92   uldiv.o
        48          0          0          0          0         68   cdrcmple.o
       334          0          0          0          0        148   dadd.o
       222          0          0          0          0        100   ddiv.o
       186          0          0          0          0        176   depilogue.o
        48          0          0          0          0         68   dfixul.o
       228          0          0          0          0         96   dmul.o

    ----------------------------------------------------------------------
      3842        100          0          0          0       2004   Library Totals
         2          0          0          0          0          0   (incl. Padding)

    ----------------------------------------------------------------------

      Code (inc. data)   RO Data    RW Data    ZI Data      Debug   Library Name

      2774        100          0          0          0       1348   mc_w.l
      1066          0          0          0          0        656   mf_w.l

    ----------------------------------------------------------------------
      3842        100          0          0          0       2004   Library Totals

    ----------------------------------------------------------------------

==============================================================================


      Code (inc. data)   RO Data    RW Data    ZI Data      Debug   

     13822       1202        610         44       2228     817644   Grand Totals
     13822       1202        610         44       2228     817644   ELF Image Totals
     13822       1202        610         44          0          0   ROM Totals

==============================================================================

    Total RO  Size (Code + RO Data)                14432 (  14.09kB)
    Total RW  Size (RW Data + ZI Data)              2272 (   2.22kB)
    Total ROM Size (Code + RO Data + RW Data)      14476 (  14.14kB)

==============================================================================

